Archive member included to satisfy reference by file (symbol)

c:/tools/gcc7_2017-q4-major/bin/../lib/gcc/arm-none-eabi/7.2.1/../../../../arm-none-eabi/lib/thumb/v7e-m/fpv4-sp/hard\libc_nano.a(lib_a-exit.o)
                              c:/tools/gcc7_2017-q4-major/bin/../lib/gcc/arm-none-eabi/7.2.1/../../../../arm-none-eabi/lib/thumb/v7e-m/fpv4-sp/hard/crt0.o (exit)
c:/tools/gcc7_2017-q4-major/bin/../lib/gcc/arm-none-eabi/7.2.1/../../../../arm-none-eabi/lib/thumb/v7e-m/fpv4-sp/hard\libc_nano.a(lib_a-impure.o)
                              c:/tools/gcc7_2017-q4-major/bin/../lib/gcc/arm-none-eabi/7.2.1/../../../../arm-none-eabi/lib/thumb/v7e-m/fpv4-sp/hard\libc_nano.a(lib_a-exit.o) (_global_impure_ptr)
c:/tools/gcc7_2017-q4-major/bin/../lib/gcc/arm-none-eabi/7.2.1/../../../../arm-none-eabi/lib/thumb/v7e-m/fpv4-sp/hard\libc_nano.a(lib_a-init.o)
                              c:/tools/gcc7_2017-q4-major/bin/../lib/gcc/arm-none-eabi/7.2.1/../../../../arm-none-eabi/lib/thumb/v7e-m/fpv4-sp/hard/crt0.o (__libc_init_array)
c:/tools/gcc7_2017-q4-major/bin/../lib/gcc/arm-none-eabi/7.2.1/../../../../arm-none-eabi/lib/thumb/v7e-m/fpv4-sp/hard\libc_nano.a(lib_a-memcpy-stub.o)
                              build/queue.o (memcpy)
c:/tools/gcc7_2017-q4-major/bin/../lib/gcc/arm-none-eabi/7.2.1/../../../../arm-none-eabi/lib/thumb/v7e-m/fpv4-sp/hard\libc_nano.a(lib_a-memset.o)
                              c:/tools/gcc7_2017-q4-major/bin/../lib/gcc/arm-none-eabi/7.2.1/../../../../arm-none-eabi/lib/thumb/v7e-m/fpv4-sp/hard/crt0.o (memset)
c:/tools/gcc7_2017-q4-major/bin/../lib/gcc/arm-none-eabi/7.2.1/../../../../arm-none-eabi/lib/thumb/v7e-m/fpv4-sp/hard\libnosys.a(_exit.o)
                              c:/tools/gcc7_2017-q4-major/bin/../lib/gcc/arm-none-eabi/7.2.1/../../../../arm-none-eabi/lib/thumb/v7e-m/fpv4-sp/hard\libc_nano.a(lib_a-exit.o) (_exit)
c:/tools/gcc7_2017-q4-major/bin/../lib/gcc/arm-none-eabi/7.2.1/thumb/v7e-m/fpv4-sp/hard\libgcc.a(_arm_addsubdf3.o)
                              build/uart.o (__aeabi_ui2d)
c:/tools/gcc7_2017-q4-major/bin/../lib/gcc/arm-none-eabi/7.2.1/thumb/v7e-m/fpv4-sp/hard\libgcc.a(_arm_muldivdf3.o)
                              build/uart.o (__aeabi_dmul)
c:/tools/gcc7_2017-q4-major/bin/../lib/gcc/arm-none-eabi/7.2.1/thumb/v7e-m/fpv4-sp/hard\libgcc.a(_arm_truncdfsf2.o)
                              build/uart.o (__aeabi_d2f)

Allocating common symbols
Common symbol       size              file

xQueueRegistry      0x40              build/queue.o

Discarded input sections

 .text          0x00000000        0x0 c:/tools/gcc7_2017-q4-major/bin/../lib/gcc/arm-none-eabi/7.2.1/thumb/v7e-m/fpv4-sp/hard/crti.o
 .data          0x00000000        0x0 c:/tools/gcc7_2017-q4-major/bin/../lib/gcc/arm-none-eabi/7.2.1/thumb/v7e-m/fpv4-sp/hard/crti.o
 .bss           0x00000000        0x0 c:/tools/gcc7_2017-q4-major/bin/../lib/gcc/arm-none-eabi/7.2.1/thumb/v7e-m/fpv4-sp/hard/crti.o
 .data          0x00000000        0x4 c:/tools/gcc7_2017-q4-major/bin/../lib/gcc/arm-none-eabi/7.2.1/thumb/v7e-m/fpv4-sp/hard/crtbegin.o
 .text          0x00000000       0x74 c:/tools/gcc7_2017-q4-major/bin/../lib/gcc/arm-none-eabi/7.2.1/../../../../arm-none-eabi/lib/thumb/v7e-m/fpv4-sp/hard/crt0.o
 .data          0x00000000        0x0 c:/tools/gcc7_2017-q4-major/bin/../lib/gcc/arm-none-eabi/7.2.1/../../../../arm-none-eabi/lib/thumb/v7e-m/fpv4-sp/hard/crt0.o
 .bss           0x00000000        0x0 c:/tools/gcc7_2017-q4-major/bin/../lib/gcc/arm-none-eabi/7.2.1/../../../../arm-none-eabi/lib/thumb/v7e-m/fpv4-sp/hard/crt0.o
 .ARM.extab     0x00000000        0x0 c:/tools/gcc7_2017-q4-major/bin/../lib/gcc/arm-none-eabi/7.2.1/../../../../arm-none-eabi/lib/thumb/v7e-m/fpv4-sp/hard/crt0.o
 .ARM.exidx     0x00000000        0x8 c:/tools/gcc7_2017-q4-major/bin/../lib/gcc/arm-none-eabi/7.2.1/../../../../arm-none-eabi/lib/thumb/v7e-m/fpv4-sp/hard/crt0.o
 .ARM.attributes
                0x00000000       0x20 c:/tools/gcc7_2017-q4-major/bin/../lib/gcc/arm-none-eabi/7.2.1/../../../../arm-none-eabi/lib/thumb/v7e-m/fpv4-sp/hard/crt0.o
 .text          0x00000000        0x0 build/main.o
 .data          0x00000000        0x0 build/main.o
 .bss           0x00000000        0x0 build/main.o
 .bss.pxTask    0x00000000        0x4 build/main.o
 .bss.pxTask_receive
                0x00000000        0x4 build/main.o
 .text          0x00000000        0x0 build/stm32f4xx_it.o
 .data          0x00000000        0x0 build/stm32f4xx_it.o
 .bss           0x00000000        0x0 build/stm32f4xx_it.o
 .text          0x00000000        0x0 build/gpio.o
 .data          0x00000000        0x0 build/gpio.o
 .bss           0x00000000        0x0 build/gpio.o
 .text.led_on   0x00000000        0x4 build/gpio.o
 .text.led_off  0x00000000        0x6 build/gpio.o
 .text          0x00000000        0x0 build/clock.o
 .data          0x00000000        0x0 build/clock.o
 .bss           0x00000000        0x0 build/clock.o
 .text          0x00000000        0x0 build/uart.o
 .data          0x00000000        0x0 build/uart.o
 .bss           0x00000000        0x0 build/uart.o
 .text.usart_send_byte
                0x00000000       0x20 build/uart.o
 .text.usart_send_string
                0x00000000       0x16 build/uart.o
 .text.uart_pin_init
                0x00000000       0x64 build/uart.o
 .text.uart_init
                0x00000000       0x9c build/uart.o
 .text.usart_dma_en
                0x00000000       0x10 build/uart.o
 .debug_info    0x00000000      0x1c9 build/uart.o
 .debug_abbrev  0x00000000       0xef build/uart.o
 .debug_loc     0x00000000      0x310 build/uart.o
 .debug_aranges
                0x00000000       0x40 build/uart.o
 .debug_ranges  0x00000000       0x30 build/uart.o
 .debug_line    0x00000000      0x117 build/uart.o
 .debug_str     0x00000000      0x20e build/uart.o
 .comment       0x00000000       0x7f build/uart.o
 .debug_frame   0x00000000       0x94 build/uart.o
 .ARM.attributes
                0x00000000       0x39 build/uart.o
 .text          0x00000000        0x0 build/heap_4.o
 .data          0x00000000        0x0 build/heap_4.o
 .bss           0x00000000        0x0 build/heap_4.o
 .text.xPortGetFreeHeapSize
                0x00000000        0xc build/heap_4.o
 .text.xPortGetMinimumEverFreeHeapSize
                0x00000000        0xc build/heap_4.o
 .text.vPortInitialiseBlocks
                0x00000000        0x2 build/heap_4.o
 .text          0x00000000        0x0 build/port.o
 .data          0x00000000        0x0 build/port.o
 .bss           0x00000000        0x0 build/port.o
 .text.vPortEndScheduler
                0x00000000       0x24 build/port.o
 .text          0x00000000        0x0 build/croutine.o
 .data          0x00000000        0x0 build/croutine.o
 .bss           0x00000000        0x0 build/croutine.o
 .debug_info    0x00000000       0x72 build/croutine.o
 .debug_abbrev  0x00000000       0x26 build/croutine.o
 .debug_aranges
                0x00000000       0x18 build/croutine.o
 .debug_line    0x00000000       0x1d build/croutine.o
 .debug_str     0x00000000      0x1a7 build/croutine.o
 .comment       0x00000000       0x7f build/croutine.o
 .ARM.attributes
                0x00000000       0x39 build/croutine.o
 .text          0x00000000        0x0 build/event_groups.o
 .data          0x00000000        0x0 build/event_groups.o
 .bss           0x00000000        0x0 build/event_groups.o
 .text.prvTestWaitCondition
                0x00000000       0x1c build/event_groups.o
 .text.xEventGroupCreate
                0x00000000       0x1a build/event_groups.o
 .text.xEventGroupWaitBits
                0x00000000      0x10c build/event_groups.o
 .text.xEventGroupClearBits
                0x00000000       0x46 build/event_groups.o
 .text.xEventGroupGetBitsFromISR
                0x00000000       0x1c build/event_groups.o
 .text.xEventGroupSetBits
                0x00000000       0x8c build/event_groups.o
 .text.xEventGroupSync
                0x00000000       0xd4 build/event_groups.o
 .text.vEventGroupDelete
                0x00000000       0x3e build/event_groups.o
 .text.vEventGroupSetBitsCallback
                0x00000000        0x8 build/event_groups.o
 .text.vEventGroupClearBitsCallback
                0x00000000        0x8 build/event_groups.o
 .text.uxEventGroupGetNumber
                0x00000000        0xa build/event_groups.o
 .text.vEventGroupSetNumber
                0x00000000        0x4 build/event_groups.o
 .debug_info    0x00000000     0x14b0 build/event_groups.o
 .debug_abbrev  0x00000000      0x374 build/event_groups.o
 .debug_loc     0x00000000      0x887 build/event_groups.o
 .debug_aranges
                0x00000000       0x78 build/event_groups.o
 .debug_ranges  0x00000000       0x88 build/event_groups.o
 .debug_line    0x00000000      0x410 build/event_groups.o
 .debug_str     0x00000000      0xa83 build/event_groups.o
 .comment       0x00000000       0x7f build/event_groups.o
 .debug_frame   0x00000000      0x15c build/event_groups.o
 .ARM.attributes
                0x00000000       0x39 build/event_groups.o
 .text          0x00000000        0x0 build/list.o
 .data          0x00000000        0x0 build/list.o
 .bss           0x00000000        0x0 build/list.o
 .text          0x00000000        0x0 build/queue.o
 .data          0x00000000        0x0 build/queue.o
 .bss           0x00000000        0x0 build/queue.o
 .text.xQueueCreateCountingSemaphore
                0x00000000       0x40 build/queue.o
 .text.prvInitialiseMutex
                0x00000000       0x18 build/queue.o
 .text.xQueueCreateMutex
                0x00000000       0x16 build/queue.o
 .text.xQueueGiveMutexRecursive
                0x00000000       0x40 build/queue.o
 .text.xQueueGiveFromISR
                0x00000000       0xb2 build/queue.o
 .text.xQueueTakeMutexRecursive
                0x00000000       0x44 build/queue.o
 .text.xQueuePeek
                0x00000000      0x158 build/queue.o
 .text.xQueueReceiveFromISR
                0x00000000       0xaa build/queue.o
 .text.xQueuePeekFromISR
                0x00000000       0x7c build/queue.o
 .text.uxQueueMessagesWaiting
                0x00000000       0x26 build/queue.o
 .text.uxQueueSpacesAvailable
                0x00000000       0x2a build/queue.o
 .text.uxQueueMessagesWaitingFromISR
                0x00000000       0x18 build/queue.o
 .text.uxQueueGetQueueNumber
                0x00000000        0x4 build/queue.o
 .text.vQueueSetQueueNumber
                0x00000000        0x4 build/queue.o
 .text.ucQueueGetQueueType
                0x00000000        0x6 build/queue.o
 .text.xQueueIsQueueEmptyFromISR
                0x00000000       0x20 build/queue.o
 .text.xQueueIsQueueFullFromISR
                0x00000000       0x24 build/queue.o
 .text.pcQueueGetName
                0x00000000       0x28 build/queue.o
 .text.vQueueUnregisterQueue
                0x00000000       0x2c build/queue.o
 .text.vQueueDelete
                0x00000000       0x24 build/queue.o
 .text          0x00000000        0x0 build/tasks.o
 .data          0x00000000        0x0 build/tasks.o
 .bss           0x00000000        0x0 build/tasks.o
 .text.prvTaskIsTaskSuspended
                0x00000000       0x40 build/tasks.o
 .text.prvTaskCheckFreeStackSpace
                0x00000000       0x14 build/tasks.o
 .text.vTaskDelete
                0x00000000       0xe0 build/tasks.o
 .text.eTaskGetState
                0x00000000       0x80 build/tasks.o
 .text.uxTaskPriorityGet
                0x00000000       0x20 build/tasks.o
 .text.uxTaskPriorityGetFromISR
                0x00000000       0x30 build/tasks.o
 .text.vTaskPrioritySet
                0x00000000       0xdc build/tasks.o
 .text.vTaskResume
                0x00000000       0x84 build/tasks.o
 .text.xTaskResumeFromISR
                0x00000000       0xa4 build/tasks.o
 .text.vTaskEndScheduler
                0x00000000       0x24 build/tasks.o
 .text.xTaskGetTickCountFromISR
                0x00000000       0x10 build/tasks.o
 .text.uxTaskGetNumberOfTasks
                0x00000000        0xc build/tasks.o
 .text.pcTaskGetName
                0x00000000       0x28 build/tasks.o
 .text.vTaskDelayUntil
                0x00000000       0xa4 build/tasks.o
 .text.vTaskSuspend
                0x00000000       0xec build/tasks.o
 .text.vTaskPlaceOnUnorderedEventList
                0x00000000       0x5c build/tasks.o
 .text.vTaskRemoveFromUnorderedEventList
                0x00000000       0x88 build/tasks.o
 .text.vTaskSetTimeOutState
                0x00000000       0x38 build/tasks.o
 .text.uxTaskGetTaskNumber
                0x00000000        0xa build/tasks.o
 .text.vTaskSetTaskNumber
                0x00000000        0x6 build/tasks.o
 .text.vTaskGetInfo
                0x00000000       0x78 build/tasks.o
 .text.prvListTasksWithinSingleList
                0x00000000       0x60 build/tasks.o
 .text.uxTaskGetSystemState
                0x00000000       0xb0 build/tasks.o
 .text.xTaskGetCurrentTaskHandle
                0x00000000        0xc build/tasks.o
 .text.uxTaskResetEventItemValue
                0x00000000       0x18 build/tasks.o
 .text.ulTaskNotifyTake
                0x00000000       0x78 build/tasks.o
 .text.xTaskNotifyWait
                0x00000000       0x98 build/tasks.o
 .text.xTaskGenericNotify
                0x00000000       0xe0 build/tasks.o
 .text.xTaskGenericNotifyFromISR
                0x00000000      0x120 build/tasks.o
 .text.vTaskNotifyGiveFromISR
                0x00000000       0xd0 build/tasks.o
 .text.xTaskNotifyStateClear
                0x00000000       0x34 build/tasks.o
 .text          0x00000000        0x0 build/timers.o
 .data          0x00000000        0x0 build/timers.o
 .bss           0x00000000        0x0 build/timers.o
 .text.prvInitialiseNewTimer
                0x00000000       0x40 build/timers.o
 .text.xTimerCreate
                0x00000000       0x32 build/timers.o
 .text.xTimerGetTimerDaemonTaskHandle
                0x00000000       0x20 build/timers.o
 .text.xTimerGetPeriod
                0x00000000       0x18 build/timers.o
 .text.xTimerGetExpiryTime
                0x00000000       0x18 build/timers.o
 .text.pcTimerGetName
                0x00000000       0x18 build/timers.o
 .text.xTimerIsTimerActive
                0x00000000       0x2c build/timers.o
 .text.pvTimerGetTimerID
                0x00000000       0x26 build/timers.o
 .text.vTimerSetTimerID
                0x00000000       0x26 build/timers.o
 .text.uxTimerGetTimerNumber
                0x00000000        0x4 build/timers.o
 .text.vTimerSetTimerNumber
                0x00000000        0x4 build/timers.o
 .text          0x00000000       0x14 build/startup_stm32f411xe.o
 .data          0x00000000        0x0 build/startup_stm32f411xe.o
 .bss           0x00000000        0x0 build/startup_stm32f411xe.o
 .text          0x00000000        0x0 c:/tools/gcc7_2017-q4-major/bin/../lib/gcc/arm-none-eabi/7.2.1/../../../../arm-none-eabi/lib/thumb/v7e-m/fpv4-sp/hard\libc_nano.a(lib_a-exit.o)
 .data          0x00000000        0x0 c:/tools/gcc7_2017-q4-major/bin/../lib/gcc/arm-none-eabi/7.2.1/../../../../arm-none-eabi/lib/thumb/v7e-m/fpv4-sp/hard\libc_nano.a(lib_a-exit.o)
 .bss           0x00000000        0x0 c:/tools/gcc7_2017-q4-major/bin/../lib/gcc/arm-none-eabi/7.2.1/../../../../arm-none-eabi/lib/thumb/v7e-m/fpv4-sp/hard\libc_nano.a(lib_a-exit.o)
 .text.exit     0x00000000       0x28 c:/tools/gcc7_2017-q4-major/bin/../lib/gcc/arm-none-eabi/7.2.1/../../../../arm-none-eabi/lib/thumb/v7e-m/fpv4-sp/hard\libc_nano.a(lib_a-exit.o)
 .debug_frame   0x00000000       0x28 c:/tools/gcc7_2017-q4-major/bin/../lib/gcc/arm-none-eabi/7.2.1/../../../../arm-none-eabi/lib/thumb/v7e-m/fpv4-sp/hard\libc_nano.a(lib_a-exit.o)
 .ARM.attributes
                0x00000000       0x34 c:/tools/gcc7_2017-q4-major/bin/../lib/gcc/arm-none-eabi/7.2.1/../../../../arm-none-eabi/lib/thumb/v7e-m/fpv4-sp/hard\libc_nano.a(lib_a-exit.o)
 .text          0x00000000        0x0 c:/tools/gcc7_2017-q4-major/bin/../lib/gcc/arm-none-eabi/7.2.1/../../../../arm-none-eabi/lib/thumb/v7e-m/fpv4-sp/hard\libc_nano.a(lib_a-impure.o)
 .data          0x00000000        0x0 c:/tools/gcc7_2017-q4-major/bin/../lib/gcc/arm-none-eabi/7.2.1/../../../../arm-none-eabi/lib/thumb/v7e-m/fpv4-sp/hard\libc_nano.a(lib_a-impure.o)
 .bss           0x00000000        0x0 c:/tools/gcc7_2017-q4-major/bin/../lib/gcc/arm-none-eabi/7.2.1/../../../../arm-none-eabi/lib/thumb/v7e-m/fpv4-sp/hard\libc_nano.a(lib_a-impure.o)
 .data._impure_ptr
                0x00000000        0x4 c:/tools/gcc7_2017-q4-major/bin/../lib/gcc/arm-none-eabi/7.2.1/../../../../arm-none-eabi/lib/thumb/v7e-m/fpv4-sp/hard\libc_nano.a(lib_a-impure.o)
 .data.impure_data
                0x00000000       0x60 c:/tools/gcc7_2017-q4-major/bin/../lib/gcc/arm-none-eabi/7.2.1/../../../../arm-none-eabi/lib/thumb/v7e-m/fpv4-sp/hard\libc_nano.a(lib_a-impure.o)
 .rodata._global_impure_ptr
                0x00000000        0x4 c:/tools/gcc7_2017-q4-major/bin/../lib/gcc/arm-none-eabi/7.2.1/../../../../arm-none-eabi/lib/thumb/v7e-m/fpv4-sp/hard\libc_nano.a(lib_a-impure.o)
 .ARM.attributes
                0x00000000       0x34 c:/tools/gcc7_2017-q4-major/bin/../lib/gcc/arm-none-eabi/7.2.1/../../../../arm-none-eabi/lib/thumb/v7e-m/fpv4-sp/hard\libc_nano.a(lib_a-impure.o)
 .text          0x00000000        0x0 c:/tools/gcc7_2017-q4-major/bin/../lib/gcc/arm-none-eabi/7.2.1/../../../../arm-none-eabi/lib/thumb/v7e-m/fpv4-sp/hard\libc_nano.a(lib_a-init.o)
 .data          0x00000000        0x0 c:/tools/gcc7_2017-q4-major/bin/../lib/gcc/arm-none-eabi/7.2.1/../../../../arm-none-eabi/lib/thumb/v7e-m/fpv4-sp/hard\libc_nano.a(lib_a-init.o)
 .bss           0x00000000        0x0 c:/tools/gcc7_2017-q4-major/bin/../lib/gcc/arm-none-eabi/7.2.1/../../../../arm-none-eabi/lib/thumb/v7e-m/fpv4-sp/hard\libc_nano.a(lib_a-init.o)
 .text          0x00000000        0x0 c:/tools/gcc7_2017-q4-major/bin/../lib/gcc/arm-none-eabi/7.2.1/../../../../arm-none-eabi/lib/thumb/v7e-m/fpv4-sp/hard\libc_nano.a(lib_a-memcpy-stub.o)
 .data          0x00000000        0x0 c:/tools/gcc7_2017-q4-major/bin/../lib/gcc/arm-none-eabi/7.2.1/../../../../arm-none-eabi/lib/thumb/v7e-m/fpv4-sp/hard\libc_nano.a(lib_a-memcpy-stub.o)
 .bss           0x00000000        0x0 c:/tools/gcc7_2017-q4-major/bin/../lib/gcc/arm-none-eabi/7.2.1/../../../../arm-none-eabi/lib/thumb/v7e-m/fpv4-sp/hard\libc_nano.a(lib_a-memcpy-stub.o)
 .text          0x00000000        0x0 c:/tools/gcc7_2017-q4-major/bin/../lib/gcc/arm-none-eabi/7.2.1/../../../../arm-none-eabi/lib/thumb/v7e-m/fpv4-sp/hard\libc_nano.a(lib_a-memset.o)
 .data          0x00000000        0x0 c:/tools/gcc7_2017-q4-major/bin/../lib/gcc/arm-none-eabi/7.2.1/../../../../arm-none-eabi/lib/thumb/v7e-m/fpv4-sp/hard\libc_nano.a(lib_a-memset.o)
 .bss           0x00000000        0x0 c:/tools/gcc7_2017-q4-major/bin/../lib/gcc/arm-none-eabi/7.2.1/../../../../arm-none-eabi/lib/thumb/v7e-m/fpv4-sp/hard\libc_nano.a(lib_a-memset.o)
 .text          0x00000000        0x0 c:/tools/gcc7_2017-q4-major/bin/../lib/gcc/arm-none-eabi/7.2.1/../../../../arm-none-eabi/lib/thumb/v7e-m/fpv4-sp/hard\libnosys.a(_exit.o)
 .data          0x00000000        0x0 c:/tools/gcc7_2017-q4-major/bin/../lib/gcc/arm-none-eabi/7.2.1/../../../../arm-none-eabi/lib/thumb/v7e-m/fpv4-sp/hard\libnosys.a(_exit.o)
 .bss           0x00000000        0x0 c:/tools/gcc7_2017-q4-major/bin/../lib/gcc/arm-none-eabi/7.2.1/../../../../arm-none-eabi/lib/thumb/v7e-m/fpv4-sp/hard\libnosys.a(_exit.o)
 .text._exit    0x00000000        0x4 c:/tools/gcc7_2017-q4-major/bin/../lib/gcc/arm-none-eabi/7.2.1/../../../../arm-none-eabi/lib/thumb/v7e-m/fpv4-sp/hard\libnosys.a(_exit.o)
 .debug_frame   0x00000000       0x20 c:/tools/gcc7_2017-q4-major/bin/../lib/gcc/arm-none-eabi/7.2.1/../../../../arm-none-eabi/lib/thumb/v7e-m/fpv4-sp/hard\libnosys.a(_exit.o)
 .ARM.attributes
                0x00000000       0x34 c:/tools/gcc7_2017-q4-major/bin/../lib/gcc/arm-none-eabi/7.2.1/../../../../arm-none-eabi/lib/thumb/v7e-m/fpv4-sp/hard\libnosys.a(_exit.o)
 .text          0x00000000      0x378 c:/tools/gcc7_2017-q4-major/bin/../lib/gcc/arm-none-eabi/7.2.1/thumb/v7e-m/fpv4-sp/hard\libgcc.a(_arm_addsubdf3.o)
 .data          0x00000000        0x0 c:/tools/gcc7_2017-q4-major/bin/../lib/gcc/arm-none-eabi/7.2.1/thumb/v7e-m/fpv4-sp/hard\libgcc.a(_arm_addsubdf3.o)
 .bss           0x00000000        0x0 c:/tools/gcc7_2017-q4-major/bin/../lib/gcc/arm-none-eabi/7.2.1/thumb/v7e-m/fpv4-sp/hard\libgcc.a(_arm_addsubdf3.o)
 .debug_frame   0x00000000       0xac c:/tools/gcc7_2017-q4-major/bin/../lib/gcc/arm-none-eabi/7.2.1/thumb/v7e-m/fpv4-sp/hard\libgcc.a(_arm_addsubdf3.o)
 .ARM.attributes
                0x00000000       0x22 c:/tools/gcc7_2017-q4-major/bin/../lib/gcc/arm-none-eabi/7.2.1/thumb/v7e-m/fpv4-sp/hard\libgcc.a(_arm_addsubdf3.o)
 .text          0x00000000      0x424 c:/tools/gcc7_2017-q4-major/bin/../lib/gcc/arm-none-eabi/7.2.1/thumb/v7e-m/fpv4-sp/hard\libgcc.a(_arm_muldivdf3.o)
 .data          0x00000000        0x0 c:/tools/gcc7_2017-q4-major/bin/../lib/gcc/arm-none-eabi/7.2.1/thumb/v7e-m/fpv4-sp/hard\libgcc.a(_arm_muldivdf3.o)
 .bss           0x00000000        0x0 c:/tools/gcc7_2017-q4-major/bin/../lib/gcc/arm-none-eabi/7.2.1/thumb/v7e-m/fpv4-sp/hard\libgcc.a(_arm_muldivdf3.o)
 .debug_frame   0x00000000       0x50 c:/tools/gcc7_2017-q4-major/bin/../lib/gcc/arm-none-eabi/7.2.1/thumb/v7e-m/fpv4-sp/hard\libgcc.a(_arm_muldivdf3.o)
 .ARM.attributes
                0x00000000       0x22 c:/tools/gcc7_2017-q4-major/bin/../lib/gcc/arm-none-eabi/7.2.1/thumb/v7e-m/fpv4-sp/hard\libgcc.a(_arm_muldivdf3.o)
 .text          0x00000000       0xa0 c:/tools/gcc7_2017-q4-major/bin/../lib/gcc/arm-none-eabi/7.2.1/thumb/v7e-m/fpv4-sp/hard\libgcc.a(_arm_truncdfsf2.o)
 .data          0x00000000        0x0 c:/tools/gcc7_2017-q4-major/bin/../lib/gcc/arm-none-eabi/7.2.1/thumb/v7e-m/fpv4-sp/hard\libgcc.a(_arm_truncdfsf2.o)
 .bss           0x00000000        0x0 c:/tools/gcc7_2017-q4-major/bin/../lib/gcc/arm-none-eabi/7.2.1/thumb/v7e-m/fpv4-sp/hard\libgcc.a(_arm_truncdfsf2.o)
 .debug_frame   0x00000000       0x24 c:/tools/gcc7_2017-q4-major/bin/../lib/gcc/arm-none-eabi/7.2.1/thumb/v7e-m/fpv4-sp/hard\libgcc.a(_arm_truncdfsf2.o)
 .ARM.attributes
                0x00000000       0x22 c:/tools/gcc7_2017-q4-major/bin/../lib/gcc/arm-none-eabi/7.2.1/thumb/v7e-m/fpv4-sp/hard\libgcc.a(_arm_truncdfsf2.o)
 .text          0x00000000        0x0 c:/tools/gcc7_2017-q4-major/bin/../lib/gcc/arm-none-eabi/7.2.1/thumb/v7e-m/fpv4-sp/hard/crtend.o
 .data          0x00000000        0x0 c:/tools/gcc7_2017-q4-major/bin/../lib/gcc/arm-none-eabi/7.2.1/thumb/v7e-m/fpv4-sp/hard/crtend.o
 .bss           0x00000000        0x0 c:/tools/gcc7_2017-q4-major/bin/../lib/gcc/arm-none-eabi/7.2.1/thumb/v7e-m/fpv4-sp/hard/crtend.o
 .eh_frame      0x00000000        0x4 c:/tools/gcc7_2017-q4-major/bin/../lib/gcc/arm-none-eabi/7.2.1/thumb/v7e-m/fpv4-sp/hard/crtend.o
 .ARM.attributes
                0x00000000       0x34 c:/tools/gcc7_2017-q4-major/bin/../lib/gcc/arm-none-eabi/7.2.1/thumb/v7e-m/fpv4-sp/hard/crtend.o
 .text          0x00000000        0x0 c:/tools/gcc7_2017-q4-major/bin/../lib/gcc/arm-none-eabi/7.2.1/thumb/v7e-m/fpv4-sp/hard/crtn.o
 .data          0x00000000        0x0 c:/tools/gcc7_2017-q4-major/bin/../lib/gcc/arm-none-eabi/7.2.1/thumb/v7e-m/fpv4-sp/hard/crtn.o
 .bss           0x00000000        0x0 c:/tools/gcc7_2017-q4-major/bin/../lib/gcc/arm-none-eabi/7.2.1/thumb/v7e-m/fpv4-sp/hard/crtn.o

Memory Configuration

Name             Origin             Length             Attributes
RAM              0x20000000         0x00020000         xrw
FLASH            0x08000000         0x00080000         xr
*default*        0x00000000         0xffffffff

Linker script and memory map

LOAD c:/tools/gcc7_2017-q4-major/bin/../lib/gcc/arm-none-eabi/7.2.1/thumb/v7e-m/fpv4-sp/hard/crti.o
LOAD c:/tools/gcc7_2017-q4-major/bin/../lib/gcc/arm-none-eabi/7.2.1/thumb/v7e-m/fpv4-sp/hard/crtbegin.o
LOAD c:/tools/gcc7_2017-q4-major/bin/../lib/gcc/arm-none-eabi/7.2.1/../../../../arm-none-eabi/lib/thumb/v7e-m/fpv4-sp/hard/crt0.o
LOAD build/main.o
LOAD build/stm32f4xx_it.o
LOAD build/gpio.o
LOAD build/clock.o
LOAD build/uart.o
LOAD build/heap_4.o
LOAD build/port.o
LOAD build/croutine.o
LOAD build/event_groups.o
LOAD build/list.o
LOAD build/queue.o
LOAD build/tasks.o
LOAD build/timers.o
LOAD build/startup_stm32f411xe.o
LOAD c:/tools/gcc7_2017-q4-major/bin/../lib/gcc/arm-none-eabi/7.2.1/../../../../arm-none-eabi/lib/thumb/v7e-m/fpv4-sp/hard\libc_nano.a
LOAD c:/tools/gcc7_2017-q4-major/bin/../lib/gcc/arm-none-eabi/7.2.1/../../../../arm-none-eabi/lib/thumb/v7e-m/fpv4-sp/hard\libm.a
LOAD c:/tools/gcc7_2017-q4-major/bin/../lib/gcc/arm-none-eabi/7.2.1/../../../../arm-none-eabi/lib/thumb/v7e-m/fpv4-sp/hard\libnosys.a
START GROUP
LOAD c:/tools/gcc7_2017-q4-major/bin/../lib/gcc/arm-none-eabi/7.2.1/thumb/v7e-m/fpv4-sp/hard\libgcc.a
LOAD c:/tools/gcc7_2017-q4-major/bin/../lib/gcc/arm-none-eabi/7.2.1/../../../../arm-none-eabi/lib/thumb/v7e-m/fpv4-sp/hard\libc_nano.a
END GROUP
START GROUP
LOAD c:/tools/gcc7_2017-q4-major/bin/../lib/gcc/arm-none-eabi/7.2.1/thumb/v7e-m/fpv4-sp/hard\libgcc.a
LOAD c:/tools/gcc7_2017-q4-major/bin/../lib/gcc/arm-none-eabi/7.2.1/../../../../arm-none-eabi/lib/thumb/v7e-m/fpv4-sp/hard\libc_nano.a
END GROUP
LOAD c:/tools/gcc7_2017-q4-major/bin/../lib/gcc/arm-none-eabi/7.2.1/thumb/v7e-m/fpv4-sp/hard/crtend.o
LOAD c:/tools/gcc7_2017-q4-major/bin/../lib/gcc/arm-none-eabi/7.2.1/thumb/v7e-m/fpv4-sp/hard/crtn.o
                0x20020000                _estack = 0x20020000
                0x00000200                _Min_Heap_Size = 0x200
                0x00000400                _Min_Stack_Size = 0x400

.isr_vector     0x08000000      0x198
                0x08000000                . = ALIGN (0x4)
 *(.isr_vector)
 .isr_vector    0x08000000      0x198 build/startup_stm32f411xe.o
                0x08000000                g_pfnVectors
                0x08000198                . = ALIGN (0x4)

.text           0x080001a0     0x2290
                0x080001a0                . = ALIGN (0x4)
 *(.text)
 .text          0x080001a0       0x40 c:/tools/gcc7_2017-q4-major/bin/../lib/gcc/arm-none-eabi/7.2.1/thumb/v7e-m/fpv4-sp/hard/crtbegin.o
 *(.text*)
 .text.lowerTaskAsPeriodic
                0x080001e0       0x1c build/main.o
                0x080001e0                lowerTaskAsPeriodic
 .text.midleTaskAsDeferTask
                0x080001fc       0x24 build/main.o
                0x080001fc                midleTaskAsDeferTask
 .text.highTaskAsInterrupt
                0x08000220       0x20 build/main.o
                0x08000220                highTaskAsInterrupt
 .text.vApplicationIdleHook
                0x08000240        0x2 build/main.o
                0x08000240                vApplicationIdleHook
 .text.vApplicationStackOverflowHook
                0x08000242        0x2 build/main.o
                0x08000242                vApplicationStackOverflowHook
 .text.vApplicationMallocFailedHook
                0x08000244        0x2 build/main.o
                0x08000244                vApplicationMallocFailedHook
 *fill*         0x08000246        0x2 
 .text.rcc_enableclk
                0x08000248       0x10 build/main.o
                0x08000248                rcc_enableclk
 .text.init_interrupt
                0x08000258       0x30 build/main.o
                0x08000258                init_interrupt
 .text.config_pin
                0x08000288       0x40 build/main.o
                0x08000288                config_pin
 .text.main     0x080002c8       0x94 build/main.o
                0x080002c8                main
 .text.USART1_IRQHandler
                0x0800035c        0x2 build/stm32f4xx_it.o
                0x0800035c                USART1_IRQHandler
 .text.NMI_Handler
                0x0800035e        0x2 build/stm32f4xx_it.o
                0x0800035e                NMI_Handler
 .text.HardFault_Handler
                0x08000360        0x2 build/stm32f4xx_it.o
                0x08000360                HardFault_Handler
 .text.MemManage_Handler
                0x08000362        0x2 build/stm32f4xx_it.o
                0x08000362                MemManage_Handler
 .text.BusFault_Handler
                0x08000364        0x2 build/stm32f4xx_it.o
                0x08000364                BusFault_Handler
 .text.UsageFault_Handler
                0x08000366        0x2 build/stm32f4xx_it.o
                0x08000366                UsageFault_Handler
 .text.DebugMon_Handler
                0x08000368        0x2 build/stm32f4xx_it.o
                0x08000368                DebugMon_Handler
 .text.mNVIC_SetPriority
                0x0800036a       0x1e build/stm32f4xx_it.o
                0x0800036a                mNVIC_SetPriority
 .text.mNVIC_EnableIRQ
                0x08000388       0x1a build/stm32f4xx_it.o
                0x08000388                mNVIC_EnableIRQ
 .text.init_pin
                0x080003a2       0x84 build/gpio.o
                0x080003a2                init_pin
 .text.GPIO_TongglePin
                0x08000426        0x8 build/gpio.o
                0x08000426                GPIO_TongglePin
 *fill*         0x0800042e        0x2 
 .text.system_init
                0x08000430      0x1d4 build/clock.o
                0x08000430                system_init
 .text.prvHeapInit
                0x08000604       0x64 build/heap_4.o
 .text.prvInsertBlockIntoFreeList
                0x08000668       0x58 build/heap_4.o
 .text.pvPortMalloc
                0x080006c0      0x11c build/heap_4.o
                0x080006c0                pvPortMalloc
 .text.vPortFree
                0x080007dc       0x70 build/heap_4.o
                0x080007dc                vPortFree
 .text.prvTaskExitError
                0x0800084c       0x40 build/port.o
 .text.prvPortStartFirstTask
                0x0800088c       0x28 build/port.o
 .text.vPortEnableVFP
                0x080008b4       0x14 build/port.o
 .text.pxPortInitialiseStack
                0x080008c8       0x2c build/port.o
                0x080008c8                pxPortInitialiseStack
 *fill*         0x080008f4        0xc 
 .text.SVC_Handler
                0x08000900       0x24 build/port.o
                0x08000900                SVC_Handler
 .text.vPortEnterCritical
                0x08000924       0x44 build/port.o
                0x08000924                vPortEnterCritical
 .text.vPortExitCritical
                0x08000968       0x2c build/port.o
                0x08000968                vPortExitCritical
 *fill*         0x08000994        0xc 
 .text.PendSV_Handler
                0x080009a0       0x64 build/port.o
                0x080009a0                PendSV_Handler
 .text.SysTick_Handler
                0x08000a04       0x2c build/port.o
                0x08000a04                SysTick_Handler
 .text.vPortSetupTimerInterrupt
                0x08000a30       0x28 build/port.o
                0x08000a30                vPortSetupTimerInterrupt
 .text.xPortStartScheduler
                0x08000a58      0x110 build/port.o
                0x08000a58                xPortStartScheduler
 .text.vPortValidateInterruptPriority
                0x08000b68       0x5c build/port.o
                0x08000b68                vPortValidateInterruptPriority
 .text.vListInitialise
                0x08000bc4       0x16 build/list.o
                0x08000bc4                vListInitialise
 .text.vListInitialiseItem
                0x08000bda        0x6 build/list.o
                0x08000bda                vListInitialiseItem
 .text.vListInsertEnd
                0x08000be0       0x18 build/list.o
                0x08000be0                vListInsertEnd
 .text.vListInsert
                0x08000bf8       0x34 build/list.o
                0x08000bf8                vListInsert
 .text.uxListRemove
                0x08000c2c       0x28 build/list.o
                0x08000c2c                uxListRemove
 .text.prvGetDisinheritPriorityAfterTimeout
                0x08000c54       0x12 build/queue.o
 .text.prvIsQueueFull
                0x08000c66       0x1e build/queue.o
 .text.prvIsQueueEmpty
                0x08000c84       0x1a build/queue.o
 .text.prvCopyDataToQueue
                0x08000c9e       0x76 build/queue.o
 .text.prvCopyDataFromQueue
                0x08000d14       0x24 build/queue.o
 .text.prvUnlockQueue
                0x08000d38       0x6e build/queue.o
 *fill*         0x08000da6        0x2 
 .text.xQueueGenericReset
                0x08000da8       0x84 build/queue.o
                0x08000da8                xQueueGenericReset
 .text.prvInitialiseNewQueue
                0x08000e2c       0x22 build/queue.o
 .text.xQueueGenericCreate
                0x08000e4e       0x48 build/queue.o
                0x08000e4e                xQueueGenericCreate
 *fill*         0x08000e96        0x2 
 .text.xQueueGenericSend
                0x08000e98      0x17c build/queue.o
                0x08000e98                xQueueGenericSend
 .text.xQueueGenericSendFromISR
                0x08001014       0xcc build/queue.o
                0x08001014                xQueueGenericSendFromISR
 .text.xQueueReceive
                0x080010e0      0x158 build/queue.o
                0x080010e0                xQueueReceive
 .text.xQueueSemaphoreTake
                0x08001238      0x19c build/queue.o
                0x08001238                xQueueSemaphoreTake
 .text.vQueueAddToRegistry
                0x080013d4       0x28 build/queue.o
                0x080013d4                vQueueAddToRegistry
 .text.vQueueWaitForMessageRestricted
                0x080013fc       0x52 build/queue.o
                0x080013fc                vQueueWaitForMessageRestricted
 *fill*         0x0800144e        0x2 
 .text.prvResetNextTaskUnblockTime
                0x08001450       0x2c build/tasks.o
 .text.prvDeleteTCB
                0x0800147c       0x12 build/tasks.o
 .text.prvInitialiseNewTask
                0x0800148e       0x90 build/tasks.o
 *fill*         0x0800151e        0x2 
 .text.prvInitialiseTaskLists
                0x08001520       0x68 build/tasks.o
 .text.prvAddNewTaskToReadyList
                0x08001588       0xac build/tasks.o
 .text.prvCheckTasksWaitingTermination
                0x08001634       0x4c build/tasks.o
 .text.prvAddCurrentTaskToDelayedList
                0x08001680       0x98 build/tasks.o
 .text.prvIdleTask
                0x08001718       0x30 build/tasks.o
 .text.xTaskCreate
                0x08001748       0x62 build/tasks.o
                0x08001748                xTaskCreate
 *fill*         0x080017aa        0x2 
 .text.vTaskStartScheduler
                0x080017ac       0x84 build/tasks.o
                0x080017ac                vTaskStartScheduler
 .text.vTaskSuspendAll
                0x08001830       0x10 build/tasks.o
                0x08001830                vTaskSuspendAll
 .text.xTaskGetTickCount
                0x08001840        0xc build/tasks.o
                0x08001840                xTaskGetTickCount
 .text.xTaskIncrementTick
                0x0800184c      0x118 build/tasks.o
                0x0800184c                xTaskIncrementTick
 .text.xTaskResumeAll
                0x08001964       0xf4 build/tasks.o
                0x08001964                xTaskResumeAll
 .text.vTaskDelay
                0x08001a58       0x4c build/tasks.o
                0x08001a58                vTaskDelay
 .text.vTaskSwitchContext
                0x08001aa4       0xc8 build/tasks.o
                0x08001aa4                vTaskSwitchContext
 .text.vTaskPlaceOnEventList
                0x08001b6c       0x30 build/tasks.o
                0x08001b6c                vTaskPlaceOnEventList
 .text.vTaskPlaceOnEventListRestricted
                0x08001b9c       0x38 build/tasks.o
                0x08001b9c                vTaskPlaceOnEventListRestricted
 .text.xTaskRemoveFromEventList
                0x08001bd4       0x8c build/tasks.o
                0x08001bd4                xTaskRemoveFromEventList
 .text.vTaskInternalSetTimeOutState
                0x08001c60       0x18 build/tasks.o
                0x08001c60                vTaskInternalSetTimeOutState
 .text.xTaskCheckForTimeOut
                0x08001c78       0x80 build/tasks.o
                0x08001c78                xTaskCheckForTimeOut
 .text.vTaskMissedYield
                0x08001cf8        0xc build/tasks.o
                0x08001cf8                vTaskMissedYield
 .text.xTaskGetSchedulerState
                0x08001d04       0x20 build/tasks.o
                0x08001d04                xTaskGetSchedulerState
 .text.xTaskPriorityInherit
                0x08001d24       0xb8 build/tasks.o
                0x08001d24                xTaskPriorityInherit
 .text.xTaskPriorityDisinherit
                0x08001ddc       0xb0 build/tasks.o
                0x08001ddc                xTaskPriorityDisinherit
 .text.vTaskPriorityDisinheritAfterTimeout
                0x08001e8c       0xc0 build/tasks.o
                0x08001e8c                vTaskPriorityDisinheritAfterTimeout
 .text.pvTaskIncrementMutexHeldCount
                0x08001f4c       0x1c build/tasks.o
                0x08001f4c                pvTaskIncrementMutexHeldCount
 .text.prvGetNextExpireTime
                0x08001f68       0x20 build/timers.o
 .text.prvInsertTimerInActiveList
                0x08001f88       0x48 build/timers.o
 .text.prvCheckForValidListAndQueue
                0x08001fd0       0x5c build/timers.o
 .text.xTimerCreateTimerTask
                0x0800202c       0x50 build/timers.o
                0x0800202c                xTimerCreateTimerTask
 .text.xTimerGenericCommand
                0x0800207c       0x6c build/timers.o
                0x0800207c                xTimerGenericCommand
 .text.prvSwitchTimerLists
                0x080020e8       0x78 build/timers.o
 .text.prvSampleTimeNow
                0x08002160       0x2c build/timers.o
 .text.prvProcessExpiredTimer
                0x0800218c       0x60 build/timers.o
 .text.prvProcessTimerOrBlockTask
                0x080021ec       0x74 build/timers.o
 .text.prvProcessReceivedCommands
                0x08002260       0xe0 build/timers.o
 .text.prvTimerTask
                0x08002340       0x16 build/timers.o
 *fill*         0x08002356        0x2 
 .text.Reset_Handler
                0x08002358       0x4c build/startup_stm32f411xe.o
                0x08002358                Reset_Handler
 .text.Default_Handler
                0x080023a4        0x2 build/startup_stm32f411xe.o
                0x080023a4                RTC_Alarm_IRQHandler
                0x080023a4                EXTI2_IRQHandler
                0x080023a4                SPI4_IRQHandler
                0x080023a4                TIM1_CC_IRQHandler
                0x080023a4                DMA2_Stream5_IRQHandler
                0x080023a4                DMA1_Stream5_IRQHandler
                0x080023a4                PVD_IRQHandler
                0x080023a4                SDIO_IRQHandler
                0x080023a4                TAMP_STAMP_IRQHandler
                0x080023a4                EXTI3_IRQHandler
                0x080023a4                TIM1_UP_TIM10_IRQHandler
                0x080023a4                I2C3_ER_IRQHandler
                0x080023a4                EXTI0_IRQHandler
                0x080023a4                I2C2_EV_IRQHandler
                0x080023a4                DMA1_Stream2_IRQHandler
                0x080023a4                FPU_IRQHandler
                0x080023a4                DMA2_Stream2_IRQHandler
                0x080023a4                SPI1_IRQHandler
                0x080023a4                TIM1_BRK_TIM9_IRQHandler
                0x080023a4                DMA2_Stream3_IRQHandler
                0x080023a4                USART6_IRQHandler
                0x080023a4                DMA2_Stream0_IRQHandler
                0x080023a4                TIM4_IRQHandler
                0x080023a4                I2C1_EV_IRQHandler
                0x080023a4                DMA1_Stream6_IRQHandler
                0x080023a4                DMA1_Stream1_IRQHandler
                0x080023a4                TIM3_IRQHandler
                0x080023a4                RCC_IRQHandler
                0x080023a4                Default_Handler
                0x080023a4                EXTI15_10_IRQHandler
                0x080023a4                ADC_IRQHandler
                0x080023a4                DMA1_Stream7_IRQHandler
                0x080023a4                SPI5_IRQHandler
                0x080023a4                TIM5_IRQHandler
                0x080023a4                DMA2_Stream7_IRQHandler
                0x080023a4                I2C3_EV_IRQHandler
                0x080023a4                EXTI9_5_IRQHandler
                0x080023a4                RTC_WKUP_IRQHandler
                0x080023a4                SPI2_IRQHandler
                0x080023a4                DMA1_Stream0_IRQHandler
                0x080023a4                EXTI4_IRQHandler
                0x080023a4                WWDG_IRQHandler
                0x080023a4                TIM2_IRQHandler
                0x080023a4                OTG_FS_WKUP_IRQHandler
                0x080023a4                TIM1_TRG_COM_TIM11_IRQHandler
                0x080023a4                EXTI1_IRQHandler
                0x080023a4                USART2_IRQHandler
                0x080023a4                I2C2_ER_IRQHandler
                0x080023a4                DMA2_Stream1_IRQHandler
                0x080023a4                FLASH_IRQHandler
                0x080023a4                DMA2_Stream4_IRQHandler
                0x080023a4                OTG_FS_IRQHandler
                0x080023a4                SPI3_IRQHandler
                0x080023a4                DMA1_Stream4_IRQHandler
                0x080023a4                I2C1_ER_IRQHandler
                0x080023a4                DMA2_Stream6_IRQHandler
                0x080023a4                DMA1_Stream3_IRQHandler
 *fill*         0x080023a6        0x2 
 .text.__libc_init_array
                0x080023a8       0x48 c:/tools/gcc7_2017-q4-major/bin/../lib/gcc/arm-none-eabi/7.2.1/../../../../arm-none-eabi/lib/thumb/v7e-m/fpv4-sp/hard\libc_nano.a(lib_a-init.o)
                0x080023a8                __libc_init_array
 .text.memcpy   0x080023f0       0x16 c:/tools/gcc7_2017-q4-major/bin/../lib/gcc/arm-none-eabi/7.2.1/../../../../arm-none-eabi/lib/thumb/v7e-m/fpv4-sp/hard\libc_nano.a(lib_a-memcpy-stub.o)
                0x080023f0                memcpy
 .text.memset   0x08002406       0x10 c:/tools/gcc7_2017-q4-major/bin/../lib/gcc/arm-none-eabi/7.2.1/../../../../arm-none-eabi/lib/thumb/v7e-m/fpv4-sp/hard\libc_nano.a(lib_a-memset.o)
                0x08002406                memset
 *(.glue_7)
 .glue_7        0x08002416        0x0 linker stubs
 *(.glue_7t)
 .glue_7t       0x08002416        0x0 linker stubs
 *(.eh_frame)
 *fill*         0x08002416        0x2 
 .eh_frame      0x08002418        0x0 c:/tools/gcc7_2017-q4-major/bin/../lib/gcc/arm-none-eabi/7.2.1/thumb/v7e-m/fpv4-sp/hard/crtbegin.o
 *(.init)
 .init          0x08002418        0x4 c:/tools/gcc7_2017-q4-major/bin/../lib/gcc/arm-none-eabi/7.2.1/thumb/v7e-m/fpv4-sp/hard/crti.o
                0x08002418                _init
 .init          0x0800241c        0x8 c:/tools/gcc7_2017-q4-major/bin/../lib/gcc/arm-none-eabi/7.2.1/thumb/v7e-m/fpv4-sp/hard/crtn.o
 *(.fini)
 .fini          0x08002424        0x4 c:/tools/gcc7_2017-q4-major/bin/../lib/gcc/arm-none-eabi/7.2.1/thumb/v7e-m/fpv4-sp/hard/crti.o
                0x08002424                _fini
 .fini          0x08002428        0x8 c:/tools/gcc7_2017-q4-major/bin/../lib/gcc/arm-none-eabi/7.2.1/thumb/v7e-m/fpv4-sp/hard/crtn.o
                0x08002430                . = ALIGN (0x4)
                0x08002430                _etext = .

.vfp11_veneer   0x08002430        0x0
 .vfp11_veneer  0x08002430        0x0 linker stubs

.v4_bx          0x08002430        0x0
 .v4_bx         0x08002430        0x0 linker stubs

.iplt           0x08002430        0x0
 .iplt          0x08002430        0x0 c:/tools/gcc7_2017-q4-major/bin/../lib/gcc/arm-none-eabi/7.2.1/thumb/v7e-m/fpv4-sp/hard/crtbegin.o

.rodata         0x08002430       0x3c
                0x08002430                . = ALIGN (0x4)
 *(.rodata)
 *(.rodata*)
 .rodata.main.str1.4
                0x08002430       0x23 build/main.o
 *fill*         0x08002453        0x1 
 .rodata.vTaskStartScheduler.str1.4
                0x08002454        0x5 build/tasks.o
 *fill*         0x08002459        0x3 
 .rodata.prvCheckForValidListAndQueue.str1.4
                0x0800245c        0x5 build/timers.o
 *fill*         0x08002461        0x3 
 .rodata.xTimerCreateTimerTask.str1.4
                0x08002464        0x8 build/timers.o
                0x0800246c                . = ALIGN (0x4)

.rel.dyn        0x0800246c        0x0
 .rel.iplt      0x0800246c        0x0 c:/tools/gcc7_2017-q4-major/bin/../lib/gcc/arm-none-eabi/7.2.1/thumb/v7e-m/fpv4-sp/hard/crtbegin.o

.ARM.extab
 *(.ARM.extab* .gnu.linkonce.armextab.*)

.ARM            0x0800246c        0x0
                0x0800246c                __exidx_start = .
 *(.ARM.exidx*)
                0x0800246c                __exidx_end = .

.preinit_array  0x0800246c        0x0
                0x0800246c                PROVIDE (__preinit_array_start, .)
 *(.preinit_array*)
                0x0800246c                PROVIDE (__preinit_array_end, .)

.init_array     0x0800246c        0x4
                0x0800246c                PROVIDE (__init_array_start, .)
 *(SORT_BY_NAME(.init_array.*))
 *(.init_array*)
 .init_array    0x0800246c        0x4 c:/tools/gcc7_2017-q4-major/bin/../lib/gcc/arm-none-eabi/7.2.1/thumb/v7e-m/fpv4-sp/hard/crtbegin.o
                0x08002470                PROVIDE (__init_array_end, .)

.fini_array     0x08002470        0x4
                [!provide]                PROVIDE (__fini_array_start, .)
 *(SORT_BY_NAME(.fini_array.*))
 *(.fini_array*)
 .fini_array    0x08002470        0x4 c:/tools/gcc7_2017-q4-major/bin/../lib/gcc/arm-none-eabi/7.2.1/thumb/v7e-m/fpv4-sp/hard/crtbegin.o
                [!provide]                PROVIDE (__fini_array_end, .)
                0x08002474                _sidata = LOADADDR (.data)

.data           0x20000000        0x4 load address 0x08002474
                0x20000000                . = ALIGN (0x4)
                0x20000000                _sdata = .
 *(.data)
 *(.data*)
 .data.uxCriticalNesting
                0x20000000        0x4 build/port.o
                0x20000004                . = ALIGN (0x4)
                0x20000004                _edata = .

.igot.plt       0x20000004        0x0 load address 0x08002478
 .igot.plt      0x20000004        0x0 c:/tools/gcc7_2017-q4-major/bin/../lib/gcc/arm-none-eabi/7.2.1/thumb/v7e-m/fpv4-sp/hard/crtbegin.o
                0x20000004                . = ALIGN (0x4)

.bss            0x20000004    0x12dd4 load address 0x08002478
                0x20000004                _sbss = .
                0x20000004                __bss_start__ = _sbss
 *(.bss)
 .bss           0x20000004       0x1c c:/tools/gcc7_2017-q4-major/bin/../lib/gcc/arm-none-eabi/7.2.1/thumb/v7e-m/fpv4-sp/hard/crtbegin.o
 *(.bss*)
 .bss.semaHandle
                0x20000020        0x4 build/main.o
                0x20000020                semaHandle
 .bss.pxEnd     0x20000024        0x4 build/heap_4.o
 .bss.ucHeap    0x20000028    0x12c00 build/heap_4.o
 .bss.xBlockAllocatedBit
                0x20012c28        0x4 build/heap_4.o
 .bss.xFreeBytesRemaining
                0x20012c2c        0x4 build/heap_4.o
 .bss.xMinimumEverFreeBytesRemaining
                0x20012c30        0x4 build/heap_4.o
 .bss.xStart    0x20012c34        0x8 build/heap_4.o
 .bss.ucMaxSysCallPriority
                0x20012c3c        0x1 build/port.o
 *fill*         0x20012c3d        0x3 
 .bss.ulMaxPRIGROUPValue
                0x20012c40        0x4 build/port.o
 .bss.pxCurrentTCB
                0x20012c44        0x4 build/tasks.o
                0x20012c44                pxCurrentTCB
 .bss.pxDelayedTaskList
                0x20012c48        0x4 build/tasks.o
 .bss.pxOverflowDelayedTaskList
                0x20012c4c        0x4 build/tasks.o
 .bss.pxReadyTasksLists
                0x20012c50       0x78 build/tasks.o
 .bss.uxCurrentNumberOfTasks
                0x20012cc8        0x4 build/tasks.o
 .bss.uxDeletedTasksWaitingCleanUp
                0x20012ccc        0x4 build/tasks.o
 .bss.uxPendedTicks
                0x20012cd0        0x4 build/tasks.o
 .bss.uxSchedulerSuspended
                0x20012cd4        0x4 build/tasks.o
 .bss.uxTaskNumber
                0x20012cd8        0x4 build/tasks.o
 .bss.uxTopReadyPriority
                0x20012cdc        0x4 build/tasks.o
 .bss.xDelayedTaskList1
                0x20012ce0       0x14 build/tasks.o
 .bss.xDelayedTaskList2
                0x20012cf4       0x14 build/tasks.o
 .bss.xIdleTaskHandle
                0x20012d08        0x4 build/tasks.o
 .bss.xNextTaskUnblockTime
                0x20012d0c        0x4 build/tasks.o
 .bss.xNumOfOverflows
                0x20012d10        0x4 build/tasks.o
 .bss.xPendingReadyList
                0x20012d14       0x14 build/tasks.o
 .bss.xSchedulerRunning
                0x20012d28        0x4 build/tasks.o
 .bss.xSuspendedTaskList
                0x20012d2c       0x14 build/tasks.o
 .bss.xTasksWaitingTermination
                0x20012d40       0x14 build/tasks.o
 .bss.xTickCount
                0x20012d54        0x4 build/tasks.o
 .bss.xYieldPending
                0x20012d58        0x4 build/tasks.o
 .bss.pxCurrentTimerList
                0x20012d5c        0x4 build/timers.o
 .bss.pxOverflowTimerList
                0x20012d60        0x4 build/timers.o
 .bss.xActiveTimerList1
                0x20012d64       0x14 build/timers.o
 .bss.xActiveTimerList2
                0x20012d78       0x14 build/timers.o
 .bss.xLastTime.6697
                0x20012d8c        0x4 build/timers.o
 .bss.xTimerQueue
                0x20012d90        0x4 build/timers.o
 .bss.xTimerTaskHandle
                0x20012d94        0x4 build/timers.o
 *(COMMON)
 COMMON         0x20012d98       0x40 build/queue.o
                0x20012d98                xQueueRegistry
                0x20012dd8                . = ALIGN (0x4)
                0x20012dd8                _ebss = .
                0x20012dd8                __bss_end__ = _ebss

._user_heap_stack
                0x20012dd8      0x600 load address 0x08002478
                0x20012dd8                . = ALIGN (0x8)
                [!provide]                PROVIDE (end, .)
                [!provide]                PROVIDE (_end, .)
                0x20012fd8                . = (. + _Min_Heap_Size)
 *fill*         0x20012dd8      0x200 
                0x200133d8                . = (. + _Min_Stack_Size)
 *fill*         0x20012fd8      0x400 
                0x200133d8                . = ALIGN (0x8)

/DISCARD/
 libc.a(*)
 libm.a(*)
 libgcc.a(*)

.ARM.attributes
                0x00000000       0x30
 *(.ARM.attributes)
 .ARM.attributes
                0x00000000       0x22 c:/tools/gcc7_2017-q4-major/bin/../lib/gcc/arm-none-eabi/7.2.1/thumb/v7e-m/fpv4-sp/hard/crti.o
 .ARM.attributes
                0x00000022       0x34 c:/tools/gcc7_2017-q4-major/bin/../lib/gcc/arm-none-eabi/7.2.1/thumb/v7e-m/fpv4-sp/hard/crtbegin.o
 .ARM.attributes
                0x00000056       0x39 build/main.o
 .ARM.attributes
                0x0000008f       0x39 build/stm32f4xx_it.o
 .ARM.attributes
                0x000000c8       0x39 build/gpio.o
 .ARM.attributes
                0x00000101       0x39 build/clock.o
 .ARM.attributes
                0x0000013a       0x39 build/heap_4.o
 .ARM.attributes
                0x00000173       0x39 build/port.o
 .ARM.attributes
                0x000001ac       0x39 build/list.o
 .ARM.attributes
                0x000001e5       0x39 build/queue.o
 .ARM.attributes
                0x0000021e       0x39 build/tasks.o
 .ARM.attributes
                0x00000257       0x39 build/timers.o
 .ARM.attributes
                0x00000290       0x21 build/startup_stm32f411xe.o
 .ARM.attributes
                0x000002b1       0x34 c:/tools/gcc7_2017-q4-major/bin/../lib/gcc/arm-none-eabi/7.2.1/../../../../arm-none-eabi/lib/thumb/v7e-m/fpv4-sp/hard\libc_nano.a(lib_a-init.o)
 .ARM.attributes
                0x000002e5       0x34 c:/tools/gcc7_2017-q4-major/bin/../lib/gcc/arm-none-eabi/7.2.1/../../../../arm-none-eabi/lib/thumb/v7e-m/fpv4-sp/hard\libc_nano.a(lib_a-memcpy-stub.o)
 .ARM.attributes
                0x00000319       0x34 c:/tools/gcc7_2017-q4-major/bin/../lib/gcc/arm-none-eabi/7.2.1/../../../../arm-none-eabi/lib/thumb/v7e-m/fpv4-sp/hard\libc_nano.a(lib_a-memset.o)
 .ARM.attributes
                0x0000034d       0x22 c:/tools/gcc7_2017-q4-major/bin/../lib/gcc/arm-none-eabi/7.2.1/thumb/v7e-m/fpv4-sp/hard/crtn.o
OUTPUT(build/freertos_semaphore.elf elf32-littlearm)

.debug_info     0x00000000     0xad31
 .debug_info    0x00000000     0x1004 build/main.o
 .debug_info    0x00001004      0x37f build/stm32f4xx_it.o
 .debug_info    0x00001383      0x1ec build/gpio.o
 .debug_info    0x0000156f       0xeb build/clock.o
 .debug_info    0x0000165a      0xdc2 build/heap_4.o
 .debug_info    0x0000241c      0x59f build/port.o
 .debug_info    0x000029bb      0xbd4 build/list.o
 .debug_info    0x0000358f     0x2955 build/queue.o
 .debug_info    0x00005ee4     0x33cb build/tasks.o
 .debug_info    0x000092af     0x1a60 build/timers.o
 .debug_info    0x0000ad0f       0x22 build/startup_stm32f411xe.o

.debug_abbrev   0x00000000     0x17c8
 .debug_abbrev  0x00000000      0x281 build/main.o
 .debug_abbrev  0x00000281       0xf0 build/stm32f4xx_it.o
 .debug_abbrev  0x00000371       0xd2 build/gpio.o
 .debug_abbrev  0x00000443       0x6b build/clock.o
 .debug_abbrev  0x000004ae      0x340 build/heap_4.o
 .debug_abbrev  0x000007ee      0x246 build/port.o
 .debug_abbrev  0x00000a34      0x21e build/list.o
 .debug_abbrev  0x00000c52      0x3f4 build/queue.o
 .debug_abbrev  0x00001046      0x41c build/tasks.o
 .debug_abbrev  0x00001462      0x354 build/timers.o
 .debug_abbrev  0x000017b6       0x12 build/startup_stm32f411xe.o

.debug_loc      0x00000000     0x4ca6
 .debug_loc     0x00000000      0x12d build/main.o
 .debug_loc     0x0000012d       0x9c build/stm32f4xx_it.o
 .debug_loc     0x000001c9      0x1d5 build/gpio.o
 .debug_loc     0x0000039e      0x104 build/clock.o
 .debug_loc     0x000004a2      0x332 build/heap_4.o
 .debug_loc     0x000007d4      0x160 build/port.o
 .debug_loc     0x00000934       0x9c build/list.o
 .debug_loc     0x000009d0     0x1549 build/queue.o
 .debug_loc     0x00001f19     0x2134 build/tasks.o
 .debug_loc     0x0000404d      0xc59 build/timers.o

.debug_aranges  0x00000000      0x638
 .debug_aranges
                0x00000000       0x68 build/main.o
 .debug_aranges
                0x00000068       0x60 build/stm32f4xx_it.o
 .debug_aranges
                0x000000c8       0x38 build/gpio.o
 .debug_aranges
                0x00000100       0x20 build/clock.o
 .debug_aranges
                0x00000120       0x50 build/heap_4.o
 .debug_aranges
                0x00000170       0x80 build/port.o
 .debug_aranges
                0x000001f0       0x40 build/list.o
 .debug_aranges
                0x00000230      0x130 build/queue.o
 .debug_aranges
                0x00000360      0x1e8 build/tasks.o
 .debug_aranges
                0x00000548       0xc8 build/timers.o
 .debug_aranges
                0x00000610       0x28 build/startup_stm32f411xe.o

.debug_ranges   0x00000000      0x758
 .debug_ranges  0x00000000       0x58 build/main.o
 .debug_ranges  0x00000058       0x50 build/stm32f4xx_it.o
 .debug_ranges  0x000000a8       0x28 build/gpio.o
 .debug_ranges  0x000000d0       0x10 build/clock.o
 .debug_ranges  0x000000e0       0x40 build/heap_4.o
 .debug_ranges  0x00000120       0x70 build/port.o
 .debug_ranges  0x00000190       0x30 build/list.o
 .debug_ranges  0x000001c0      0x200 build/queue.o
 .debug_ranges  0x000003c0      0x2c0 build/tasks.o
 .debug_ranges  0x00000680       0xb8 build/timers.o
 .debug_ranges  0x00000738       0x20 build/startup_stm32f411xe.o

.debug_line     0x00000000     0x2ac4
 .debug_line    0x00000000      0x328 build/main.o
 .debug_line    0x00000328      0x14a build/stm32f4xx_it.o
 .debug_line    0x00000472       0xfc build/gpio.o
 .debug_line    0x0000056e      0x11f build/clock.o
 .debug_line    0x0000068d      0x32b build/heap_4.o
 .debug_line    0x000009b8      0x2cd build/port.o
 .debug_line    0x00000c85      0x25b build/list.o
 .debug_line    0x00000ee0      0x973 build/queue.o
 .debug_line    0x00001853      0xd2a build/tasks.o
 .debug_line    0x0000257d      0x4d4 build/timers.o
 .debug_line    0x00002a51       0x73 build/startup_stm32f411xe.o

.debug_str      0x00000000     0x289d
 .debug_str     0x00000000      0xaf0 build/main.o
                                0xb6a (size before relaxing)
 .debug_str     0x00000af0       0xa6 build/stm32f4xx_it.o
                                0x612 (size before relaxing)
 .debug_str     0x00000b96       0x7c build/gpio.o
                                0x204 (size before relaxing)
 .debug_str     0x00000c12       0x7d build/clock.o
                                0x1b3 (size before relaxing)
 .debug_str     0x00000c8f      0x230 build/heap_4.o
                                0x7e2 (size before relaxing)
 .debug_str     0x00000ebf      0x272 build/port.o
                                0x462 (size before relaxing)
 .debug_str     0x00001131      0x12c build/list.o
                                0x6dc (size before relaxing)
 .debug_str     0x0000125d      0x724 build/queue.o
                                0xed2 (size before relaxing)
 .debug_str     0x00001981      0xab8 build/tasks.o
                               0x154e (size before relaxing)
 .debug_str     0x00002439      0x43f build/timers.o
                                0xca0 (size before relaxing)
 .debug_str     0x00002878       0x25 build/startup_stm32f411xe.o
                                 0x60 (size before relaxing)

.comment        0x00000000       0x7e
 .comment       0x00000000       0x7e build/main.o
                                 0x7f (size before relaxing)
 .comment       0x0000007e       0x7f build/stm32f4xx_it.o
 .comment       0x0000007e       0x7f build/gpio.o
 .comment       0x0000007e       0x7f build/clock.o
 .comment       0x0000007e       0x7f build/heap_4.o
 .comment       0x0000007e       0x7f build/port.o
 .comment       0x0000007e       0x7f build/list.o
 .comment       0x0000007e       0x7f build/queue.o
 .comment       0x0000007e       0x7f build/tasks.o
 .comment       0x0000007e       0x7f build/timers.o

.debug_frame    0x00000000     0x1288
 .debug_frame   0x00000000      0x104 build/main.o
 .debug_frame   0x00000104       0xa0 build/stm32f4xx_it.o
 .debug_frame   0x000001a4       0x6c build/gpio.o
 .debug_frame   0x00000210       0x38 build/clock.o
 .debug_frame   0x00000248       0xbc build/heap_4.o
 .debug_frame   0x00000304      0x104 build/port.o
 .debug_frame   0x00000408       0x70 build/list.o
 .debug_frame   0x00000478      0x42c build/queue.o
 .debug_frame   0x000008a4      0x6d8 build/tasks.o
 .debug_frame   0x00000f7c      0x298 build/timers.o
 .debug_frame   0x00001214       0x2c c:/tools/gcc7_2017-q4-major/bin/../lib/gcc/arm-none-eabi/7.2.1/../../../../arm-none-eabi/lib/thumb/v7e-m/fpv4-sp/hard\libc_nano.a(lib_a-init.o)
 .debug_frame   0x00001240       0x28 c:/tools/gcc7_2017-q4-major/bin/../lib/gcc/arm-none-eabi/7.2.1/../../../../arm-none-eabi/lib/thumb/v7e-m/fpv4-sp/hard\libc_nano.a(lib_a-memcpy-stub.o)
 .debug_frame   0x00001268       0x20 c:/tools/gcc7_2017-q4-major/bin/../lib/gcc/arm-none-eabi/7.2.1/../../../../arm-none-eabi/lib/thumb/v7e-m/fpv4-sp/hard\libc_nano.a(lib_a-memset.o)

Cross Reference Table

Symbol                                            File
ADC_IRQHandler                                    build/startup_stm32f411xe.o
BusFault_Handler                                  build/stm32f4xx_it.o
DMA1_Stream0_IRQHandler                           build/startup_stm32f411xe.o
DMA1_Stream1_IRQHandler                           build/startup_stm32f411xe.o
DMA1_Stream2_IRQHandler                           build/startup_stm32f411xe.o
DMA1_Stream3_IRQHandler                           build/startup_stm32f411xe.o
DMA1_Stream4_IRQHandler                           build/startup_stm32f411xe.o
DMA1_Stream5_IRQHandler                           build/startup_stm32f411xe.o
DMA1_Stream6_IRQHandler                           build/startup_stm32f411xe.o
DMA1_Stream7_IRQHandler                           build/startup_stm32f411xe.o
DMA2_Stream0_IRQHandler                           build/startup_stm32f411xe.o
DMA2_Stream1_IRQHandler                           build/startup_stm32f411xe.o
DMA2_Stream2_IRQHandler                           build/startup_stm32f411xe.o
DMA2_Stream3_IRQHandler                           build/startup_stm32f411xe.o
DMA2_Stream4_IRQHandler                           build/startup_stm32f411xe.o
DMA2_Stream5_IRQHandler                           build/startup_stm32f411xe.o
DMA2_Stream6_IRQHandler                           build/startup_stm32f411xe.o
DMA2_Stream7_IRQHandler                           build/startup_stm32f411xe.o
DebugMon_Handler                                  build/stm32f4xx_it.o
Default_Handler                                   build/startup_stm32f411xe.o
EXTI0_IRQHandler                                  build/startup_stm32f411xe.o
EXTI15_10_IRQHandler                              build/startup_stm32f411xe.o
EXTI1_IRQHandler                                  build/startup_stm32f411xe.o
EXTI2_IRQHandler                                  build/startup_stm32f411xe.o
EXTI3_IRQHandler                                  build/startup_stm32f411xe.o
EXTI4_IRQHandler                                  build/startup_stm32f411xe.o
EXTI9_5_IRQHandler                                build/startup_stm32f411xe.o
FLASH_IRQHandler                                  build/startup_stm32f411xe.o
FPU_IRQHandler                                    build/startup_stm32f411xe.o
GPIO_TongglePin                                   build/gpio.o
                                                  build/main.o
HardFault_Handler                                 build/stm32f4xx_it.o
I2C1_ER_IRQHandler                                build/startup_stm32f411xe.o
I2C1_EV_IRQHandler                                build/startup_stm32f411xe.o
I2C2_ER_IRQHandler                                build/startup_stm32f411xe.o
I2C2_EV_IRQHandler                                build/startup_stm32f411xe.o
I2C3_ER_IRQHandler                                build/startup_stm32f411xe.o
I2C3_EV_IRQHandler                                build/startup_stm32f411xe.o
MemManage_Handler                                 build/stm32f4xx_it.o
NMI_Handler                                       build/stm32f4xx_it.o
OTG_FS_IRQHandler                                 build/startup_stm32f411xe.o
OTG_FS_WKUP_IRQHandler                            build/startup_stm32f411xe.o
PVD_IRQHandler                                    build/startup_stm32f411xe.o
PendSV_Handler                                    build/port.o
RCC_IRQHandler                                    build/startup_stm32f411xe.o
RTC_Alarm_IRQHandler                              build/startup_stm32f411xe.o
RTC_WKUP_IRQHandler                               build/startup_stm32f411xe.o
Reset_Handler                                     build/startup_stm32f411xe.o
SDIO_IRQHandler                                   build/startup_stm32f411xe.o
SPI1_IRQHandler                                   build/startup_stm32f411xe.o
SPI2_IRQHandler                                   build/startup_stm32f411xe.o
SPI3_IRQHandler                                   build/startup_stm32f411xe.o
SPI4_IRQHandler                                   build/startup_stm32f411xe.o
SPI5_IRQHandler                                   build/startup_stm32f411xe.o
SVC_Handler                                       build/port.o
SysTick_Handler                                   build/port.o
TAMP_STAMP_IRQHandler                             build/startup_stm32f411xe.o
TIM1_BRK_TIM9_IRQHandler                          build/startup_stm32f411xe.o
TIM1_CC_IRQHandler                                build/startup_stm32f411xe.o
TIM1_TRG_COM_TIM11_IRQHandler                     build/startup_stm32f411xe.o
TIM1_UP_TIM10_IRQHandler                          build/startup_stm32f411xe.o
TIM2_IRQHandler                                   build/startup_stm32f411xe.o
TIM3_IRQHandler                                   build/startup_stm32f411xe.o
TIM4_IRQHandler                                   build/startup_stm32f411xe.o
TIM5_IRQHandler                                   build/startup_stm32f411xe.o
USART1_IRQHandler                                 build/stm32f4xx_it.o
USART2_IRQHandler                                 build/startup_stm32f411xe.o
USART6_IRQHandler                                 build/startup_stm32f411xe.o
UsageFault_Handler                                build/stm32f4xx_it.o
WWDG_IRQHandler                                   build/startup_stm32f411xe.o
__adddf3                                          c:/tools/gcc7_2017-q4-major/bin/../lib/gcc/arm-none-eabi/7.2.1/thumb/v7e-m/fpv4-sp/hard\libgcc.a(_arm_addsubdf3.o)
__aeabi_d2f                                       c:/tools/gcc7_2017-q4-major/bin/../lib/gcc/arm-none-eabi/7.2.1/thumb/v7e-m/fpv4-sp/hard\libgcc.a(_arm_truncdfsf2.o)
                                                  build/uart.o
__aeabi_dadd                                      c:/tools/gcc7_2017-q4-major/bin/../lib/gcc/arm-none-eabi/7.2.1/thumb/v7e-m/fpv4-sp/hard\libgcc.a(_arm_addsubdf3.o)
__aeabi_ddiv                                      c:/tools/gcc7_2017-q4-major/bin/../lib/gcc/arm-none-eabi/7.2.1/thumb/v7e-m/fpv4-sp/hard\libgcc.a(_arm_muldivdf3.o)
                                                  build/uart.o
__aeabi_dmul                                      c:/tools/gcc7_2017-q4-major/bin/../lib/gcc/arm-none-eabi/7.2.1/thumb/v7e-m/fpv4-sp/hard\libgcc.a(_arm_muldivdf3.o)
                                                  build/uart.o
__aeabi_drsub                                     c:/tools/gcc7_2017-q4-major/bin/../lib/gcc/arm-none-eabi/7.2.1/thumb/v7e-m/fpv4-sp/hard\libgcc.a(_arm_addsubdf3.o)
__aeabi_dsub                                      c:/tools/gcc7_2017-q4-major/bin/../lib/gcc/arm-none-eabi/7.2.1/thumb/v7e-m/fpv4-sp/hard\libgcc.a(_arm_addsubdf3.o)
__aeabi_f2d                                       c:/tools/gcc7_2017-q4-major/bin/../lib/gcc/arm-none-eabi/7.2.1/thumb/v7e-m/fpv4-sp/hard\libgcc.a(_arm_addsubdf3.o)
__aeabi_i2d                                       c:/tools/gcc7_2017-q4-major/bin/../lib/gcc/arm-none-eabi/7.2.1/thumb/v7e-m/fpv4-sp/hard\libgcc.a(_arm_addsubdf3.o)
__aeabi_l2d                                       c:/tools/gcc7_2017-q4-major/bin/../lib/gcc/arm-none-eabi/7.2.1/thumb/v7e-m/fpv4-sp/hard\libgcc.a(_arm_addsubdf3.o)
__aeabi_ui2d                                      c:/tools/gcc7_2017-q4-major/bin/../lib/gcc/arm-none-eabi/7.2.1/thumb/v7e-m/fpv4-sp/hard\libgcc.a(_arm_addsubdf3.o)
                                                  build/uart.o
__aeabi_ul2d                                      c:/tools/gcc7_2017-q4-major/bin/../lib/gcc/arm-none-eabi/7.2.1/thumb/v7e-m/fpv4-sp/hard\libgcc.a(_arm_addsubdf3.o)
__bss_end__                                       c:/tools/gcc7_2017-q4-major/bin/../lib/gcc/arm-none-eabi/7.2.1/../../../../arm-none-eabi/lib/thumb/v7e-m/fpv4-sp/hard/crt0.o
__bss_start__                                     c:/tools/gcc7_2017-q4-major/bin/../lib/gcc/arm-none-eabi/7.2.1/../../../../arm-none-eabi/lib/thumb/v7e-m/fpv4-sp/hard/crt0.o
__call_exitprocs                                  c:/tools/gcc7_2017-q4-major/bin/../lib/gcc/arm-none-eabi/7.2.1/../../../../arm-none-eabi/lib/thumb/v7e-m/fpv4-sp/hard\libc_nano.a(lib_a-exit.o)
__deregister_frame_info                           c:/tools/gcc7_2017-q4-major/bin/../lib/gcc/arm-none-eabi/7.2.1/thumb/v7e-m/fpv4-sp/hard/crtbegin.o
__divdf3                                          c:/tools/gcc7_2017-q4-major/bin/../lib/gcc/arm-none-eabi/7.2.1/thumb/v7e-m/fpv4-sp/hard\libgcc.a(_arm_muldivdf3.o)
__dso_handle                                      c:/tools/gcc7_2017-q4-major/bin/../lib/gcc/arm-none-eabi/7.2.1/thumb/v7e-m/fpv4-sp/hard/crtbegin.o
__extendsfdf2                                     c:/tools/gcc7_2017-q4-major/bin/../lib/gcc/arm-none-eabi/7.2.1/thumb/v7e-m/fpv4-sp/hard\libgcc.a(_arm_addsubdf3.o)
__floatdidf                                       c:/tools/gcc7_2017-q4-major/bin/../lib/gcc/arm-none-eabi/7.2.1/thumb/v7e-m/fpv4-sp/hard\libgcc.a(_arm_addsubdf3.o)
__floatsidf                                       c:/tools/gcc7_2017-q4-major/bin/../lib/gcc/arm-none-eabi/7.2.1/thumb/v7e-m/fpv4-sp/hard\libgcc.a(_arm_addsubdf3.o)
__floatundidf                                     c:/tools/gcc7_2017-q4-major/bin/../lib/gcc/arm-none-eabi/7.2.1/thumb/v7e-m/fpv4-sp/hard\libgcc.a(_arm_addsubdf3.o)
__floatunsidf                                     c:/tools/gcc7_2017-q4-major/bin/../lib/gcc/arm-none-eabi/7.2.1/thumb/v7e-m/fpv4-sp/hard\libgcc.a(_arm_addsubdf3.o)
__init_array_end                                  c:/tools/gcc7_2017-q4-major/bin/../lib/gcc/arm-none-eabi/7.2.1/../../../../arm-none-eabi/lib/thumb/v7e-m/fpv4-sp/hard\libc_nano.a(lib_a-init.o)
__init_array_start                                c:/tools/gcc7_2017-q4-major/bin/../lib/gcc/arm-none-eabi/7.2.1/../../../../arm-none-eabi/lib/thumb/v7e-m/fpv4-sp/hard\libc_nano.a(lib_a-init.o)
__libc_fini_array                                 c:/tools/gcc7_2017-q4-major/bin/../lib/gcc/arm-none-eabi/7.2.1/../../../../arm-none-eabi/lib/thumb/v7e-m/fpv4-sp/hard/crt0.o
__libc_init_array                                 c:/tools/gcc7_2017-q4-major/bin/../lib/gcc/arm-none-eabi/7.2.1/../../../../arm-none-eabi/lib/thumb/v7e-m/fpv4-sp/hard\libc_nano.a(lib_a-init.o)
                                                  build/startup_stm32f411xe.o
                                                  c:/tools/gcc7_2017-q4-major/bin/../lib/gcc/arm-none-eabi/7.2.1/../../../../arm-none-eabi/lib/thumb/v7e-m/fpv4-sp/hard/crt0.o
__muldf3                                          c:/tools/gcc7_2017-q4-major/bin/../lib/gcc/arm-none-eabi/7.2.1/thumb/v7e-m/fpv4-sp/hard\libgcc.a(_arm_muldivdf3.o)
__preinit_array_end                               c:/tools/gcc7_2017-q4-major/bin/../lib/gcc/arm-none-eabi/7.2.1/../../../../arm-none-eabi/lib/thumb/v7e-m/fpv4-sp/hard\libc_nano.a(lib_a-init.o)
__preinit_array_start                             c:/tools/gcc7_2017-q4-major/bin/../lib/gcc/arm-none-eabi/7.2.1/../../../../arm-none-eabi/lib/thumb/v7e-m/fpv4-sp/hard\libc_nano.a(lib_a-init.o)
__register_frame_info                             c:/tools/gcc7_2017-q4-major/bin/../lib/gcc/arm-none-eabi/7.2.1/thumb/v7e-m/fpv4-sp/hard/crtbegin.o
__sf_fake_stderr                                  c:/tools/gcc7_2017-q4-major/bin/../lib/gcc/arm-none-eabi/7.2.1/../../../../arm-none-eabi/lib/thumb/v7e-m/fpv4-sp/hard\libc_nano.a(lib_a-impure.o)
__sf_fake_stdin                                   c:/tools/gcc7_2017-q4-major/bin/../lib/gcc/arm-none-eabi/7.2.1/../../../../arm-none-eabi/lib/thumb/v7e-m/fpv4-sp/hard\libc_nano.a(lib_a-impure.o)
__sf_fake_stdout                                  c:/tools/gcc7_2017-q4-major/bin/../lib/gcc/arm-none-eabi/7.2.1/../../../../arm-none-eabi/lib/thumb/v7e-m/fpv4-sp/hard\libc_nano.a(lib_a-impure.o)
__stack                                           c:/tools/gcc7_2017-q4-major/bin/../lib/gcc/arm-none-eabi/7.2.1/../../../../arm-none-eabi/lib/thumb/v7e-m/fpv4-sp/hard/crt0.o
__subdf3                                          c:/tools/gcc7_2017-q4-major/bin/../lib/gcc/arm-none-eabi/7.2.1/thumb/v7e-m/fpv4-sp/hard\libgcc.a(_arm_addsubdf3.o)
__truncdfsf2                                      c:/tools/gcc7_2017-q4-major/bin/../lib/gcc/arm-none-eabi/7.2.1/thumb/v7e-m/fpv4-sp/hard\libgcc.a(_arm_truncdfsf2.o)
_ebss                                             build/startup_stm32f411xe.o
_edata                                            build/startup_stm32f411xe.o
_estack                                           build/startup_stm32f411xe.o
_exit                                             c:/tools/gcc7_2017-q4-major/bin/../lib/gcc/arm-none-eabi/7.2.1/../../../../arm-none-eabi/lib/thumb/v7e-m/fpv4-sp/hard\libnosys.a(_exit.o)
                                                  c:/tools/gcc7_2017-q4-major/bin/../lib/gcc/arm-none-eabi/7.2.1/../../../../arm-none-eabi/lib/thumb/v7e-m/fpv4-sp/hard\libc_nano.a(lib_a-exit.o)
_fini                                             c:/tools/gcc7_2017-q4-major/bin/../lib/gcc/arm-none-eabi/7.2.1/thumb/v7e-m/fpv4-sp/hard/crti.o
_global_impure_ptr                                c:/tools/gcc7_2017-q4-major/bin/../lib/gcc/arm-none-eabi/7.2.1/../../../../arm-none-eabi/lib/thumb/v7e-m/fpv4-sp/hard\libc_nano.a(lib_a-impure.o)
                                                  c:/tools/gcc7_2017-q4-major/bin/../lib/gcc/arm-none-eabi/7.2.1/../../../../arm-none-eabi/lib/thumb/v7e-m/fpv4-sp/hard\libc_nano.a(lib_a-exit.o)
_impure_ptr                                       c:/tools/gcc7_2017-q4-major/bin/../lib/gcc/arm-none-eabi/7.2.1/../../../../arm-none-eabi/lib/thumb/v7e-m/fpv4-sp/hard\libc_nano.a(lib_a-impure.o)
_init                                             c:/tools/gcc7_2017-q4-major/bin/../lib/gcc/arm-none-eabi/7.2.1/thumb/v7e-m/fpv4-sp/hard/crti.o
                                                  c:/tools/gcc7_2017-q4-major/bin/../lib/gcc/arm-none-eabi/7.2.1/../../../../arm-none-eabi/lib/thumb/v7e-m/fpv4-sp/hard\libc_nano.a(lib_a-init.o)
_mainCRTStartup                                   c:/tools/gcc7_2017-q4-major/bin/../lib/gcc/arm-none-eabi/7.2.1/../../../../arm-none-eabi/lib/thumb/v7e-m/fpv4-sp/hard/crt0.o
_sbss                                             build/startup_stm32f411xe.o
_sdata                                            build/startup_stm32f411xe.o
_sidata                                           build/startup_stm32f411xe.o
_start                                            c:/tools/gcc7_2017-q4-major/bin/../lib/gcc/arm-none-eabi/7.2.1/../../../../arm-none-eabi/lib/thumb/v7e-m/fpv4-sp/hard/crt0.o
atexit                                            c:/tools/gcc7_2017-q4-major/bin/../lib/gcc/arm-none-eabi/7.2.1/../../../../arm-none-eabi/lib/thumb/v7e-m/fpv4-sp/hard/crt0.o
config_pin                                        build/main.o
eTaskGetState                                     build/tasks.o
exit                                              c:/tools/gcc7_2017-q4-major/bin/../lib/gcc/arm-none-eabi/7.2.1/../../../../arm-none-eabi/lib/thumb/v7e-m/fpv4-sp/hard\libc_nano.a(lib_a-exit.o)
                                                  c:/tools/gcc7_2017-q4-major/bin/../lib/gcc/arm-none-eabi/7.2.1/../../../../arm-none-eabi/lib/thumb/v7e-m/fpv4-sp/hard/crt0.o
g_pfnVectors                                      build/startup_stm32f411xe.o
hardware_init_hook                                c:/tools/gcc7_2017-q4-major/bin/../lib/gcc/arm-none-eabi/7.2.1/../../../../arm-none-eabi/lib/thumb/v7e-m/fpv4-sp/hard/crt0.o
highTaskAsInterrupt                               build/main.o
init_interrupt                                    build/main.o
init_pin                                          build/gpio.o
                                                  build/main.o
led_off                                           build/gpio.o
led_on                                            build/gpio.o
lowerTaskAsPeriodic                               build/main.o
mNVIC_EnableIRQ                                   build/stm32f4xx_it.o
                                                  build/main.o
mNVIC_SetPriority                                 build/stm32f4xx_it.o
                                                  build/main.o
main                                              build/main.o
                                                  build/startup_stm32f411xe.o
                                                  c:/tools/gcc7_2017-q4-major/bin/../lib/gcc/arm-none-eabi/7.2.1/../../../../arm-none-eabi/lib/thumb/v7e-m/fpv4-sp/hard/crt0.o
memcpy                                            c:/tools/gcc7_2017-q4-major/bin/../lib/gcc/arm-none-eabi/7.2.1/../../../../arm-none-eabi/lib/thumb/v7e-m/fpv4-sp/hard\libc_nano.a(lib_a-memcpy-stub.o)
                                                  build/queue.o
memset                                            c:/tools/gcc7_2017-q4-major/bin/../lib/gcc/arm-none-eabi/7.2.1/../../../../arm-none-eabi/lib/thumb/v7e-m/fpv4-sp/hard\libc_nano.a(lib_a-memset.o)
                                                  build/tasks.o
                                                  c:/tools/gcc7_2017-q4-major/bin/../lib/gcc/arm-none-eabi/7.2.1/../../../../arm-none-eabi/lib/thumb/v7e-m/fpv4-sp/hard/crt0.o
midleTaskAsDeferTask                              build/main.o
pcQueueGetName                                    build/queue.o
pcTaskGetName                                     build/tasks.o
pcTimerGetName                                    build/timers.o
pvPortMalloc                                      build/heap_4.o
                                                  build/timers.o
                                                  build/tasks.o
                                                  build/queue.o
                                                  build/event_groups.o
pvTaskIncrementMutexHeldCount                     build/tasks.o
                                                  build/queue.o
pvTimerGetTimerID                                 build/timers.o
pxCurrentTCB                                      build/tasks.o
                                                  build/port.o
pxPortInitialiseStack                             build/port.o
                                                  build/tasks.o
pxTask                                            build/main.o
pxTask_receive                                    build/main.o
rcc_enableclk                                     build/main.o
semaHandle                                        build/main.o
software_init_hook                                c:/tools/gcc7_2017-q4-major/bin/../lib/gcc/arm-none-eabi/7.2.1/../../../../arm-none-eabi/lib/thumb/v7e-m/fpv4-sp/hard/crt0.o
system_init                                       build/clock.o
                                                  build/main.o
uart_init                                         build/uart.o
uart_pin_init                                     build/uart.o
ucQueueGetQueueType                               build/queue.o
ulTaskNotifyTake                                  build/tasks.o
usart_dma_en                                      build/uart.o
usart_send_byte                                   build/uart.o
usart_send_string                                 build/uart.o
uxEventGroupGetNumber                             build/event_groups.o
uxListRemove                                      build/list.o
                                                  build/timers.o
                                                  build/tasks.o
uxQueueGetQueueNumber                             build/queue.o
uxQueueMessagesWaiting                            build/queue.o
uxQueueMessagesWaitingFromISR                     build/queue.o
uxQueueSpacesAvailable                            build/queue.o
uxTaskGetNumberOfTasks                            build/tasks.o
uxTaskGetSystemState                              build/tasks.o
uxTaskGetTaskNumber                               build/tasks.o
uxTaskPriorityGet                                 build/tasks.o
uxTaskPriorityGetFromISR                          build/tasks.o
uxTaskResetEventItemValue                         build/tasks.o
                                                  build/event_groups.o
uxTimerGetTimerNumber                             build/timers.o
vApplicationIdleHook                              build/main.o
                                                  build/tasks.o
vApplicationMallocFailedHook                      build/main.o
                                                  build/heap_4.o
vApplicationStackOverflowHook                     build/main.o
                                                  build/tasks.o
vEventGroupClearBitsCallback                      build/event_groups.o
vEventGroupDelete                                 build/event_groups.o
vEventGroupSetBitsCallback                        build/event_groups.o
vEventGroupSetNumber                              build/event_groups.o
vListInitialise                                   build/list.o
                                                  build/timers.o
                                                  build/tasks.o
                                                  build/queue.o
                                                  build/event_groups.o
vListInitialiseItem                               build/list.o
                                                  build/timers.o
                                                  build/tasks.o
vListInsert                                       build/list.o
                                                  build/timers.o
                                                  build/tasks.o
vListInsertEnd                                    build/list.o
                                                  build/tasks.o
vPortEndScheduler                                 build/port.o
                                                  build/tasks.o
vPortEnterCritical                                build/port.o
                                                  build/timers.o
                                                  build/tasks.o
                                                  build/queue.o
                                                  build/event_groups.o
vPortExitCritical                                 build/port.o
                                                  build/timers.o
                                                  build/tasks.o
                                                  build/queue.o
                                                  build/event_groups.o
vPortFree                                         build/heap_4.o
                                                  build/timers.o
                                                  build/tasks.o
                                                  build/queue.o
                                                  build/event_groups.o
vPortInitialiseBlocks                             build/heap_4.o
vPortSetupTimerInterrupt                          build/port.o
vPortValidateInterruptPriority                    build/port.o
                                                  build/tasks.o
                                                  build/queue.o
vQueueAddToRegistry                               build/queue.o
                                                  build/timers.o
vQueueDelete                                      build/queue.o
vQueueSetQueueNumber                              build/queue.o
vQueueUnregisterQueue                             build/queue.o
vQueueWaitForMessageRestricted                    build/queue.o
                                                  build/timers.o
vTaskDelay                                        build/tasks.o
                                                  build/main.o
vTaskDelayUntil                                   build/tasks.o
vTaskDelete                                       build/tasks.o
vTaskEndScheduler                                 build/tasks.o
vTaskGetInfo                                      build/tasks.o
vTaskInternalSetTimeOutState                      build/tasks.o
                                                  build/queue.o
vTaskMissedYield                                  build/tasks.o
                                                  build/queue.o
vTaskNotifyGiveFromISR                            build/tasks.o
vTaskPlaceOnEventList                             build/tasks.o
                                                  build/queue.o
vTaskPlaceOnEventListRestricted                   build/tasks.o
                                                  build/queue.o
vTaskPlaceOnUnorderedEventList                    build/tasks.o
                                                  build/event_groups.o
vTaskPriorityDisinheritAfterTimeout               build/tasks.o
                                                  build/queue.o
vTaskPrioritySet                                  build/tasks.o
vTaskRemoveFromUnorderedEventList                 build/tasks.o
                                                  build/event_groups.o
vTaskResume                                       build/tasks.o
vTaskSetTaskNumber                                build/tasks.o
vTaskSetTimeOutState                              build/tasks.o
vTaskStartScheduler                               build/tasks.o
                                                  build/main.o
vTaskSuspend                                      build/tasks.o
vTaskSuspendAll                                   build/tasks.o
                                                  build/timers.o
                                                  build/queue.o
                                                  build/event_groups.o
                                                  build/heap_4.o
vTaskSwitchContext                                build/tasks.o
                                                  build/port.o
vTimerSetTimerID                                  build/timers.o
vTimerSetTimerNumber                              build/timers.o
xEventGroupClearBits                              build/event_groups.o
xEventGroupCreate                                 build/event_groups.o
xEventGroupGetBitsFromISR                         build/event_groups.o
xEventGroupSetBits                                build/event_groups.o
xEventGroupSync                                   build/event_groups.o
xEventGroupWaitBits                               build/event_groups.o
xPortGetFreeHeapSize                              build/heap_4.o
xPortGetMinimumEverFreeHeapSize                   build/heap_4.o
xPortStartScheduler                               build/port.o
                                                  build/tasks.o
xQueueCreateCountingSemaphore                     build/queue.o
xQueueCreateMutex                                 build/queue.o
xQueueGenericCreate                               build/queue.o
                                                  build/timers.o
                                                  build/main.o
xQueueGenericReset                                build/queue.o
xQueueGenericSend                                 build/queue.o
                                                  build/timers.o
                                                  build/main.o
xQueueGenericSendFromISR                          build/queue.o
                                                  build/timers.o
xQueueGiveFromISR                                 build/queue.o
xQueueGiveMutexRecursive                          build/queue.o
xQueueIsQueueEmptyFromISR                         build/queue.o
xQueueIsQueueFullFromISR                          build/queue.o
xQueuePeek                                        build/queue.o
xQueuePeekFromISR                                 build/queue.o
xQueueReceive                                     build/queue.o
                                                  build/timers.o
xQueueReceiveFromISR                              build/queue.o
xQueueRegistry                                    build/queue.o
xQueueSemaphoreTake                               build/queue.o
                                                  build/main.o
xQueueTakeMutexRecursive                          build/queue.o
xTaskCheckForTimeOut                              build/tasks.o
                                                  build/queue.o
xTaskCreate                                       build/tasks.o
                                                  build/timers.o
                                                  build/main.o
xTaskGenericNotify                                build/tasks.o
xTaskGenericNotifyFromISR                         build/tasks.o
xTaskGetCurrentTaskHandle                         build/tasks.o
                                                  build/queue.o
xTaskGetSchedulerState                            build/tasks.o
                                                  build/timers.o
                                                  build/queue.o
                                                  build/event_groups.o
xTaskGetTickCount                                 build/tasks.o
                                                  build/timers.o
xTaskGetTickCountFromISR                          build/tasks.o
xTaskIncrementTick                                build/tasks.o
                                                  build/port.o
xTaskNotifyStateClear                             build/tasks.o
xTaskNotifyWait                                   build/tasks.o
xTaskPriorityDisinherit                           build/tasks.o
                                                  build/queue.o
xTaskPriorityInherit                              build/tasks.o
                                                  build/queue.o
xTaskRemoveFromEventList                          build/tasks.o
                                                  build/queue.o
xTaskResumeAll                                    build/tasks.o
                                                  build/timers.o
                                                  build/queue.o
                                                  build/event_groups.o
                                                  build/heap_4.o
xTaskResumeFromISR                                build/tasks.o
xTimerCreate                                      build/timers.o
xTimerCreateTimerTask                             build/timers.o
                                                  build/tasks.o
xTimerGenericCommand                              build/timers.o
xTimerGetExpiryTime                               build/timers.o
xTimerGetPeriod                                   build/timers.o
xTimerGetTimerDaemonTaskHandle                    build/timers.o
xTimerIsTimerActive                               build/timers.o
