Archive member included to satisfy reference by file (symbol)

c:/tools/gcc7_2017-q4-major/bin/../lib/gcc/arm-none-eabi/7.2.1/../../../../arm-none-eabi/lib/thumb/v7e-m/fpv4-sp/hard\libc_nano.a(lib_a-exit.o)
                              c:/tools/gcc7_2017-q4-major/bin/../lib/gcc/arm-none-eabi/7.2.1/../../../../arm-none-eabi/lib/thumb/v7e-m/fpv4-sp/hard/crt0.o (exit)
c:/tools/gcc7_2017-q4-major/bin/../lib/gcc/arm-none-eabi/7.2.1/../../../../arm-none-eabi/lib/thumb/v7e-m/fpv4-sp/hard\libc_nano.a(lib_a-impure.o)
                              c:/tools/gcc7_2017-q4-major/bin/../lib/gcc/arm-none-eabi/7.2.1/../../../../arm-none-eabi/lib/thumb/v7e-m/fpv4-sp/hard\libc_nano.a(lib_a-exit.o) (_global_impure_ptr)
c:/tools/gcc7_2017-q4-major/bin/../lib/gcc/arm-none-eabi/7.2.1/../../../../arm-none-eabi/lib/thumb/v7e-m/fpv4-sp/hard\libc_nano.a(lib_a-init.o)
                              c:/tools/gcc7_2017-q4-major/bin/../lib/gcc/arm-none-eabi/7.2.1/../../../../arm-none-eabi/lib/thumb/v7e-m/fpv4-sp/hard/crt0.o (__libc_init_array)
c:/tools/gcc7_2017-q4-major/bin/../lib/gcc/arm-none-eabi/7.2.1/../../../../arm-none-eabi/lib/thumb/v7e-m/fpv4-sp/hard\libc_nano.a(lib_a-memset.o)
                              c:/tools/gcc7_2017-q4-major/bin/../lib/gcc/arm-none-eabi/7.2.1/../../../../arm-none-eabi/lib/thumb/v7e-m/fpv4-sp/hard/crt0.o (memset)
c:/tools/gcc7_2017-q4-major/bin/../lib/gcc/arm-none-eabi/7.2.1/../../../../arm-none-eabi/lib/thumb/v7e-m/fpv4-sp/hard\libnosys.a(_exit.o)
                              c:/tools/gcc7_2017-q4-major/bin/../lib/gcc/arm-none-eabi/7.2.1/../../../../arm-none-eabi/lib/thumb/v7e-m/fpv4-sp/hard\libc_nano.a(lib_a-exit.o) (_exit)

Discarded input sections

 .text          0x00000000        0x0 c:/tools/gcc7_2017-q4-major/bin/../lib/gcc/arm-none-eabi/7.2.1/thumb/v7e-m/fpv4-sp/hard/crti.o
 .data          0x00000000        0x0 c:/tools/gcc7_2017-q4-major/bin/../lib/gcc/arm-none-eabi/7.2.1/thumb/v7e-m/fpv4-sp/hard/crti.o
 .bss           0x00000000        0x0 c:/tools/gcc7_2017-q4-major/bin/../lib/gcc/arm-none-eabi/7.2.1/thumb/v7e-m/fpv4-sp/hard/crti.o
 .data          0x00000000        0x4 c:/tools/gcc7_2017-q4-major/bin/../lib/gcc/arm-none-eabi/7.2.1/thumb/v7e-m/fpv4-sp/hard/crtbegin.o
 .text          0x00000000       0x74 c:/tools/gcc7_2017-q4-major/bin/../lib/gcc/arm-none-eabi/7.2.1/../../../../arm-none-eabi/lib/thumb/v7e-m/fpv4-sp/hard/crt0.o
 .data          0x00000000        0x0 c:/tools/gcc7_2017-q4-major/bin/../lib/gcc/arm-none-eabi/7.2.1/../../../../arm-none-eabi/lib/thumb/v7e-m/fpv4-sp/hard/crt0.o
 .bss           0x00000000        0x0 c:/tools/gcc7_2017-q4-major/bin/../lib/gcc/arm-none-eabi/7.2.1/../../../../arm-none-eabi/lib/thumb/v7e-m/fpv4-sp/hard/crt0.o
 .ARM.extab     0x00000000        0x0 c:/tools/gcc7_2017-q4-major/bin/../lib/gcc/arm-none-eabi/7.2.1/../../../../arm-none-eabi/lib/thumb/v7e-m/fpv4-sp/hard/crt0.o
 .ARM.exidx     0x00000000        0x8 c:/tools/gcc7_2017-q4-major/bin/../lib/gcc/arm-none-eabi/7.2.1/../../../../arm-none-eabi/lib/thumb/v7e-m/fpv4-sp/hard/crt0.o
 .ARM.attributes
                0x00000000       0x20 c:/tools/gcc7_2017-q4-major/bin/../lib/gcc/arm-none-eabi/7.2.1/../../../../arm-none-eabi/lib/thumb/v7e-m/fpv4-sp/hard/crt0.o
 .text          0x00000000        0x0 build/main.o
 .data          0x00000000        0x0 build/main.o
 .bss           0x00000000        0x0 build/main.o
 .text          0x00000000        0x0 build/stm32f4xx_it.o
 .data          0x00000000        0x0 build/stm32f4xx_it.o
 .bss           0x00000000        0x0 build/stm32f4xx_it.o
 .text.mNVIC_SetPriority
                0x00000000       0x1a build/stm32f4xx_it.o
 .text.mNVIC_EnableIRQ
                0x00000000       0x1a build/stm32f4xx_it.o
 .text          0x00000000        0x0 build/gpio.o
 .data          0x00000000        0x0 build/gpio.o
 .bss           0x00000000        0x0 build/gpio.o
 .text.led_on   0x00000000        0x4 build/gpio.o
 .text.led_off  0x00000000        0x6 build/gpio.o
 .text.GPIO_TongglePin
                0x00000000        0x8 build/gpio.o
 .text          0x00000000        0x0 build/clock.o
 .data          0x00000000        0x0 build/clock.o
 .bss           0x00000000        0x0 build/clock.o
 .text          0x00000000        0x0 build/systick.o
 .data          0x00000000        0x0 build/systick.o
 .bss           0x00000000        0x0 build/systick.o
 .text.systick_start
                0x00000000       0x20 build/systick.o
 .text.get_state_systick
                0x00000000       0x10 build/systick.o
 .text.delay_ms_systick
                0x00000000       0x20 build/systick.o
 .text          0x00000000        0x0 build/tim.o
 .data          0x00000000        0x0 build/tim.o
 .bss           0x00000000        0x0 build/tim.o
 .text.TIM_SlaveConfigSynchronization
                0x00000000       0x44 build/tim.o
 .text.input_capture_config
                0x00000000       0x38 build/tim.o
 .text          0x00000000       0x14 build/startup_stm32f411xe.o
 .data          0x00000000        0x0 build/startup_stm32f411xe.o
 .bss           0x00000000        0x0 build/startup_stm32f411xe.o
 .text          0x00000000        0x0 c:/tools/gcc7_2017-q4-major/bin/../lib/gcc/arm-none-eabi/7.2.1/../../../../arm-none-eabi/lib/thumb/v7e-m/fpv4-sp/hard\libc_nano.a(lib_a-exit.o)
 .data          0x00000000        0x0 c:/tools/gcc7_2017-q4-major/bin/../lib/gcc/arm-none-eabi/7.2.1/../../../../arm-none-eabi/lib/thumb/v7e-m/fpv4-sp/hard\libc_nano.a(lib_a-exit.o)
 .bss           0x00000000        0x0 c:/tools/gcc7_2017-q4-major/bin/../lib/gcc/arm-none-eabi/7.2.1/../../../../arm-none-eabi/lib/thumb/v7e-m/fpv4-sp/hard\libc_nano.a(lib_a-exit.o)
 .text.exit     0x00000000       0x28 c:/tools/gcc7_2017-q4-major/bin/../lib/gcc/arm-none-eabi/7.2.1/../../../../arm-none-eabi/lib/thumb/v7e-m/fpv4-sp/hard\libc_nano.a(lib_a-exit.o)
 .debug_frame   0x00000000       0x28 c:/tools/gcc7_2017-q4-major/bin/../lib/gcc/arm-none-eabi/7.2.1/../../../../arm-none-eabi/lib/thumb/v7e-m/fpv4-sp/hard\libc_nano.a(lib_a-exit.o)
 .ARM.attributes
                0x00000000       0x34 c:/tools/gcc7_2017-q4-major/bin/../lib/gcc/arm-none-eabi/7.2.1/../../../../arm-none-eabi/lib/thumb/v7e-m/fpv4-sp/hard\libc_nano.a(lib_a-exit.o)
 .text          0x00000000        0x0 c:/tools/gcc7_2017-q4-major/bin/../lib/gcc/arm-none-eabi/7.2.1/../../../../arm-none-eabi/lib/thumb/v7e-m/fpv4-sp/hard\libc_nano.a(lib_a-impure.o)
 .data          0x00000000        0x0 c:/tools/gcc7_2017-q4-major/bin/../lib/gcc/arm-none-eabi/7.2.1/../../../../arm-none-eabi/lib/thumb/v7e-m/fpv4-sp/hard\libc_nano.a(lib_a-impure.o)
 .bss           0x00000000        0x0 c:/tools/gcc7_2017-q4-major/bin/../lib/gcc/arm-none-eabi/7.2.1/../../../../arm-none-eabi/lib/thumb/v7e-m/fpv4-sp/hard\libc_nano.a(lib_a-impure.o)
 .data._impure_ptr
                0x00000000        0x4 c:/tools/gcc7_2017-q4-major/bin/../lib/gcc/arm-none-eabi/7.2.1/../../../../arm-none-eabi/lib/thumb/v7e-m/fpv4-sp/hard\libc_nano.a(lib_a-impure.o)
 .data.impure_data
                0x00000000       0x60 c:/tools/gcc7_2017-q4-major/bin/../lib/gcc/arm-none-eabi/7.2.1/../../../../arm-none-eabi/lib/thumb/v7e-m/fpv4-sp/hard\libc_nano.a(lib_a-impure.o)
 .rodata._global_impure_ptr
                0x00000000        0x4 c:/tools/gcc7_2017-q4-major/bin/../lib/gcc/arm-none-eabi/7.2.1/../../../../arm-none-eabi/lib/thumb/v7e-m/fpv4-sp/hard\libc_nano.a(lib_a-impure.o)
 .ARM.attributes
                0x00000000       0x34 c:/tools/gcc7_2017-q4-major/bin/../lib/gcc/arm-none-eabi/7.2.1/../../../../arm-none-eabi/lib/thumb/v7e-m/fpv4-sp/hard\libc_nano.a(lib_a-impure.o)
 .text          0x00000000        0x0 c:/tools/gcc7_2017-q4-major/bin/../lib/gcc/arm-none-eabi/7.2.1/../../../../arm-none-eabi/lib/thumb/v7e-m/fpv4-sp/hard\libc_nano.a(lib_a-init.o)
 .data          0x00000000        0x0 c:/tools/gcc7_2017-q4-major/bin/../lib/gcc/arm-none-eabi/7.2.1/../../../../arm-none-eabi/lib/thumb/v7e-m/fpv4-sp/hard\libc_nano.a(lib_a-init.o)
 .bss           0x00000000        0x0 c:/tools/gcc7_2017-q4-major/bin/../lib/gcc/arm-none-eabi/7.2.1/../../../../arm-none-eabi/lib/thumb/v7e-m/fpv4-sp/hard\libc_nano.a(lib_a-init.o)
 .text          0x00000000        0x0 c:/tools/gcc7_2017-q4-major/bin/../lib/gcc/arm-none-eabi/7.2.1/../../../../arm-none-eabi/lib/thumb/v7e-m/fpv4-sp/hard\libc_nano.a(lib_a-memset.o)
 .data          0x00000000        0x0 c:/tools/gcc7_2017-q4-major/bin/../lib/gcc/arm-none-eabi/7.2.1/../../../../arm-none-eabi/lib/thumb/v7e-m/fpv4-sp/hard\libc_nano.a(lib_a-memset.o)
 .bss           0x00000000        0x0 c:/tools/gcc7_2017-q4-major/bin/../lib/gcc/arm-none-eabi/7.2.1/../../../../arm-none-eabi/lib/thumb/v7e-m/fpv4-sp/hard\libc_nano.a(lib_a-memset.o)
 .text.memset   0x00000000       0x10 c:/tools/gcc7_2017-q4-major/bin/../lib/gcc/arm-none-eabi/7.2.1/../../../../arm-none-eabi/lib/thumb/v7e-m/fpv4-sp/hard\libc_nano.a(lib_a-memset.o)
 .debug_frame   0x00000000       0x20 c:/tools/gcc7_2017-q4-major/bin/../lib/gcc/arm-none-eabi/7.2.1/../../../../arm-none-eabi/lib/thumb/v7e-m/fpv4-sp/hard\libc_nano.a(lib_a-memset.o)
 .ARM.attributes
                0x00000000       0x34 c:/tools/gcc7_2017-q4-major/bin/../lib/gcc/arm-none-eabi/7.2.1/../../../../arm-none-eabi/lib/thumb/v7e-m/fpv4-sp/hard\libc_nano.a(lib_a-memset.o)
 .text          0x00000000        0x0 c:/tools/gcc7_2017-q4-major/bin/../lib/gcc/arm-none-eabi/7.2.1/../../../../arm-none-eabi/lib/thumb/v7e-m/fpv4-sp/hard\libnosys.a(_exit.o)
 .data          0x00000000        0x0 c:/tools/gcc7_2017-q4-major/bin/../lib/gcc/arm-none-eabi/7.2.1/../../../../arm-none-eabi/lib/thumb/v7e-m/fpv4-sp/hard\libnosys.a(_exit.o)
 .bss           0x00000000        0x0 c:/tools/gcc7_2017-q4-major/bin/../lib/gcc/arm-none-eabi/7.2.1/../../../../arm-none-eabi/lib/thumb/v7e-m/fpv4-sp/hard\libnosys.a(_exit.o)
 .text._exit    0x00000000        0x4 c:/tools/gcc7_2017-q4-major/bin/../lib/gcc/arm-none-eabi/7.2.1/../../../../arm-none-eabi/lib/thumb/v7e-m/fpv4-sp/hard\libnosys.a(_exit.o)
 .debug_frame   0x00000000       0x20 c:/tools/gcc7_2017-q4-major/bin/../lib/gcc/arm-none-eabi/7.2.1/../../../../arm-none-eabi/lib/thumb/v7e-m/fpv4-sp/hard\libnosys.a(_exit.o)
 .ARM.attributes
                0x00000000       0x34 c:/tools/gcc7_2017-q4-major/bin/../lib/gcc/arm-none-eabi/7.2.1/../../../../arm-none-eabi/lib/thumb/v7e-m/fpv4-sp/hard\libnosys.a(_exit.o)
 .text          0x00000000        0x0 c:/tools/gcc7_2017-q4-major/bin/../lib/gcc/arm-none-eabi/7.2.1/thumb/v7e-m/fpv4-sp/hard/crtend.o
 .data          0x00000000        0x0 c:/tools/gcc7_2017-q4-major/bin/../lib/gcc/arm-none-eabi/7.2.1/thumb/v7e-m/fpv4-sp/hard/crtend.o
 .bss           0x00000000        0x0 c:/tools/gcc7_2017-q4-major/bin/../lib/gcc/arm-none-eabi/7.2.1/thumb/v7e-m/fpv4-sp/hard/crtend.o
 .eh_frame      0x00000000        0x4 c:/tools/gcc7_2017-q4-major/bin/../lib/gcc/arm-none-eabi/7.2.1/thumb/v7e-m/fpv4-sp/hard/crtend.o
 .ARM.attributes
                0x00000000       0x34 c:/tools/gcc7_2017-q4-major/bin/../lib/gcc/arm-none-eabi/7.2.1/thumb/v7e-m/fpv4-sp/hard/crtend.o
 .text          0x00000000        0x0 c:/tools/gcc7_2017-q4-major/bin/../lib/gcc/arm-none-eabi/7.2.1/thumb/v7e-m/fpv4-sp/hard/crtn.o
 .data          0x00000000        0x0 c:/tools/gcc7_2017-q4-major/bin/../lib/gcc/arm-none-eabi/7.2.1/thumb/v7e-m/fpv4-sp/hard/crtn.o
 .bss           0x00000000        0x0 c:/tools/gcc7_2017-q4-major/bin/../lib/gcc/arm-none-eabi/7.2.1/thumb/v7e-m/fpv4-sp/hard/crtn.o

Memory Configuration

Name             Origin             Length             Attributes
RAM              0x20000000         0x00020000         xrw
FLASH            0x08000000         0x00080000         xr
*default*        0x00000000         0xffffffff

Linker script and memory map

LOAD c:/tools/gcc7_2017-q4-major/bin/../lib/gcc/arm-none-eabi/7.2.1/thumb/v7e-m/fpv4-sp/hard/crti.o
LOAD c:/tools/gcc7_2017-q4-major/bin/../lib/gcc/arm-none-eabi/7.2.1/thumb/v7e-m/fpv4-sp/hard/crtbegin.o
LOAD c:/tools/gcc7_2017-q4-major/bin/../lib/gcc/arm-none-eabi/7.2.1/../../../../arm-none-eabi/lib/thumb/v7e-m/fpv4-sp/hard/crt0.o
LOAD build/main.o
LOAD build/stm32f4xx_it.o
LOAD build/gpio.o
LOAD build/clock.o
LOAD build/systick.o
LOAD build/tim.o
LOAD build/startup_stm32f411xe.o
LOAD c:/tools/gcc7_2017-q4-major/bin/../lib/gcc/arm-none-eabi/7.2.1/../../../../arm-none-eabi/lib/thumb/v7e-m/fpv4-sp/hard\libc_nano.a
LOAD c:/tools/gcc7_2017-q4-major/bin/../lib/gcc/arm-none-eabi/7.2.1/../../../../arm-none-eabi/lib/thumb/v7e-m/fpv4-sp/hard\libm.a
LOAD c:/tools/gcc7_2017-q4-major/bin/../lib/gcc/arm-none-eabi/7.2.1/../../../../arm-none-eabi/lib/thumb/v7e-m/fpv4-sp/hard\libnosys.a
START GROUP
LOAD c:/tools/gcc7_2017-q4-major/bin/../lib/gcc/arm-none-eabi/7.2.1/thumb/v7e-m/fpv4-sp/hard\libgcc.a
LOAD c:/tools/gcc7_2017-q4-major/bin/../lib/gcc/arm-none-eabi/7.2.1/../../../../arm-none-eabi/lib/thumb/v7e-m/fpv4-sp/hard\libc_nano.a
END GROUP
START GROUP
LOAD c:/tools/gcc7_2017-q4-major/bin/../lib/gcc/arm-none-eabi/7.2.1/thumb/v7e-m/fpv4-sp/hard\libgcc.a
LOAD c:/tools/gcc7_2017-q4-major/bin/../lib/gcc/arm-none-eabi/7.2.1/../../../../arm-none-eabi/lib/thumb/v7e-m/fpv4-sp/hard\libc_nano.a
END GROUP
LOAD c:/tools/gcc7_2017-q4-major/bin/../lib/gcc/arm-none-eabi/7.2.1/thumb/v7e-m/fpv4-sp/hard/crtend.o
LOAD c:/tools/gcc7_2017-q4-major/bin/../lib/gcc/arm-none-eabi/7.2.1/thumb/v7e-m/fpv4-sp/hard/crtn.o
                0x20020000                _estack = 0x20020000
                0x00000200                _Min_Heap_Size = 0x200
                0x00000400                _Min_Stack_Size = 0x400

.isr_vector     0x08000000      0x198
                0x08000000                . = ALIGN (0x4)
 *(.isr_vector)
 .isr_vector    0x08000000      0x198 build/startup_stm32f411xe.o
                0x08000000                g_pfnVectors
                0x08000198                . = ALIGN (0x4)

.text           0x08000198      0x47c
                0x08000198                . = ALIGN (0x4)
 *(.text)
 .text          0x08000198       0x40 c:/tools/gcc7_2017-q4-major/bin/../lib/gcc/arm-none-eabi/7.2.1/thumb/v7e-m/fpv4-sp/hard/crtbegin.o
 *(.text*)
 .text.rcc_enableclk
                0x080001d8       0x1c build/main.o
                0x080001d8                rcc_enableclk
 .text.config_pin
                0x080001f4       0x28 build/main.o
                0x080001f4                config_pin
 .text.main     0x0800021c       0x3c build/main.o
                0x0800021c                main
 .text.NMI_Handler
                0x08000258        0x2 build/stm32f4xx_it.o
                0x08000258                NMI_Handler
 .text.HardFault_Handler
                0x0800025a        0x2 build/stm32f4xx_it.o
                0x0800025a                HardFault_Handler
 .text.MemManage_Handler
                0x0800025c        0x2 build/stm32f4xx_it.o
                0x0800025c                MemManage_Handler
 .text.BusFault_Handler
                0x0800025e        0x2 build/stm32f4xx_it.o
                0x0800025e                BusFault_Handler
 .text.UsageFault_Handler
                0x08000260        0x2 build/stm32f4xx_it.o
                0x08000260                UsageFault_Handler
 .text.SVC_Handler
                0x08000262        0x2 build/stm32f4xx_it.o
                0x08000262                SVC_Handler
 .text.DebugMon_Handler
                0x08000264        0x2 build/stm32f4xx_it.o
                0x08000264                DebugMon_Handler
 .text.PendSV_Handler
                0x08000266        0x2 build/stm32f4xx_it.o
                0x08000266                PendSV_Handler
 .text.SysTick_Handler
                0x08000268        0x2 build/stm32f4xx_it.o
                0x08000268                SysTick_Handler
 .text.init_pin
                0x0800026a       0x84 build/gpio.o
                0x0800026a                init_pin
 *fill*         0x080002ee        0x2 
 .text.system_init
                0x080002f0      0x1d4 build/clock.o
                0x080002f0                system_init
 .text.systick_init
                0x080004c4       0x20 build/systick.o
                0x080004c4                systick_init
 .text.mTIM_Base_SetConfig
                0x080004e4       0x24 build/tim.o
                0x080004e4                mTIM_Base_SetConfig
 .text.tim_start
                0x08000508        0xa build/tim.o
                0x08000508                tim_start
 *fill*         0x08000512        0x2 
 .text.config_ext_clk2
                0x08000514       0x50 build/tim.o
                0x08000514                config_ext_clk2
 .text.Reset_Handler
                0x08000564       0x4c build/startup_stm32f411xe.o
                0x08000564                Reset_Handler
 .text.Default_Handler
                0x080005b0        0x2 build/startup_stm32f411xe.o
                0x080005b0                RTC_Alarm_IRQHandler
                0x080005b0                EXTI2_IRQHandler
                0x080005b0                SPI4_IRQHandler
                0x080005b0                TIM1_CC_IRQHandler
                0x080005b0                DMA2_Stream5_IRQHandler
                0x080005b0                DMA1_Stream5_IRQHandler
                0x080005b0                PVD_IRQHandler
                0x080005b0                SDIO_IRQHandler
                0x080005b0                TAMP_STAMP_IRQHandler
                0x080005b0                EXTI3_IRQHandler
                0x080005b0                TIM1_UP_TIM10_IRQHandler
                0x080005b0                I2C3_ER_IRQHandler
                0x080005b0                EXTI0_IRQHandler
                0x080005b0                I2C2_EV_IRQHandler
                0x080005b0                DMA1_Stream2_IRQHandler
                0x080005b0                FPU_IRQHandler
                0x080005b0                DMA2_Stream2_IRQHandler
                0x080005b0                SPI1_IRQHandler
                0x080005b0                TIM1_BRK_TIM9_IRQHandler
                0x080005b0                DMA2_Stream3_IRQHandler
                0x080005b0                USART6_IRQHandler
                0x080005b0                DMA2_Stream0_IRQHandler
                0x080005b0                TIM4_IRQHandler
                0x080005b0                I2C1_EV_IRQHandler
                0x080005b0                DMA1_Stream6_IRQHandler
                0x080005b0                DMA1_Stream1_IRQHandler
                0x080005b0                TIM3_IRQHandler
                0x080005b0                RCC_IRQHandler
                0x080005b0                Default_Handler
                0x080005b0                EXTI15_10_IRQHandler
                0x080005b0                ADC_IRQHandler
                0x080005b0                DMA1_Stream7_IRQHandler
                0x080005b0                SPI5_IRQHandler
                0x080005b0                TIM5_IRQHandler
                0x080005b0                DMA2_Stream7_IRQHandler
                0x080005b0                I2C3_EV_IRQHandler
                0x080005b0                EXTI9_5_IRQHandler
                0x080005b0                RTC_WKUP_IRQHandler
                0x080005b0                SPI2_IRQHandler
                0x080005b0                DMA1_Stream0_IRQHandler
                0x080005b0                EXTI4_IRQHandler
                0x080005b0                WWDG_IRQHandler
                0x080005b0                TIM2_IRQHandler
                0x080005b0                OTG_FS_WKUP_IRQHandler
                0x080005b0                TIM1_TRG_COM_TIM11_IRQHandler
                0x080005b0                EXTI1_IRQHandler
                0x080005b0                USART2_IRQHandler
                0x080005b0                I2C2_ER_IRQHandler
                0x080005b0                DMA2_Stream1_IRQHandler
                0x080005b0                FLASH_IRQHandler
                0x080005b0                DMA2_Stream4_IRQHandler
                0x080005b0                USART1_IRQHandler
                0x080005b0                OTG_FS_IRQHandler
                0x080005b0                SPI3_IRQHandler
                0x080005b0                DMA1_Stream4_IRQHandler
                0x080005b0                I2C1_ER_IRQHandler
                0x080005b0                DMA2_Stream6_IRQHandler
                0x080005b0                DMA1_Stream3_IRQHandler
 *fill*         0x080005b2        0x2 
 .text.__libc_init_array
                0x080005b4       0x48 c:/tools/gcc7_2017-q4-major/bin/../lib/gcc/arm-none-eabi/7.2.1/../../../../arm-none-eabi/lib/thumb/v7e-m/fpv4-sp/hard\libc_nano.a(lib_a-init.o)
                0x080005b4                __libc_init_array
 *(.glue_7)
 .glue_7        0x080005fc        0x0 linker stubs
 *(.glue_7t)
 .glue_7t       0x080005fc        0x0 linker stubs
 *(.eh_frame)
 .eh_frame      0x080005fc        0x0 c:/tools/gcc7_2017-q4-major/bin/../lib/gcc/arm-none-eabi/7.2.1/thumb/v7e-m/fpv4-sp/hard/crtbegin.o
 *(.init)
 .init          0x080005fc        0x4 c:/tools/gcc7_2017-q4-major/bin/../lib/gcc/arm-none-eabi/7.2.1/thumb/v7e-m/fpv4-sp/hard/crti.o
                0x080005fc                _init
 .init          0x08000600        0x8 c:/tools/gcc7_2017-q4-major/bin/../lib/gcc/arm-none-eabi/7.2.1/thumb/v7e-m/fpv4-sp/hard/crtn.o
 *(.fini)
 .fini          0x08000608        0x4 c:/tools/gcc7_2017-q4-major/bin/../lib/gcc/arm-none-eabi/7.2.1/thumb/v7e-m/fpv4-sp/hard/crti.o
                0x08000608                _fini
 .fini          0x0800060c        0x8 c:/tools/gcc7_2017-q4-major/bin/../lib/gcc/arm-none-eabi/7.2.1/thumb/v7e-m/fpv4-sp/hard/crtn.o
                0x08000614                . = ALIGN (0x4)
                0x08000614                _etext = .

.vfp11_veneer   0x08000614        0x0
 .vfp11_veneer  0x08000614        0x0 linker stubs

.v4_bx          0x08000614        0x0
 .v4_bx         0x08000614        0x0 linker stubs

.iplt           0x08000614        0x0
 .iplt          0x08000614        0x0 c:/tools/gcc7_2017-q4-major/bin/../lib/gcc/arm-none-eabi/7.2.1/thumb/v7e-m/fpv4-sp/hard/crtbegin.o

.rel.dyn        0x08000614        0x0
 .rel.iplt      0x08000614        0x0 c:/tools/gcc7_2017-q4-major/bin/../lib/gcc/arm-none-eabi/7.2.1/thumb/v7e-m/fpv4-sp/hard/crtbegin.o

.rodata         0x08000614        0x0
                0x08000614                . = ALIGN (0x4)
 *(.rodata)
 *(.rodata*)
                0x08000614                . = ALIGN (0x4)

.ARM.extab
 *(.ARM.extab* .gnu.linkonce.armextab.*)

.ARM            0x08000614        0x0
                0x08000614                __exidx_start = .
 *(.ARM.exidx*)
                0x08000614                __exidx_end = .

.preinit_array  0x08000614        0x0
                0x08000614                PROVIDE (__preinit_array_start, .)
 *(.preinit_array*)
                0x08000614                PROVIDE (__preinit_array_end, .)

.init_array     0x08000614        0x4
                0x08000614                PROVIDE (__init_array_start, .)
 *(SORT_BY_NAME(.init_array.*))
 *(.init_array*)
 .init_array    0x08000614        0x4 c:/tools/gcc7_2017-q4-major/bin/../lib/gcc/arm-none-eabi/7.2.1/thumb/v7e-m/fpv4-sp/hard/crtbegin.o
                0x08000618                PROVIDE (__init_array_end, .)

.fini_array     0x08000618        0x4
                [!provide]                PROVIDE (__fini_array_start, .)
 *(SORT_BY_NAME(.fini_array.*))
 *(.fini_array*)
 .fini_array    0x08000618        0x4 c:/tools/gcc7_2017-q4-major/bin/../lib/gcc/arm-none-eabi/7.2.1/thumb/v7e-m/fpv4-sp/hard/crtbegin.o
                [!provide]                PROVIDE (__fini_array_end, .)
                0x0800061c                _sidata = LOADADDR (.data)

.data           0x20000000        0x0 load address 0x0800061c
                0x20000000                . = ALIGN (0x4)
                0x20000000                _sdata = .
 *(.data)
 *(.data*)
                0x20000000                . = ALIGN (0x4)
                0x20000000                _edata = .

.igot.plt       0x20000000        0x0 load address 0x0800061c
 .igot.plt      0x20000000        0x0 c:/tools/gcc7_2017-q4-major/bin/../lib/gcc/arm-none-eabi/7.2.1/thumb/v7e-m/fpv4-sp/hard/crtbegin.o
                0x20000000                . = ALIGN (0x4)

.bss            0x20000000       0x1c load address 0x0800061c
                0x20000000                _sbss = .
                0x20000000                __bss_start__ = _sbss
 *(.bss)
 .bss           0x20000000       0x1c c:/tools/gcc7_2017-q4-major/bin/../lib/gcc/arm-none-eabi/7.2.1/thumb/v7e-m/fpv4-sp/hard/crtbegin.o
 *(.bss*)
 *(COMMON)
                0x2000001c                . = ALIGN (0x4)
                0x2000001c                _ebss = .
                0x2000001c                __bss_end__ = _ebss

._user_heap_stack
                0x2000001c      0x604 load address 0x0800061c
                0x20000020                . = ALIGN (0x8)
 *fill*         0x2000001c        0x4 
                [!provide]                PROVIDE (end, .)
                [!provide]                PROVIDE (_end, .)
                0x20000220                . = (. + _Min_Heap_Size)
 *fill*         0x20000020      0x200 
                0x20000620                . = (. + _Min_Stack_Size)
 *fill*         0x20000220      0x400 
                0x20000620                . = ALIGN (0x8)

/DISCARD/
 libc.a(*)
 libm.a(*)
 libgcc.a(*)

.ARM.attributes
                0x00000000       0x30
 *(.ARM.attributes)
 .ARM.attributes
                0x00000000       0x22 c:/tools/gcc7_2017-q4-major/bin/../lib/gcc/arm-none-eabi/7.2.1/thumb/v7e-m/fpv4-sp/hard/crti.o
 .ARM.attributes
                0x00000022       0x34 c:/tools/gcc7_2017-q4-major/bin/../lib/gcc/arm-none-eabi/7.2.1/thumb/v7e-m/fpv4-sp/hard/crtbegin.o
 .ARM.attributes
                0x00000056       0x39 build/main.o
 .ARM.attributes
                0x0000008f       0x39 build/stm32f4xx_it.o
 .ARM.attributes
                0x000000c8       0x39 build/gpio.o
 .ARM.attributes
                0x00000101       0x39 build/clock.o
 .ARM.attributes
                0x0000013a       0x39 build/systick.o
 .ARM.attributes
                0x00000173       0x39 build/tim.o
 .ARM.attributes
                0x000001ac       0x21 build/startup_stm32f411xe.o
 .ARM.attributes
                0x000001cd       0x34 c:/tools/gcc7_2017-q4-major/bin/../lib/gcc/arm-none-eabi/7.2.1/../../../../arm-none-eabi/lib/thumb/v7e-m/fpv4-sp/hard\libc_nano.a(lib_a-init.o)
 .ARM.attributes
                0x00000201       0x22 c:/tools/gcc7_2017-q4-major/bin/../lib/gcc/arm-none-eabi/7.2.1/thumb/v7e-m/fpv4-sp/hard/crtn.o
OUTPUT(build/external_counter_32f411.elf elf32-littlearm)

.debug_info     0x00000000     0x13ff
 .debug_info    0x00000000      0xb53 build/main.o
 .debug_info    0x00000b53      0x351 build/stm32f4xx_it.o
 .debug_info    0x00000ea4      0x1ec build/gpio.o
 .debug_info    0x00001090       0xeb build/clock.o
 .debug_info    0x0000117b      0x10d build/systick.o
 .debug_info    0x00001288      0x155 build/tim.o
 .debug_info    0x000013dd       0x22 build/startup_stm32f411xe.o

.debug_abbrev   0x00000000      0x597
 .debug_abbrev  0x00000000      0x214 build/main.o
 .debug_abbrev  0x00000214       0xc8 build/stm32f4xx_it.o
 .debug_abbrev  0x000002dc       0xd2 build/gpio.o
 .debug_abbrev  0x000003ae       0x6b build/clock.o
 .debug_abbrev  0x00000419       0xd6 build/systick.o
 .debug_abbrev  0x000004ef       0x96 build/tim.o
 .debug_abbrev  0x00000585       0x12 build/startup_stm32f411xe.o

.debug_loc      0x00000000      0x709
 .debug_loc     0x00000000       0x64 build/main.o
 .debug_loc     0x00000064       0x9f build/stm32f4xx_it.o
 .debug_loc     0x00000103      0x1d5 build/gpio.o
 .debug_loc     0x000002d8      0x104 build/clock.o
 .debug_loc     0x000003dc      0x10b build/systick.o
 .debug_loc     0x000004e7      0x222 build/tim.o

.debug_aranges  0x00000000      0x198
 .debug_aranges
                0x00000000       0x30 build/main.o
 .debug_aranges
                0x00000030       0x70 build/stm32f4xx_it.o
 .debug_aranges
                0x000000a0       0x38 build/gpio.o
 .debug_aranges
                0x000000d8       0x20 build/clock.o
 .debug_aranges
                0x000000f8       0x38 build/systick.o
 .debug_aranges
                0x00000130       0x40 build/tim.o
 .debug_aranges
                0x00000170       0x28 build/startup_stm32f411xe.o

.debug_ranges   0x00000000      0x130
 .debug_ranges  0x00000000       0x20 build/main.o
 .debug_ranges  0x00000020       0x60 build/stm32f4xx_it.o
 .debug_ranges  0x00000080       0x28 build/gpio.o
 .debug_ranges  0x000000a8       0x10 build/clock.o
 .debug_ranges  0x000000b8       0x28 build/systick.o
 .debug_ranges  0x000000e0       0x30 build/tim.o
 .debug_ranges  0x00000110       0x20 build/startup_stm32f411xe.o

.debug_line     0x00000000      0x723
 .debug_line    0x00000000      0x1c2 build/main.o
 .debug_line    0x000001c2      0x13b build/stm32f4xx_it.o
 .debug_line    0x000002fd       0xee build/gpio.o
 .debug_line    0x000003eb      0x111 build/clock.o
 .debug_line    0x000004fc       0xa8 build/systick.o
 .debug_line    0x000005a4      0x10c build/tim.o
 .debug_line    0x000006b0       0x73 build/startup_stm32f411xe.o

.debug_str      0x00000000      0xc4a
 .debug_str     0x00000000      0x5cc build/main.o
                                0x62a (size before relaxing)
 .debug_str     0x000005cc      0x480 build/stm32f4xx_it.o
                                0x5a0 (size before relaxing)
 .debug_str     0x00000a4c       0x85 build/gpio.o
                                0x1f4 (size before relaxing)
 .debug_str     0x00000ad1       0x76 build/clock.o
                                0x1a3 (size before relaxing)
 .debug_str     0x00000b47       0x67 build/systick.o
                                0x195 (size before relaxing)
 .debug_str     0x00000bae       0x77 build/tim.o
                                0x1c6 (size before relaxing)
 .debug_str     0x00000c25       0x25 build/startup_stm32f411xe.o
                                 0x57 (size before relaxing)

.comment        0x00000000       0x7e
 .comment       0x00000000       0x7e build/main.o
                                 0x7f (size before relaxing)
 .comment       0x0000007e       0x7f build/stm32f4xx_it.o
 .comment       0x0000007e       0x7f build/gpio.o
 .comment       0x0000007e       0x7f build/clock.o
 .comment       0x0000007e       0x7f build/systick.o
 .comment       0x0000007e       0x7f build/tim.o

.debug_frame    0x00000000      0x2a4
 .debug_frame   0x00000000       0x58 build/main.o
 .debug_frame   0x00000058       0xc0 build/stm32f4xx_it.o
 .debug_frame   0x00000118       0x6c build/gpio.o
 .debug_frame   0x00000184       0x38 build/clock.o
 .debug_frame   0x000001bc       0x5c build/systick.o
 .debug_frame   0x00000218       0x60 build/tim.o
 .debug_frame   0x00000278       0x2c c:/tools/gcc7_2017-q4-major/bin/../lib/gcc/arm-none-eabi/7.2.1/../../../../arm-none-eabi/lib/thumb/v7e-m/fpv4-sp/hard\libc_nano.a(lib_a-init.o)

Cross Reference Table

Symbol                                            File
ADC_IRQHandler                                    build/startup_stm32f411xe.o
BusFault_Handler                                  build/stm32f4xx_it.o
DMA1_Stream0_IRQHandler                           build/startup_stm32f411xe.o
DMA1_Stream1_IRQHandler                           build/startup_stm32f411xe.o
DMA1_Stream2_IRQHandler                           build/startup_stm32f411xe.o
DMA1_Stream3_IRQHandler                           build/startup_stm32f411xe.o
DMA1_Stream4_IRQHandler                           build/startup_stm32f411xe.o
DMA1_Stream5_IRQHandler                           build/startup_stm32f411xe.o
DMA1_Stream6_IRQHandler                           build/startup_stm32f411xe.o
DMA1_Stream7_IRQHandler                           build/startup_stm32f411xe.o
DMA2_Stream0_IRQHandler                           build/startup_stm32f411xe.o
DMA2_Stream1_IRQHandler                           build/startup_stm32f411xe.o
DMA2_Stream2_IRQHandler                           build/startup_stm32f411xe.o
DMA2_Stream3_IRQHandler                           build/startup_stm32f411xe.o
DMA2_Stream4_IRQHandler                           build/startup_stm32f411xe.o
DMA2_Stream5_IRQHandler                           build/startup_stm32f411xe.o
DMA2_Stream6_IRQHandler                           build/startup_stm32f411xe.o
DMA2_Stream7_IRQHandler                           build/startup_stm32f411xe.o
DebugMon_Handler                                  build/stm32f4xx_it.o
Default_Handler                                   build/startup_stm32f411xe.o
EXTI0_IRQHandler                                  build/startup_stm32f411xe.o
EXTI15_10_IRQHandler                              build/startup_stm32f411xe.o
EXTI1_IRQHandler                                  build/startup_stm32f411xe.o
EXTI2_IRQHandler                                  build/startup_stm32f411xe.o
EXTI3_IRQHandler                                  build/startup_stm32f411xe.o
EXTI4_IRQHandler                                  build/startup_stm32f411xe.o
EXTI9_5_IRQHandler                                build/startup_stm32f411xe.o
FLASH_IRQHandler                                  build/startup_stm32f411xe.o
FPU_IRQHandler                                    build/startup_stm32f411xe.o
GPIO_TongglePin                                   build/gpio.o
HardFault_Handler                                 build/stm32f4xx_it.o
I2C1_ER_IRQHandler                                build/startup_stm32f411xe.o
I2C1_EV_IRQHandler                                build/startup_stm32f411xe.o
I2C2_ER_IRQHandler                                build/startup_stm32f411xe.o
I2C2_EV_IRQHandler                                build/startup_stm32f411xe.o
I2C3_ER_IRQHandler                                build/startup_stm32f411xe.o
I2C3_EV_IRQHandler                                build/startup_stm32f411xe.o
MemManage_Handler                                 build/stm32f4xx_it.o
NMI_Handler                                       build/stm32f4xx_it.o
OTG_FS_IRQHandler                                 build/startup_stm32f411xe.o
OTG_FS_WKUP_IRQHandler                            build/startup_stm32f411xe.o
PVD_IRQHandler                                    build/startup_stm32f411xe.o
PendSV_Handler                                    build/stm32f4xx_it.o
RCC_IRQHandler                                    build/startup_stm32f411xe.o
RTC_Alarm_IRQHandler                              build/startup_stm32f411xe.o
RTC_WKUP_IRQHandler                               build/startup_stm32f411xe.o
Reset_Handler                                     build/startup_stm32f411xe.o
SDIO_IRQHandler                                   build/startup_stm32f411xe.o
SPI1_IRQHandler                                   build/startup_stm32f411xe.o
SPI2_IRQHandler                                   build/startup_stm32f411xe.o
SPI3_IRQHandler                                   build/startup_stm32f411xe.o
SPI4_IRQHandler                                   build/startup_stm32f411xe.o
SPI5_IRQHandler                                   build/startup_stm32f411xe.o
SVC_Handler                                       build/stm32f4xx_it.o
SysTick_Handler                                   build/stm32f4xx_it.o
TAMP_STAMP_IRQHandler                             build/startup_stm32f411xe.o
TIM1_BRK_TIM9_IRQHandler                          build/startup_stm32f411xe.o
TIM1_CC_IRQHandler                                build/startup_stm32f411xe.o
TIM1_TRG_COM_TIM11_IRQHandler                     build/startup_stm32f411xe.o
TIM1_UP_TIM10_IRQHandler                          build/startup_stm32f411xe.o
TIM2_IRQHandler                                   build/startup_stm32f411xe.o
TIM3_IRQHandler                                   build/startup_stm32f411xe.o
TIM4_IRQHandler                                   build/startup_stm32f411xe.o
TIM5_IRQHandler                                   build/startup_stm32f411xe.o
TIM_SlaveConfigSynchronization                    build/tim.o
USART1_IRQHandler                                 build/startup_stm32f411xe.o
USART2_IRQHandler                                 build/startup_stm32f411xe.o
USART6_IRQHandler                                 build/startup_stm32f411xe.o
UsageFault_Handler                                build/stm32f4xx_it.o
WWDG_IRQHandler                                   build/startup_stm32f411xe.o
__bss_end__                                       c:/tools/gcc7_2017-q4-major/bin/../lib/gcc/arm-none-eabi/7.2.1/../../../../arm-none-eabi/lib/thumb/v7e-m/fpv4-sp/hard/crt0.o
__bss_start__                                     c:/tools/gcc7_2017-q4-major/bin/../lib/gcc/arm-none-eabi/7.2.1/../../../../arm-none-eabi/lib/thumb/v7e-m/fpv4-sp/hard/crt0.o
__call_exitprocs                                  c:/tools/gcc7_2017-q4-major/bin/../lib/gcc/arm-none-eabi/7.2.1/../../../../arm-none-eabi/lib/thumb/v7e-m/fpv4-sp/hard\libc_nano.a(lib_a-exit.o)
__deregister_frame_info                           c:/tools/gcc7_2017-q4-major/bin/../lib/gcc/arm-none-eabi/7.2.1/thumb/v7e-m/fpv4-sp/hard/crtbegin.o
__dso_handle                                      c:/tools/gcc7_2017-q4-major/bin/../lib/gcc/arm-none-eabi/7.2.1/thumb/v7e-m/fpv4-sp/hard/crtbegin.o
__init_array_end                                  c:/tools/gcc7_2017-q4-major/bin/../lib/gcc/arm-none-eabi/7.2.1/../../../../arm-none-eabi/lib/thumb/v7e-m/fpv4-sp/hard\libc_nano.a(lib_a-init.o)
__init_array_start                                c:/tools/gcc7_2017-q4-major/bin/../lib/gcc/arm-none-eabi/7.2.1/../../../../arm-none-eabi/lib/thumb/v7e-m/fpv4-sp/hard\libc_nano.a(lib_a-init.o)
__libc_fini_array                                 c:/tools/gcc7_2017-q4-major/bin/../lib/gcc/arm-none-eabi/7.2.1/../../../../arm-none-eabi/lib/thumb/v7e-m/fpv4-sp/hard/crt0.o
__libc_init_array                                 c:/tools/gcc7_2017-q4-major/bin/../lib/gcc/arm-none-eabi/7.2.1/../../../../arm-none-eabi/lib/thumb/v7e-m/fpv4-sp/hard\libc_nano.a(lib_a-init.o)
                                                  build/startup_stm32f411xe.o
                                                  c:/tools/gcc7_2017-q4-major/bin/../lib/gcc/arm-none-eabi/7.2.1/../../../../arm-none-eabi/lib/thumb/v7e-m/fpv4-sp/hard/crt0.o
__preinit_array_end                               c:/tools/gcc7_2017-q4-major/bin/../lib/gcc/arm-none-eabi/7.2.1/../../../../arm-none-eabi/lib/thumb/v7e-m/fpv4-sp/hard\libc_nano.a(lib_a-init.o)
__preinit_array_start                             c:/tools/gcc7_2017-q4-major/bin/../lib/gcc/arm-none-eabi/7.2.1/../../../../arm-none-eabi/lib/thumb/v7e-m/fpv4-sp/hard\libc_nano.a(lib_a-init.o)
__register_frame_info                             c:/tools/gcc7_2017-q4-major/bin/../lib/gcc/arm-none-eabi/7.2.1/thumb/v7e-m/fpv4-sp/hard/crtbegin.o
__sf_fake_stderr                                  c:/tools/gcc7_2017-q4-major/bin/../lib/gcc/arm-none-eabi/7.2.1/../../../../arm-none-eabi/lib/thumb/v7e-m/fpv4-sp/hard\libc_nano.a(lib_a-impure.o)
__sf_fake_stdin                                   c:/tools/gcc7_2017-q4-major/bin/../lib/gcc/arm-none-eabi/7.2.1/../../../../arm-none-eabi/lib/thumb/v7e-m/fpv4-sp/hard\libc_nano.a(lib_a-impure.o)
__sf_fake_stdout                                  c:/tools/gcc7_2017-q4-major/bin/../lib/gcc/arm-none-eabi/7.2.1/../../../../arm-none-eabi/lib/thumb/v7e-m/fpv4-sp/hard\libc_nano.a(lib_a-impure.o)
__stack                                           c:/tools/gcc7_2017-q4-major/bin/../lib/gcc/arm-none-eabi/7.2.1/../../../../arm-none-eabi/lib/thumb/v7e-m/fpv4-sp/hard/crt0.o
_ebss                                             build/startup_stm32f411xe.o
_edata                                            build/startup_stm32f411xe.o
_estack                                           build/startup_stm32f411xe.o
_exit                                             c:/tools/gcc7_2017-q4-major/bin/../lib/gcc/arm-none-eabi/7.2.1/../../../../arm-none-eabi/lib/thumb/v7e-m/fpv4-sp/hard\libnosys.a(_exit.o)
                                                  c:/tools/gcc7_2017-q4-major/bin/../lib/gcc/arm-none-eabi/7.2.1/../../../../arm-none-eabi/lib/thumb/v7e-m/fpv4-sp/hard\libc_nano.a(lib_a-exit.o)
_fini                                             c:/tools/gcc7_2017-q4-major/bin/../lib/gcc/arm-none-eabi/7.2.1/thumb/v7e-m/fpv4-sp/hard/crti.o
_global_impure_ptr                                c:/tools/gcc7_2017-q4-major/bin/../lib/gcc/arm-none-eabi/7.2.1/../../../../arm-none-eabi/lib/thumb/v7e-m/fpv4-sp/hard\libc_nano.a(lib_a-impure.o)
                                                  c:/tools/gcc7_2017-q4-major/bin/../lib/gcc/arm-none-eabi/7.2.1/../../../../arm-none-eabi/lib/thumb/v7e-m/fpv4-sp/hard\libc_nano.a(lib_a-exit.o)
_impure_ptr                                       c:/tools/gcc7_2017-q4-major/bin/../lib/gcc/arm-none-eabi/7.2.1/../../../../arm-none-eabi/lib/thumb/v7e-m/fpv4-sp/hard\libc_nano.a(lib_a-impure.o)
_init                                             c:/tools/gcc7_2017-q4-major/bin/../lib/gcc/arm-none-eabi/7.2.1/thumb/v7e-m/fpv4-sp/hard/crti.o
                                                  c:/tools/gcc7_2017-q4-major/bin/../lib/gcc/arm-none-eabi/7.2.1/../../../../arm-none-eabi/lib/thumb/v7e-m/fpv4-sp/hard\libc_nano.a(lib_a-init.o)
_mainCRTStartup                                   c:/tools/gcc7_2017-q4-major/bin/../lib/gcc/arm-none-eabi/7.2.1/../../../../arm-none-eabi/lib/thumb/v7e-m/fpv4-sp/hard/crt0.o
_sbss                                             build/startup_stm32f411xe.o
_sdata                                            build/startup_stm32f411xe.o
_sidata                                           build/startup_stm32f411xe.o
_start                                            c:/tools/gcc7_2017-q4-major/bin/../lib/gcc/arm-none-eabi/7.2.1/../../../../arm-none-eabi/lib/thumb/v7e-m/fpv4-sp/hard/crt0.o
atexit                                            c:/tools/gcc7_2017-q4-major/bin/../lib/gcc/arm-none-eabi/7.2.1/../../../../arm-none-eabi/lib/thumb/v7e-m/fpv4-sp/hard/crt0.o
config_ext_clk2                                   build/tim.o
                                                  build/main.o
config_pin                                        build/main.o
delay_ms_systick                                  build/systick.o
exit                                              c:/tools/gcc7_2017-q4-major/bin/../lib/gcc/arm-none-eabi/7.2.1/../../../../arm-none-eabi/lib/thumb/v7e-m/fpv4-sp/hard\libc_nano.a(lib_a-exit.o)
                                                  c:/tools/gcc7_2017-q4-major/bin/../lib/gcc/arm-none-eabi/7.2.1/../../../../arm-none-eabi/lib/thumb/v7e-m/fpv4-sp/hard/crt0.o
g_pfnVectors                                      build/startup_stm32f411xe.o
get_state_systick                                 build/systick.o
hardware_init_hook                                c:/tools/gcc7_2017-q4-major/bin/../lib/gcc/arm-none-eabi/7.2.1/../../../../arm-none-eabi/lib/thumb/v7e-m/fpv4-sp/hard/crt0.o
init_pin                                          build/gpio.o
                                                  build/main.o
input_capture_config                              build/tim.o
led_off                                           build/gpio.o
led_on                                            build/gpio.o
mNVIC_EnableIRQ                                   build/stm32f4xx_it.o
mNVIC_SetPriority                                 build/stm32f4xx_it.o
mTIM_Base_SetConfig                               build/tim.o
                                                  build/main.o
main                                              build/main.o
                                                  build/startup_stm32f411xe.o
                                                  c:/tools/gcc7_2017-q4-major/bin/../lib/gcc/arm-none-eabi/7.2.1/../../../../arm-none-eabi/lib/thumb/v7e-m/fpv4-sp/hard/crt0.o
memset                                            c:/tools/gcc7_2017-q4-major/bin/../lib/gcc/arm-none-eabi/7.2.1/../../../../arm-none-eabi/lib/thumb/v7e-m/fpv4-sp/hard\libc_nano.a(lib_a-memset.o)
                                                  c:/tools/gcc7_2017-q4-major/bin/../lib/gcc/arm-none-eabi/7.2.1/../../../../arm-none-eabi/lib/thumb/v7e-m/fpv4-sp/hard/crt0.o
rcc_enableclk                                     build/main.o
software_init_hook                                c:/tools/gcc7_2017-q4-major/bin/../lib/gcc/arm-none-eabi/7.2.1/../../../../arm-none-eabi/lib/thumb/v7e-m/fpv4-sp/hard/crt0.o
system_init                                       build/clock.o
                                                  build/main.o
systick_init                                      build/systick.o
                                                  build/main.o
systick_start                                     build/systick.o
tim_start                                         build/tim.o
                                                  build/main.o
