Archive member included to satisfy reference by file (symbol)

c:/tools/gcc7_2017-q4-major/bin/../lib/gcc/arm-none-eabi/7.2.1/../../../../arm-none-eabi/lib/thumb/v7e-m/fpv4-sp/hard\libc_nano.a(lib_a-exit.o)
                              c:/tools/gcc7_2017-q4-major/bin/../lib/gcc/arm-none-eabi/7.2.1/../../../../arm-none-eabi/lib/thumb/v7e-m/fpv4-sp/hard/crt0.o (exit)
c:/tools/gcc7_2017-q4-major/bin/../lib/gcc/arm-none-eabi/7.2.1/../../../../arm-none-eabi/lib/thumb/v7e-m/fpv4-sp/hard\libc_nano.a(lib_a-impure.o)
                              c:/tools/gcc7_2017-q4-major/bin/../lib/gcc/arm-none-eabi/7.2.1/../../../../arm-none-eabi/lib/thumb/v7e-m/fpv4-sp/hard\libc_nano.a(lib_a-exit.o) (_global_impure_ptr)
c:/tools/gcc7_2017-q4-major/bin/../lib/gcc/arm-none-eabi/7.2.1/../../../../arm-none-eabi/lib/thumb/v7e-m/fpv4-sp/hard\libc_nano.a(lib_a-init.o)
                              c:/tools/gcc7_2017-q4-major/bin/../lib/gcc/arm-none-eabi/7.2.1/../../../../arm-none-eabi/lib/thumb/v7e-m/fpv4-sp/hard/crt0.o (__libc_init_array)
c:/tools/gcc7_2017-q4-major/bin/../lib/gcc/arm-none-eabi/7.2.1/../../../../arm-none-eabi/lib/thumb/v7e-m/fpv4-sp/hard\libc_nano.a(lib_a-memcpy-stub.o)
                              build/queue.o (memcpy)
c:/tools/gcc7_2017-q4-major/bin/../lib/gcc/arm-none-eabi/7.2.1/../../../../arm-none-eabi/lib/thumb/v7e-m/fpv4-sp/hard\libc_nano.a(lib_a-memset.o)
                              c:/tools/gcc7_2017-q4-major/bin/../lib/gcc/arm-none-eabi/7.2.1/../../../../arm-none-eabi/lib/thumb/v7e-m/fpv4-sp/hard/crt0.o (memset)
c:/tools/gcc7_2017-q4-major/bin/../lib/gcc/arm-none-eabi/7.2.1/../../../../arm-none-eabi/lib/thumb/v7e-m/fpv4-sp/hard\libnosys.a(_exit.o)
                              c:/tools/gcc7_2017-q4-major/bin/../lib/gcc/arm-none-eabi/7.2.1/../../../../arm-none-eabi/lib/thumb/v7e-m/fpv4-sp/hard\libc_nano.a(lib_a-exit.o) (_exit)
c:/tools/gcc7_2017-q4-major/bin/../lib/gcc/arm-none-eabi/7.2.1/thumb/v7e-m/fpv4-sp/hard\libgcc.a(_arm_addsubdf3.o)
                              build/uart.o (__aeabi_ui2d)
c:/tools/gcc7_2017-q4-major/bin/../lib/gcc/arm-none-eabi/7.2.1/thumb/v7e-m/fpv4-sp/hard\libgcc.a(_arm_muldivdf3.o)
                              build/uart.o (__aeabi_dmul)
c:/tools/gcc7_2017-q4-major/bin/../lib/gcc/arm-none-eabi/7.2.1/thumb/v7e-m/fpv4-sp/hard\libgcc.a(_arm_truncdfsf2.o)
                              build/uart.o (__aeabi_d2f)

Allocating common symbols
Common symbol       size              file

xQueueRegistry      0x40              build/queue.o

Discarded input sections

 .text          0x00000000        0x0 c:/tools/gcc7_2017-q4-major/bin/../lib/gcc/arm-none-eabi/7.2.1/thumb/v7e-m/fpv4-sp/hard/crti.o
 .data          0x00000000        0x0 c:/tools/gcc7_2017-q4-major/bin/../lib/gcc/arm-none-eabi/7.2.1/thumb/v7e-m/fpv4-sp/hard/crti.o
 .bss           0x00000000        0x0 c:/tools/gcc7_2017-q4-major/bin/../lib/gcc/arm-none-eabi/7.2.1/thumb/v7e-m/fpv4-sp/hard/crti.o
 .data          0x00000000        0x4 c:/tools/gcc7_2017-q4-major/bin/../lib/gcc/arm-none-eabi/7.2.1/thumb/v7e-m/fpv4-sp/hard/crtbegin.o
 .text          0x00000000       0x74 c:/tools/gcc7_2017-q4-major/bin/../lib/gcc/arm-none-eabi/7.2.1/../../../../arm-none-eabi/lib/thumb/v7e-m/fpv4-sp/hard/crt0.o
 .data          0x00000000        0x0 c:/tools/gcc7_2017-q4-major/bin/../lib/gcc/arm-none-eabi/7.2.1/../../../../arm-none-eabi/lib/thumb/v7e-m/fpv4-sp/hard/crt0.o
 .bss           0x00000000        0x0 c:/tools/gcc7_2017-q4-major/bin/../lib/gcc/arm-none-eabi/7.2.1/../../../../arm-none-eabi/lib/thumb/v7e-m/fpv4-sp/hard/crt0.o
 .ARM.extab     0x00000000        0x0 c:/tools/gcc7_2017-q4-major/bin/../lib/gcc/arm-none-eabi/7.2.1/../../../../arm-none-eabi/lib/thumb/v7e-m/fpv4-sp/hard/crt0.o
 .ARM.exidx     0x00000000        0x8 c:/tools/gcc7_2017-q4-major/bin/../lib/gcc/arm-none-eabi/7.2.1/../../../../arm-none-eabi/lib/thumb/v7e-m/fpv4-sp/hard/crt0.o
 .ARM.attributes
                0x00000000       0x20 c:/tools/gcc7_2017-q4-major/bin/../lib/gcc/arm-none-eabi/7.2.1/../../../../arm-none-eabi/lib/thumb/v7e-m/fpv4-sp/hard/crt0.o
 .text          0x00000000        0x0 build/main.o
 .data          0x00000000        0x0 build/main.o
 .bss           0x00000000        0x0 build/main.o
 .bss.pxTask    0x00000000        0x4 build/main.o
 .bss.pxTask_receive
                0x00000000        0x4 build/main.o
 .text          0x00000000        0x0 build/stm32f4xx_it.o
 .data          0x00000000        0x0 build/stm32f4xx_it.o
 .bss           0x00000000        0x0 build/stm32f4xx_it.o
 .text          0x00000000        0x0 build/gpio.o
 .data          0x00000000        0x0 build/gpio.o
 .bss           0x00000000        0x0 build/gpio.o
 .text.led_on   0x00000000        0x4 build/gpio.o
 .text.led_off  0x00000000        0x6 build/gpio.o
 .text          0x00000000        0x0 build/clock.o
 .data          0x00000000        0x0 build/clock.o
 .bss           0x00000000        0x0 build/clock.o
 .text          0x00000000        0x0 build/uart.o
 .data          0x00000000        0x0 build/uart.o
 .bss           0x00000000        0x0 build/uart.o
 .text.usart_send_byte
                0x00000000       0x20 build/uart.o
 .text.usart_send_string
                0x00000000       0x16 build/uart.o
 .text.uart_pin_init
                0x00000000       0x64 build/uart.o
 .text.uart_init
                0x00000000       0x9c build/uart.o
 .text.usart_dma_en
                0x00000000       0x10 build/uart.o
 .debug_info    0x00000000      0x1c9 build/uart.o
 .debug_abbrev  0x00000000       0xef build/uart.o
 .debug_loc     0x00000000      0x310 build/uart.o
 .debug_aranges
                0x00000000       0x40 build/uart.o
 .debug_ranges  0x00000000       0x30 build/uart.o
 .debug_line    0x00000000      0x117 build/uart.o
 .debug_str     0x00000000      0x20b build/uart.o
 .comment       0x00000000       0x7f build/uart.o
 .debug_frame   0x00000000       0x94 build/uart.o
 .ARM.attributes
                0x00000000       0x39 build/uart.o
 .text          0x00000000        0x0 build/heap_4.o
 .data          0x00000000        0x0 build/heap_4.o
 .bss           0x00000000        0x0 build/heap_4.o
 .text.xPortGetFreeHeapSize
                0x00000000        0xc build/heap_4.o
 .text.xPortGetMinimumEverFreeHeapSize
                0x00000000        0xc build/heap_4.o
 .text.vPortInitialiseBlocks
                0x00000000        0x2 build/heap_4.o
 .text          0x00000000        0x0 build/port.o
 .data          0x00000000        0x0 build/port.o
 .bss           0x00000000        0x0 build/port.o
 .text.vPortEndScheduler
                0x00000000       0x24 build/port.o
 .text          0x00000000        0x0 build/croutine.o
 .data          0x00000000        0x0 build/croutine.o
 .bss           0x00000000        0x0 build/croutine.o
 .debug_info    0x00000000       0x72 build/croutine.o
 .debug_abbrev  0x00000000       0x26 build/croutine.o
 .debug_aranges
                0x00000000       0x18 build/croutine.o
 .debug_line    0x00000000       0x1d build/croutine.o
 .debug_str     0x00000000      0x1a4 build/croutine.o
 .comment       0x00000000       0x7f build/croutine.o
 .ARM.attributes
                0x00000000       0x39 build/croutine.o
 .text          0x00000000        0x0 build/event_groups.o
 .data          0x00000000        0x0 build/event_groups.o
 .bss           0x00000000        0x0 build/event_groups.o
 .text.prvTestWaitCondition
                0x00000000       0x1c build/event_groups.o
 .text.xEventGroupCreate
                0x00000000       0x1a build/event_groups.o
 .text.xEventGroupWaitBits
                0x00000000      0x10c build/event_groups.o
 .text.xEventGroupClearBits
                0x00000000       0x46 build/event_groups.o
 .text.xEventGroupGetBitsFromISR
                0x00000000       0x1c build/event_groups.o
 .text.xEventGroupSetBits
                0x00000000       0x8c build/event_groups.o
 .text.xEventGroupSync
                0x00000000       0xd4 build/event_groups.o
 .text.vEventGroupDelete
                0x00000000       0x3e build/event_groups.o
 .text.vEventGroupSetBitsCallback
                0x00000000        0x8 build/event_groups.o
 .text.vEventGroupClearBitsCallback
                0x00000000        0x8 build/event_groups.o
 .text.uxEventGroupGetNumber
                0x00000000        0xa build/event_groups.o
 .text.vEventGroupSetNumber
                0x00000000        0x4 build/event_groups.o
 .debug_info    0x00000000     0x14b0 build/event_groups.o
 .debug_abbrev  0x00000000      0x374 build/event_groups.o
 .debug_loc     0x00000000      0x887 build/event_groups.o
 .debug_aranges
                0x00000000       0x78 build/event_groups.o
 .debug_ranges  0x00000000       0x88 build/event_groups.o
 .debug_line    0x00000000      0x410 build/event_groups.o
 .debug_str     0x00000000      0xa80 build/event_groups.o
 .comment       0x00000000       0x7f build/event_groups.o
 .debug_frame   0x00000000      0x15c build/event_groups.o
 .ARM.attributes
                0x00000000       0x39 build/event_groups.o
 .text          0x00000000        0x0 build/list.o
 .data          0x00000000        0x0 build/list.o
 .bss           0x00000000        0x0 build/list.o
 .text          0x00000000        0x0 build/queue.o
 .data          0x00000000        0x0 build/queue.o
 .bss           0x00000000        0x0 build/queue.o
 .text.prvGetDisinheritPriorityAfterTimeout
                0x00000000       0x12 build/queue.o
 .text.xQueueCreateCountingSemaphore
                0x00000000       0x40 build/queue.o
 .text.prvInitialiseMutex
                0x00000000       0x18 build/queue.o
 .text.xQueueCreateMutex
                0x00000000       0x16 build/queue.o
 .text.xQueueGiveMutexRecursive
                0x00000000       0x40 build/queue.o
 .text.xQueueGiveFromISR
                0x00000000       0xb2 build/queue.o
 .text.xQueueSemaphoreTake
                0x00000000      0x19c build/queue.o
 .text.xQueueTakeMutexRecursive
                0x00000000       0x44 build/queue.o
 .text.xQueuePeek
                0x00000000      0x158 build/queue.o
 .text.xQueueReceiveFromISR
                0x00000000       0xaa build/queue.o
 .text.xQueuePeekFromISR
                0x00000000       0x7c build/queue.o
 .text.uxQueueMessagesWaiting
                0x00000000       0x26 build/queue.o
 .text.uxQueueSpacesAvailable
                0x00000000       0x2a build/queue.o
 .text.uxQueueMessagesWaitingFromISR
                0x00000000       0x18 build/queue.o
 .text.uxQueueGetQueueNumber
                0x00000000        0x4 build/queue.o
 .text.vQueueSetQueueNumber
                0x00000000        0x4 build/queue.o
 .text.ucQueueGetQueueType
                0x00000000        0x6 build/queue.o
 .text.xQueueIsQueueEmptyFromISR
                0x00000000       0x20 build/queue.o
 .text.xQueueIsQueueFullFromISR
                0x00000000       0x24 build/queue.o
 .text.pcQueueGetName
                0x00000000       0x28 build/queue.o
 .text.vQueueUnregisterQueue
                0x00000000       0x2c build/queue.o
 .text.vQueueDelete
                0x00000000       0x24 build/queue.o
 .text          0x00000000        0x0 build/tasks.o
 .data          0x00000000        0x0 build/tasks.o
 .bss           0x00000000        0x0 build/tasks.o
 .text.prvTaskIsTaskSuspended
                0x00000000       0x40 build/tasks.o
 .text.prvTaskCheckFreeStackSpace
                0x00000000       0x14 build/tasks.o
 .text.vTaskDelete
                0x00000000       0xe0 build/tasks.o
 .text.eTaskGetState
                0x00000000       0x80 build/tasks.o
 .text.uxTaskPriorityGet
                0x00000000       0x20 build/tasks.o
 .text.uxTaskPriorityGetFromISR
                0x00000000       0x30 build/tasks.o
 .text.vTaskPrioritySet
                0x00000000       0xdc build/tasks.o
 .text.vTaskResume
                0x00000000       0x84 build/tasks.o
 .text.xTaskResumeFromISR
                0x00000000       0xa4 build/tasks.o
 .text.vTaskEndScheduler
                0x00000000       0x24 build/tasks.o
 .text.xTaskGetTickCountFromISR
                0x00000000       0x10 build/tasks.o
 .text.uxTaskGetNumberOfTasks
                0x00000000        0xc build/tasks.o
 .text.pcTaskGetName
                0x00000000       0x28 build/tasks.o
 .text.vTaskDelayUntil
                0x00000000       0xa4 build/tasks.o
 .text.vTaskSuspend
                0x00000000       0xec build/tasks.o
 .text.vTaskPlaceOnUnorderedEventList
                0x00000000       0x5c build/tasks.o
 .text.vTaskRemoveFromUnorderedEventList
                0x00000000       0x88 build/tasks.o
 .text.vTaskSetTimeOutState
                0x00000000       0x38 build/tasks.o
 .text.uxTaskGetTaskNumber
                0x00000000        0xa build/tasks.o
 .text.vTaskSetTaskNumber
                0x00000000        0x6 build/tasks.o
 .text.vTaskGetInfo
                0x00000000       0x78 build/tasks.o
 .text.prvListTasksWithinSingleList
                0x00000000       0x60 build/tasks.o
 .text.uxTaskGetSystemState
                0x00000000       0xb0 build/tasks.o
 .text.xTaskGetCurrentTaskHandle
                0x00000000        0xc build/tasks.o
 .text.xTaskPriorityInherit
                0x00000000       0xb8 build/tasks.o
 .text.vTaskPriorityDisinheritAfterTimeout
                0x00000000       0xc0 build/tasks.o
 .text.uxTaskResetEventItemValue
                0x00000000       0x18 build/tasks.o
 .text.pvTaskIncrementMutexHeldCount
                0x00000000       0x1c build/tasks.o
 .text.ulTaskNotifyTake
                0x00000000       0x78 build/tasks.o
 .text.xTaskNotifyWait
                0x00000000       0x98 build/tasks.o
 .text.xTaskGenericNotify
                0x00000000       0xe0 build/tasks.o
 .text.xTaskGenericNotifyFromISR
                0x00000000      0x120 build/tasks.o
 .text.vTaskNotifyGiveFromISR
                0x00000000       0xd0 build/tasks.o
 .text.xTaskNotifyStateClear
                0x00000000       0x34 build/tasks.o
 .text          0x00000000        0x0 build/timers.o
 .data          0x00000000        0x0 build/timers.o
 .bss           0x00000000        0x0 build/timers.o
 .text.prvInitialiseNewTimer
                0x00000000       0x40 build/timers.o
 .text.xTimerCreate
                0x00000000       0x32 build/timers.o
 .text.xTimerGetTimerDaemonTaskHandle
                0x00000000       0x20 build/timers.o
 .text.xTimerGetPeriod
                0x00000000       0x18 build/timers.o
 .text.xTimerGetExpiryTime
                0x00000000       0x18 build/timers.o
 .text.pcTimerGetName
                0x00000000       0x18 build/timers.o
 .text.xTimerIsTimerActive
                0x00000000       0x2c build/timers.o
 .text.pvTimerGetTimerID
                0x00000000       0x26 build/timers.o
 .text.vTimerSetTimerID
                0x00000000       0x26 build/timers.o
 .text.uxTimerGetTimerNumber
                0x00000000        0x4 build/timers.o
 .text.vTimerSetTimerNumber
                0x00000000        0x4 build/timers.o
 .text          0x00000000       0x14 build/startup_stm32f411xe.o
 .data          0x00000000        0x0 build/startup_stm32f411xe.o
 .bss           0x00000000        0x0 build/startup_stm32f411xe.o
 .text          0x00000000        0x0 c:/tools/gcc7_2017-q4-major/bin/../lib/gcc/arm-none-eabi/7.2.1/../../../../arm-none-eabi/lib/thumb/v7e-m/fpv4-sp/hard\libc_nano.a(lib_a-exit.o)
 .data          0x00000000        0x0 c:/tools/gcc7_2017-q4-major/bin/../lib/gcc/arm-none-eabi/7.2.1/../../../../arm-none-eabi/lib/thumb/v7e-m/fpv4-sp/hard\libc_nano.a(lib_a-exit.o)
 .bss           0x00000000        0x0 c:/tools/gcc7_2017-q4-major/bin/../lib/gcc/arm-none-eabi/7.2.1/../../../../arm-none-eabi/lib/thumb/v7e-m/fpv4-sp/hard\libc_nano.a(lib_a-exit.o)
 .text.exit     0x00000000       0x28 c:/tools/gcc7_2017-q4-major/bin/../lib/gcc/arm-none-eabi/7.2.1/../../../../arm-none-eabi/lib/thumb/v7e-m/fpv4-sp/hard\libc_nano.a(lib_a-exit.o)
 .debug_frame   0x00000000       0x28 c:/tools/gcc7_2017-q4-major/bin/../lib/gcc/arm-none-eabi/7.2.1/../../../../arm-none-eabi/lib/thumb/v7e-m/fpv4-sp/hard\libc_nano.a(lib_a-exit.o)
 .ARM.attributes
                0x00000000       0x34 c:/tools/gcc7_2017-q4-major/bin/../lib/gcc/arm-none-eabi/7.2.1/../../../../arm-none-eabi/lib/thumb/v7e-m/fpv4-sp/hard\libc_nano.a(lib_a-exit.o)
 .text          0x00000000        0x0 c:/tools/gcc7_2017-q4-major/bin/../lib/gcc/arm-none-eabi/7.2.1/../../../../arm-none-eabi/lib/thumb/v7e-m/fpv4-sp/hard\libc_nano.a(lib_a-impure.o)
 .data          0x00000000        0x0 c:/tools/gcc7_2017-q4-major/bin/../lib/gcc/arm-none-eabi/7.2.1/../../../../arm-none-eabi/lib/thumb/v7e-m/fpv4-sp/hard\libc_nano.a(lib_a-impure.o)
 .bss           0x00000000        0x0 c:/tools/gcc7_2017-q4-major/bin/../lib/gcc/arm-none-eabi/7.2.1/../../../../arm-none-eabi/lib/thumb/v7e-m/fpv4-sp/hard\libc_nano.a(lib_a-impure.o)
 .data._impure_ptr
                0x00000000        0x4 c:/tools/gcc7_2017-q4-major/bin/../lib/gcc/arm-none-eabi/7.2.1/../../../../arm-none-eabi/lib/thumb/v7e-m/fpv4-sp/hard\libc_nano.a(lib_a-impure.o)
 .data.impure_data
                0x00000000       0x60 c:/tools/gcc7_2017-q4-major/bin/../lib/gcc/arm-none-eabi/7.2.1/../../../../arm-none-eabi/lib/thumb/v7e-m/fpv4-sp/hard\libc_nano.a(lib_a-impure.o)
 .rodata._global_impure_ptr
                0x00000000        0x4 c:/tools/gcc7_2017-q4-major/bin/../lib/gcc/arm-none-eabi/7.2.1/../../../../arm-none-eabi/lib/thumb/v7e-m/fpv4-sp/hard\libc_nano.a(lib_a-impure.o)
 .ARM.attributes
                0x00000000       0x34 c:/tools/gcc7_2017-q4-major/bin/../lib/gcc/arm-none-eabi/7.2.1/../../../../arm-none-eabi/lib/thumb/v7e-m/fpv4-sp/hard\libc_nano.a(lib_a-impure.o)
 .text          0x00000000        0x0 c:/tools/gcc7_2017-q4-major/bin/../lib/gcc/arm-none-eabi/7.2.1/../../../../arm-none-eabi/lib/thumb/v7e-m/fpv4-sp/hard\libc_nano.a(lib_a-init.o)
 .data          0x00000000        0x0 c:/tools/gcc7_2017-q4-major/bin/../lib/gcc/arm-none-eabi/7.2.1/../../../../arm-none-eabi/lib/thumb/v7e-m/fpv4-sp/hard\libc_nano.a(lib_a-init.o)
 .bss           0x00000000        0x0 c:/tools/gcc7_2017-q4-major/bin/../lib/gcc/arm-none-eabi/7.2.1/../../../../arm-none-eabi/lib/thumb/v7e-m/fpv4-sp/hard\libc_nano.a(lib_a-init.o)
 .text          0x00000000        0x0 c:/tools/gcc7_2017-q4-major/bin/../lib/gcc/arm-none-eabi/7.2.1/../../../../arm-none-eabi/lib/thumb/v7e-m/fpv4-sp/hard\libc_nano.a(lib_a-memcpy-stub.o)
 .data          0x00000000        0x0 c:/tools/gcc7_2017-q4-major/bin/../lib/gcc/arm-none-eabi/7.2.1/../../../../arm-none-eabi/lib/thumb/v7e-m/fpv4-sp/hard\libc_nano.a(lib_a-memcpy-stub.o)
 .bss           0x00000000        0x0 c:/tools/gcc7_2017-q4-major/bin/../lib/gcc/arm-none-eabi/7.2.1/../../../../arm-none-eabi/lib/thumb/v7e-m/fpv4-sp/hard\libc_nano.a(lib_a-memcpy-stub.o)
 .text          0x00000000        0x0 c:/tools/gcc7_2017-q4-major/bin/../lib/gcc/arm-none-eabi/7.2.1/../../../../arm-none-eabi/lib/thumb/v7e-m/fpv4-sp/hard\libc_nano.a(lib_a-memset.o)
 .data          0x00000000        0x0 c:/tools/gcc7_2017-q4-major/bin/../lib/gcc/arm-none-eabi/7.2.1/../../../../arm-none-eabi/lib/thumb/v7e-m/fpv4-sp/hard\libc_nano.a(lib_a-memset.o)
 .bss           0x00000000        0x0 c:/tools/gcc7_2017-q4-major/bin/../lib/gcc/arm-none-eabi/7.2.1/../../../../arm-none-eabi/lib/thumb/v7e-m/fpv4-sp/hard\libc_nano.a(lib_a-memset.o)
 .text          0x00000000        0x0 c:/tools/gcc7_2017-q4-major/bin/../lib/gcc/arm-none-eabi/7.2.1/../../../../arm-none-eabi/lib/thumb/v7e-m/fpv4-sp/hard\libnosys.a(_exit.o)
 .data          0x00000000        0x0 c:/tools/gcc7_2017-q4-major/bin/../lib/gcc/arm-none-eabi/7.2.1/../../../../arm-none-eabi/lib/thumb/v7e-m/fpv4-sp/hard\libnosys.a(_exit.o)
 .bss           0x00000000        0x0 c:/tools/gcc7_2017-q4-major/bin/../lib/gcc/arm-none-eabi/7.2.1/../../../../arm-none-eabi/lib/thumb/v7e-m/fpv4-sp/hard\libnosys.a(_exit.o)
 .text._exit    0x00000000        0x4 c:/tools/gcc7_2017-q4-major/bin/../lib/gcc/arm-none-eabi/7.2.1/../../../../arm-none-eabi/lib/thumb/v7e-m/fpv4-sp/hard\libnosys.a(_exit.o)
 .debug_frame   0x00000000       0x20 c:/tools/gcc7_2017-q4-major/bin/../lib/gcc/arm-none-eabi/7.2.1/../../../../arm-none-eabi/lib/thumb/v7e-m/fpv4-sp/hard\libnosys.a(_exit.o)
 .ARM.attributes
                0x00000000       0x34 c:/tools/gcc7_2017-q4-major/bin/../lib/gcc/arm-none-eabi/7.2.1/../../../../arm-none-eabi/lib/thumb/v7e-m/fpv4-sp/hard\libnosys.a(_exit.o)
 .text          0x00000000      0x378 c:/tools/gcc7_2017-q4-major/bin/../lib/gcc/arm-none-eabi/7.2.1/thumb/v7e-m/fpv4-sp/hard\libgcc.a(_arm_addsubdf3.o)
 .data          0x00000000        0x0 c:/tools/gcc7_2017-q4-major/bin/../lib/gcc/arm-none-eabi/7.2.1/thumb/v7e-m/fpv4-sp/hard\libgcc.a(_arm_addsubdf3.o)
 .bss           0x00000000        0x0 c:/tools/gcc7_2017-q4-major/bin/../lib/gcc/arm-none-eabi/7.2.1/thumb/v7e-m/fpv4-sp/hard\libgcc.a(_arm_addsubdf3.o)
 .debug_frame   0x00000000       0xac c:/tools/gcc7_2017-q4-major/bin/../lib/gcc/arm-none-eabi/7.2.1/thumb/v7e-m/fpv4-sp/hard\libgcc.a(_arm_addsubdf3.o)
 .ARM.attributes
                0x00000000       0x22 c:/tools/gcc7_2017-q4-major/bin/../lib/gcc/arm-none-eabi/7.2.1/thumb/v7e-m/fpv4-sp/hard\libgcc.a(_arm_addsubdf3.o)
 .text          0x00000000      0x424 c:/tools/gcc7_2017-q4-major/bin/../lib/gcc/arm-none-eabi/7.2.1/thumb/v7e-m/fpv4-sp/hard\libgcc.a(_arm_muldivdf3.o)
 .data          0x00000000        0x0 c:/tools/gcc7_2017-q4-major/bin/../lib/gcc/arm-none-eabi/7.2.1/thumb/v7e-m/fpv4-sp/hard\libgcc.a(_arm_muldivdf3.o)
 .bss           0x00000000        0x0 c:/tools/gcc7_2017-q4-major/bin/../lib/gcc/arm-none-eabi/7.2.1/thumb/v7e-m/fpv4-sp/hard\libgcc.a(_arm_muldivdf3.o)
 .debug_frame   0x00000000       0x50 c:/tools/gcc7_2017-q4-major/bin/../lib/gcc/arm-none-eabi/7.2.1/thumb/v7e-m/fpv4-sp/hard\libgcc.a(_arm_muldivdf3.o)
 .ARM.attributes
                0x00000000       0x22 c:/tools/gcc7_2017-q4-major/bin/../lib/gcc/arm-none-eabi/7.2.1/thumb/v7e-m/fpv4-sp/hard\libgcc.a(_arm_muldivdf3.o)
 .text          0x00000000       0xa0 c:/tools/gcc7_2017-q4-major/bin/../lib/gcc/arm-none-eabi/7.2.1/thumb/v7e-m/fpv4-sp/hard\libgcc.a(_arm_truncdfsf2.o)
 .data          0x00000000        0x0 c:/tools/gcc7_2017-q4-major/bin/../lib/gcc/arm-none-eabi/7.2.1/thumb/v7e-m/fpv4-sp/hard\libgcc.a(_arm_truncdfsf2.o)
 .bss           0x00000000        0x0 c:/tools/gcc7_2017-q4-major/bin/../lib/gcc/arm-none-eabi/7.2.1/thumb/v7e-m/fpv4-sp/hard\libgcc.a(_arm_truncdfsf2.o)
 .debug_frame   0x00000000       0x24 c:/tools/gcc7_2017-q4-major/bin/../lib/gcc/arm-none-eabi/7.2.1/thumb/v7e-m/fpv4-sp/hard\libgcc.a(_arm_truncdfsf2.o)
 .ARM.attributes
                0x00000000       0x22 c:/tools/gcc7_2017-q4-major/bin/../lib/gcc/arm-none-eabi/7.2.1/thumb/v7e-m/fpv4-sp/hard\libgcc.a(_arm_truncdfsf2.o)
 .text          0x00000000        0x0 c:/tools/gcc7_2017-q4-major/bin/../lib/gcc/arm-none-eabi/7.2.1/thumb/v7e-m/fpv4-sp/hard/crtend.o
 .data          0x00000000        0x0 c:/tools/gcc7_2017-q4-major/bin/../lib/gcc/arm-none-eabi/7.2.1/thumb/v7e-m/fpv4-sp/hard/crtend.o
 .bss           0x00000000        0x0 c:/tools/gcc7_2017-q4-major/bin/../lib/gcc/arm-none-eabi/7.2.1/thumb/v7e-m/fpv4-sp/hard/crtend.o
 .eh_frame      0x00000000        0x4 c:/tools/gcc7_2017-q4-major/bin/../lib/gcc/arm-none-eabi/7.2.1/thumb/v7e-m/fpv4-sp/hard/crtend.o
 .ARM.attributes
                0x00000000       0x34 c:/tools/gcc7_2017-q4-major/bin/../lib/gcc/arm-none-eabi/7.2.1/thumb/v7e-m/fpv4-sp/hard/crtend.o
 .text          0x00000000        0x0 c:/tools/gcc7_2017-q4-major/bin/../lib/gcc/arm-none-eabi/7.2.1/thumb/v7e-m/fpv4-sp/hard/crtn.o
 .data          0x00000000        0x0 c:/tools/gcc7_2017-q4-major/bin/../lib/gcc/arm-none-eabi/7.2.1/thumb/v7e-m/fpv4-sp/hard/crtn.o
 .bss           0x00000000        0x0 c:/tools/gcc7_2017-q4-major/bin/../lib/gcc/arm-none-eabi/7.2.1/thumb/v7e-m/fpv4-sp/hard/crtn.o

Memory Configuration

Name             Origin             Length             Attributes
RAM              0x20000000         0x00020000         xrw
FLASH            0x08000000         0x00080000         xr
*default*        0x00000000         0xffffffff

Linker script and memory map

LOAD c:/tools/gcc7_2017-q4-major/bin/../lib/gcc/arm-none-eabi/7.2.1/thumb/v7e-m/fpv4-sp/hard/crti.o
LOAD c:/tools/gcc7_2017-q4-major/bin/../lib/gcc/arm-none-eabi/7.2.1/thumb/v7e-m/fpv4-sp/hard/crtbegin.o
LOAD c:/tools/gcc7_2017-q4-major/bin/../lib/gcc/arm-none-eabi/7.2.1/../../../../arm-none-eabi/lib/thumb/v7e-m/fpv4-sp/hard/crt0.o
LOAD build/main.o
LOAD build/stm32f4xx_it.o
LOAD build/gpio.o
LOAD build/clock.o
LOAD build/uart.o
LOAD build/heap_4.o
LOAD build/port.o
LOAD build/croutine.o
LOAD build/event_groups.o
LOAD build/list.o
LOAD build/queue.o
LOAD build/tasks.o
LOAD build/timers.o
LOAD build/startup_stm32f411xe.o
LOAD c:/tools/gcc7_2017-q4-major/bin/../lib/gcc/arm-none-eabi/7.2.1/../../../../arm-none-eabi/lib/thumb/v7e-m/fpv4-sp/hard\libc_nano.a
LOAD c:/tools/gcc7_2017-q4-major/bin/../lib/gcc/arm-none-eabi/7.2.1/../../../../arm-none-eabi/lib/thumb/v7e-m/fpv4-sp/hard\libm.a
LOAD c:/tools/gcc7_2017-q4-major/bin/../lib/gcc/arm-none-eabi/7.2.1/../../../../arm-none-eabi/lib/thumb/v7e-m/fpv4-sp/hard\libnosys.a
START GROUP
LOAD c:/tools/gcc7_2017-q4-major/bin/../lib/gcc/arm-none-eabi/7.2.1/thumb/v7e-m/fpv4-sp/hard\libgcc.a
LOAD c:/tools/gcc7_2017-q4-major/bin/../lib/gcc/arm-none-eabi/7.2.1/../../../../arm-none-eabi/lib/thumb/v7e-m/fpv4-sp/hard\libc_nano.a
END GROUP
START GROUP
LOAD c:/tools/gcc7_2017-q4-major/bin/../lib/gcc/arm-none-eabi/7.2.1/thumb/v7e-m/fpv4-sp/hard\libgcc.a
LOAD c:/tools/gcc7_2017-q4-major/bin/../lib/gcc/arm-none-eabi/7.2.1/../../../../arm-none-eabi/lib/thumb/v7e-m/fpv4-sp/hard\libc_nano.a
END GROUP
LOAD c:/tools/gcc7_2017-q4-major/bin/../lib/gcc/arm-none-eabi/7.2.1/thumb/v7e-m/fpv4-sp/hard/crtend.o
LOAD c:/tools/gcc7_2017-q4-major/bin/../lib/gcc/arm-none-eabi/7.2.1/thumb/v7e-m/fpv4-sp/hard/crtn.o
                0x20020000                _estack = 0x20020000
                0x00000200                _Min_Heap_Size = 0x200
                0x00000400                _Min_Stack_Size = 0x400

.isr_vector     0x08000000      0x198
                0x08000000                . = ALIGN (0x4)
 *(.isr_vector)
 .isr_vector    0x08000000      0x198 build/startup_stm32f411xe.o
                0x08000000                g_pfnVectors
                0x08000198                . = ALIGN (0x4)

.text           0x080001a0     0x1efc
                0x080001a0                . = ALIGN (0x4)
 *(.text)
 .text          0x080001a0       0x40 c:/tools/gcc7_2017-q4-major/bin/../lib/gcc/arm-none-eabi/7.2.1/thumb/v7e-m/fpv4-sp/hard/crtbegin.o
 *(.text*)
 .text.taskTest1
                0x080001e0       0x1c build/main.o
                0x080001e0                taskTest1
 .text.taskTest2
                0x080001fc       0x30 build/main.o
                0x080001fc                taskTest2
 .text.vApplicationIdleHook
                0x0800022c        0x2 build/main.o
                0x0800022c                vApplicationIdleHook
 .text.vApplicationStackOverflowHook
                0x0800022e        0x2 build/main.o
                0x0800022e                vApplicationStackOverflowHook
 .text.vApplicationMallocFailedHook
                0x08000230        0x2 build/main.o
                0x08000230                vApplicationMallocFailedHook
 *fill*         0x08000232        0x2 
 .text.rcc_enableclk
                0x08000234       0x10 build/main.o
                0x08000234                rcc_enableclk
 .text.init_interrupt
                0x08000244       0x30 build/main.o
                0x08000244                init_interrupt
 .text.config_pin
                0x08000274       0x40 build/main.o
                0x08000274                config_pin
 .text.main     0x080002b4       0x60 build/main.o
                0x080002b4                main
 .text.USART1_IRQHandler
                0x08000314        0x2 build/stm32f4xx_it.o
                0x08000314                USART1_IRQHandler
 .text.NMI_Handler
                0x08000316        0x2 build/stm32f4xx_it.o
                0x08000316                NMI_Handler
 .text.HardFault_Handler
                0x08000318        0x2 build/stm32f4xx_it.o
                0x08000318                HardFault_Handler
 .text.MemManage_Handler
                0x0800031a        0x2 build/stm32f4xx_it.o
                0x0800031a                MemManage_Handler
 .text.BusFault_Handler
                0x0800031c        0x2 build/stm32f4xx_it.o
                0x0800031c                BusFault_Handler
 .text.UsageFault_Handler
                0x0800031e        0x2 build/stm32f4xx_it.o
                0x0800031e                UsageFault_Handler
 .text.DebugMon_Handler
                0x08000320        0x2 build/stm32f4xx_it.o
                0x08000320                DebugMon_Handler
 .text.mNVIC_SetPriority
                0x08000322       0x1e build/stm32f4xx_it.o
                0x08000322                mNVIC_SetPriority
 .text.mNVIC_EnableIRQ
                0x08000340       0x1a build/stm32f4xx_it.o
                0x08000340                mNVIC_EnableIRQ
 .text.init_pin
                0x0800035a       0x84 build/gpio.o
                0x0800035a                init_pin
 .text.GPIO_TongglePin
                0x080003de        0x8 build/gpio.o
                0x080003de                GPIO_TongglePin
 *fill*         0x080003e6        0x2 
 .text.system_init
                0x080003e8      0x1d4 build/clock.o
                0x080003e8                system_init
 .text.prvHeapInit
                0x080005bc       0x64 build/heap_4.o
 .text.prvInsertBlockIntoFreeList
                0x08000620       0x58 build/heap_4.o
 .text.pvPortMalloc
                0x08000678      0x11c build/heap_4.o
                0x08000678                pvPortMalloc
 .text.vPortFree
                0x08000794       0x70 build/heap_4.o
                0x08000794                vPortFree
 .text.prvTaskExitError
                0x08000804       0x40 build/port.o
 .text.prvPortStartFirstTask
                0x08000844       0x28 build/port.o
 .text.vPortEnableVFP
                0x0800086c       0x14 build/port.o
 .text.pxPortInitialiseStack
                0x08000880       0x2c build/port.o
                0x08000880                pxPortInitialiseStack
 *fill*         0x080008ac        0x4 
 .text.SVC_Handler
                0x080008b0       0x24 build/port.o
                0x080008b0                SVC_Handler
 .text.vPortEnterCritical
                0x080008d4       0x44 build/port.o
                0x080008d4                vPortEnterCritical
 .text.vPortExitCritical
                0x08000918       0x2c build/port.o
                0x08000918                vPortExitCritical
 *fill*         0x08000944        0xc 
 .text.PendSV_Handler
                0x08000950       0x64 build/port.o
                0x08000950                PendSV_Handler
 .text.SysTick_Handler
                0x080009b4       0x2c build/port.o
                0x080009b4                SysTick_Handler
 .text.vPortSetupTimerInterrupt
                0x080009e0       0x28 build/port.o
                0x080009e0                vPortSetupTimerInterrupt
 .text.xPortStartScheduler
                0x08000a08      0x110 build/port.o
                0x08000a08                xPortStartScheduler
 .text.vPortValidateInterruptPriority
                0x08000b18       0x5c build/port.o
                0x08000b18                vPortValidateInterruptPriority
 .text.vListInitialise
                0x08000b74       0x16 build/list.o
                0x08000b74                vListInitialise
 .text.vListInitialiseItem
                0x08000b8a        0x6 build/list.o
                0x08000b8a                vListInitialiseItem
 .text.vListInsertEnd
                0x08000b90       0x18 build/list.o
                0x08000b90                vListInsertEnd
 .text.vListInsert
                0x08000ba8       0x34 build/list.o
                0x08000ba8                vListInsert
 .text.uxListRemove
                0x08000bdc       0x28 build/list.o
                0x08000bdc                uxListRemove
 .text.prvIsQueueFull
                0x08000c04       0x1e build/queue.o
 .text.prvIsQueueEmpty
                0x08000c22       0x1a build/queue.o
 .text.prvCopyDataToQueue
                0x08000c3c       0x76 build/queue.o
 .text.prvCopyDataFromQueue
                0x08000cb2       0x24 build/queue.o
 .text.prvUnlockQueue
                0x08000cd6       0x6e build/queue.o
 .text.xQueueGenericReset
                0x08000d44       0x84 build/queue.o
                0x08000d44                xQueueGenericReset
 .text.prvInitialiseNewQueue
                0x08000dc8       0x22 build/queue.o
 .text.xQueueGenericCreate
                0x08000dea       0x48 build/queue.o
                0x08000dea                xQueueGenericCreate
 *fill*         0x08000e32        0x2 
 .text.xQueueGenericSend
                0x08000e34      0x17c build/queue.o
                0x08000e34                xQueueGenericSend
 .text.xQueueGenericSendFromISR
                0x08000fb0       0xcc build/queue.o
                0x08000fb0                xQueueGenericSendFromISR
 .text.xQueueReceive
                0x0800107c      0x158 build/queue.o
                0x0800107c                xQueueReceive
 .text.vQueueAddToRegistry
                0x080011d4       0x28 build/queue.o
                0x080011d4                vQueueAddToRegistry
 .text.vQueueWaitForMessageRestricted
                0x080011fc       0x52 build/queue.o
                0x080011fc                vQueueWaitForMessageRestricted
 *fill*         0x0800124e        0x2 
 .text.prvResetNextTaskUnblockTime
                0x08001250       0x2c build/tasks.o
 .text.prvDeleteTCB
                0x0800127c       0x12 build/tasks.o
 .text.prvInitialiseNewTask
                0x0800128e       0x90 build/tasks.o
 *fill*         0x0800131e        0x2 
 .text.prvInitialiseTaskLists
                0x08001320       0x68 build/tasks.o
 .text.prvAddNewTaskToReadyList
                0x08001388       0xac build/tasks.o
 .text.prvCheckTasksWaitingTermination
                0x08001434       0x4c build/tasks.o
 .text.prvAddCurrentTaskToDelayedList
                0x08001480       0x98 build/tasks.o
 .text.prvIdleTask
                0x08001518       0x30 build/tasks.o
 .text.xTaskCreate
                0x08001548       0x62 build/tasks.o
                0x08001548                xTaskCreate
 *fill*         0x080015aa        0x2 
 .text.vTaskStartScheduler
                0x080015ac       0x84 build/tasks.o
                0x080015ac                vTaskStartScheduler
 .text.vTaskSuspendAll
                0x08001630       0x10 build/tasks.o
                0x08001630                vTaskSuspendAll
 .text.xTaskGetTickCount
                0x08001640        0xc build/tasks.o
                0x08001640                xTaskGetTickCount
 .text.xTaskIncrementTick
                0x0800164c      0x118 build/tasks.o
                0x0800164c                xTaskIncrementTick
 .text.xTaskResumeAll
                0x08001764       0xf4 build/tasks.o
                0x08001764                xTaskResumeAll
 .text.vTaskDelay
                0x08001858       0x4c build/tasks.o
                0x08001858                vTaskDelay
 .text.vTaskSwitchContext
                0x080018a4       0xc8 build/tasks.o
                0x080018a4                vTaskSwitchContext
 .text.vTaskPlaceOnEventList
                0x0800196c       0x30 build/tasks.o
                0x0800196c                vTaskPlaceOnEventList
 .text.vTaskPlaceOnEventListRestricted
                0x0800199c       0x38 build/tasks.o
                0x0800199c                vTaskPlaceOnEventListRestricted
 .text.xTaskRemoveFromEventList
                0x080019d4       0x8c build/tasks.o
                0x080019d4                xTaskRemoveFromEventList
 .text.vTaskInternalSetTimeOutState
                0x08001a60       0x18 build/tasks.o
                0x08001a60                vTaskInternalSetTimeOutState
 .text.xTaskCheckForTimeOut
                0x08001a78       0x80 build/tasks.o
                0x08001a78                xTaskCheckForTimeOut
 .text.vTaskMissedYield
                0x08001af8        0xc build/tasks.o
                0x08001af8                vTaskMissedYield
 .text.xTaskGetSchedulerState
                0x08001b04       0x20 build/tasks.o
                0x08001b04                xTaskGetSchedulerState
 .text.xTaskPriorityDisinherit
                0x08001b24       0xb0 build/tasks.o
                0x08001b24                xTaskPriorityDisinherit
 .text.prvGetNextExpireTime
                0x08001bd4       0x20 build/timers.o
 .text.prvInsertTimerInActiveList
                0x08001bf4       0x48 build/timers.o
 .text.prvCheckForValidListAndQueue
                0x08001c3c       0x5c build/timers.o
 .text.xTimerCreateTimerTask
                0x08001c98       0x50 build/timers.o
                0x08001c98                xTimerCreateTimerTask
 .text.xTimerGenericCommand
                0x08001ce8       0x6c build/timers.o
                0x08001ce8                xTimerGenericCommand
 .text.prvSwitchTimerLists
                0x08001d54       0x78 build/timers.o
 .text.prvSampleTimeNow
                0x08001dcc       0x2c build/timers.o
 .text.prvProcessExpiredTimer
                0x08001df8       0x60 build/timers.o
 .text.prvProcessTimerOrBlockTask
                0x08001e58       0x74 build/timers.o
 .text.prvProcessReceivedCommands
                0x08001ecc       0xe0 build/timers.o
 .text.prvTimerTask
                0x08001fac       0x16 build/timers.o
 *fill*         0x08001fc2        0x2 
 .text.Reset_Handler
                0x08001fc4       0x4c build/startup_stm32f411xe.o
                0x08001fc4                Reset_Handler
 .text.Default_Handler
                0x08002010        0x2 build/startup_stm32f411xe.o
                0x08002010                RTC_Alarm_IRQHandler
                0x08002010                EXTI2_IRQHandler
                0x08002010                SPI4_IRQHandler
                0x08002010                TIM1_CC_IRQHandler
                0x08002010                DMA2_Stream5_IRQHandler
                0x08002010                DMA1_Stream5_IRQHandler
                0x08002010                PVD_IRQHandler
                0x08002010                SDIO_IRQHandler
                0x08002010                TAMP_STAMP_IRQHandler
                0x08002010                EXTI3_IRQHandler
                0x08002010                TIM1_UP_TIM10_IRQHandler
                0x08002010                I2C3_ER_IRQHandler
                0x08002010                EXTI0_IRQHandler
                0x08002010                I2C2_EV_IRQHandler
                0x08002010                DMA1_Stream2_IRQHandler
                0x08002010                FPU_IRQHandler
                0x08002010                DMA2_Stream2_IRQHandler
                0x08002010                SPI1_IRQHandler
                0x08002010                TIM1_BRK_TIM9_IRQHandler
                0x08002010                DMA2_Stream3_IRQHandler
                0x08002010                USART6_IRQHandler
                0x08002010                DMA2_Stream0_IRQHandler
                0x08002010                TIM4_IRQHandler
                0x08002010                I2C1_EV_IRQHandler
                0x08002010                DMA1_Stream6_IRQHandler
                0x08002010                DMA1_Stream1_IRQHandler
                0x08002010                TIM3_IRQHandler
                0x08002010                RCC_IRQHandler
                0x08002010                Default_Handler
                0x08002010                EXTI15_10_IRQHandler
                0x08002010                ADC_IRQHandler
                0x08002010                DMA1_Stream7_IRQHandler
                0x08002010                SPI5_IRQHandler
                0x08002010                TIM5_IRQHandler
                0x08002010                DMA2_Stream7_IRQHandler
                0x08002010                I2C3_EV_IRQHandler
                0x08002010                EXTI9_5_IRQHandler
                0x08002010                RTC_WKUP_IRQHandler
                0x08002010                SPI2_IRQHandler
                0x08002010                DMA1_Stream0_IRQHandler
                0x08002010                EXTI4_IRQHandler
                0x08002010                WWDG_IRQHandler
                0x08002010                TIM2_IRQHandler
                0x08002010                OTG_FS_WKUP_IRQHandler
                0x08002010                TIM1_TRG_COM_TIM11_IRQHandler
                0x08002010                EXTI1_IRQHandler
                0x08002010                USART2_IRQHandler
                0x08002010                I2C2_ER_IRQHandler
                0x08002010                DMA2_Stream1_IRQHandler
                0x08002010                FLASH_IRQHandler
                0x08002010                DMA2_Stream4_IRQHandler
                0x08002010                OTG_FS_IRQHandler
                0x08002010                SPI3_IRQHandler
                0x08002010                DMA1_Stream4_IRQHandler
                0x08002010                I2C1_ER_IRQHandler
                0x08002010                DMA2_Stream6_IRQHandler
                0x08002010                DMA1_Stream3_IRQHandler
 *fill*         0x08002012        0x2 
 .text.__libc_init_array
                0x08002014       0x48 c:/tools/gcc7_2017-q4-major/bin/../lib/gcc/arm-none-eabi/7.2.1/../../../../arm-none-eabi/lib/thumb/v7e-m/fpv4-sp/hard\libc_nano.a(lib_a-init.o)
                0x08002014                __libc_init_array
 .text.memcpy   0x0800205c       0x16 c:/tools/gcc7_2017-q4-major/bin/../lib/gcc/arm-none-eabi/7.2.1/../../../../arm-none-eabi/lib/thumb/v7e-m/fpv4-sp/hard\libc_nano.a(lib_a-memcpy-stub.o)
                0x0800205c                memcpy
 .text.memset   0x08002072       0x10 c:/tools/gcc7_2017-q4-major/bin/../lib/gcc/arm-none-eabi/7.2.1/../../../../arm-none-eabi/lib/thumb/v7e-m/fpv4-sp/hard\libc_nano.a(lib_a-memset.o)
                0x08002072                memset
 *(.glue_7)
 .glue_7        0x08002082        0x0 linker stubs
 *(.glue_7t)
 .glue_7t       0x08002082        0x0 linker stubs
 *(.eh_frame)
 *fill*         0x08002082        0x2 
 .eh_frame      0x08002084        0x0 c:/tools/gcc7_2017-q4-major/bin/../lib/gcc/arm-none-eabi/7.2.1/thumb/v7e-m/fpv4-sp/hard/crtbegin.o
 *(.init)
 .init          0x08002084        0x4 c:/tools/gcc7_2017-q4-major/bin/../lib/gcc/arm-none-eabi/7.2.1/thumb/v7e-m/fpv4-sp/hard/crti.o
                0x08002084                _init
 .init          0x08002088        0x8 c:/tools/gcc7_2017-q4-major/bin/../lib/gcc/arm-none-eabi/7.2.1/thumb/v7e-m/fpv4-sp/hard/crtn.o
 *(.fini)
 .fini          0x08002090        0x4 c:/tools/gcc7_2017-q4-major/bin/../lib/gcc/arm-none-eabi/7.2.1/thumb/v7e-m/fpv4-sp/hard/crti.o
                0x08002090                _fini
 .fini          0x08002094        0x8 c:/tools/gcc7_2017-q4-major/bin/../lib/gcc/arm-none-eabi/7.2.1/thumb/v7e-m/fpv4-sp/hard/crtn.o
                0x0800209c                . = ALIGN (0x4)
                0x0800209c                _etext = .

.vfp11_veneer   0x0800209c        0x0
 .vfp11_veneer  0x0800209c        0x0 linker stubs

.v4_bx          0x0800209c        0x0
 .v4_bx         0x0800209c        0x0 linker stubs

.iplt           0x0800209c        0x0
 .iplt          0x0800209c        0x0 c:/tools/gcc7_2017-q4-major/bin/../lib/gcc/arm-none-eabi/7.2.1/thumb/v7e-m/fpv4-sp/hard/crtbegin.o

.rodata         0x0800209c       0x30
                0x0800209c                . = ALIGN (0x4)
 *(.rodata)
 *(.rodata*)
 .rodata.main.str1.4
                0x0800209c       0x17 build/main.o
 *fill*         0x080020b3        0x1 
 .rodata.vTaskStartScheduler.str1.4
                0x080020b4        0x5 build/tasks.o
 *fill*         0x080020b9        0x3 
 .rodata.prvCheckForValidListAndQueue.str1.4
                0x080020bc        0x5 build/timers.o
 *fill*         0x080020c1        0x3 
 .rodata.xTimerCreateTimerTask.str1.4
                0x080020c4        0x8 build/timers.o
                0x080020cc                . = ALIGN (0x4)

.rel.dyn        0x080020cc        0x0
 .rel.iplt      0x080020cc        0x0 c:/tools/gcc7_2017-q4-major/bin/../lib/gcc/arm-none-eabi/7.2.1/thumb/v7e-m/fpv4-sp/hard/crtbegin.o

.ARM.extab
 *(.ARM.extab* .gnu.linkonce.armextab.*)

.ARM            0x080020cc        0x0
                0x080020cc                __exidx_start = .
 *(.ARM.exidx*)
                0x080020cc                __exidx_end = .

.preinit_array  0x080020cc        0x0
                0x080020cc                PROVIDE (__preinit_array_start, .)
 *(.preinit_array*)
                0x080020cc                PROVIDE (__preinit_array_end, .)

.init_array     0x080020cc        0x4
                0x080020cc                PROVIDE (__init_array_start, .)
 *(SORT_BY_NAME(.init_array.*))
 *(.init_array*)
 .init_array    0x080020cc        0x4 c:/tools/gcc7_2017-q4-major/bin/../lib/gcc/arm-none-eabi/7.2.1/thumb/v7e-m/fpv4-sp/hard/crtbegin.o
                0x080020d0                PROVIDE (__init_array_end, .)

.fini_array     0x080020d0        0x4
                [!provide]                PROVIDE (__fini_array_start, .)
 *(SORT_BY_NAME(.fini_array.*))
 *(.fini_array*)
 .fini_array    0x080020d0        0x4 c:/tools/gcc7_2017-q4-major/bin/../lib/gcc/arm-none-eabi/7.2.1/thumb/v7e-m/fpv4-sp/hard/crtbegin.o
                [!provide]                PROVIDE (__fini_array_end, .)
                0x080020d4                _sidata = LOADADDR (.data)

.data           0x20000000        0x4 load address 0x080020d4
                0x20000000                . = ALIGN (0x4)
                0x20000000                _sdata = .
 *(.data)
 *(.data*)
 .data.uxCriticalNesting
                0x20000000        0x4 build/port.o
                0x20000004                . = ALIGN (0x4)
                0x20000004                _edata = .

.igot.plt       0x20000004        0x0 load address 0x080020d8
 .igot.plt      0x20000004        0x0 c:/tools/gcc7_2017-q4-major/bin/../lib/gcc/arm-none-eabi/7.2.1/thumb/v7e-m/fpv4-sp/hard/crtbegin.o
                0x20000004                . = ALIGN (0x4)

.bss            0x20000004    0x12dd0 load address 0x080020d8
                0x20000004                _sbss = .
                0x20000004                __bss_start__ = _sbss
 *(.bss)
 .bss           0x20000004       0x1c c:/tools/gcc7_2017-q4-major/bin/../lib/gcc/arm-none-eabi/7.2.1/thumb/v7e-m/fpv4-sp/hard/crtbegin.o
 *(.bss*)
 .bss.pxEnd     0x20000020        0x4 build/heap_4.o
 .bss.ucHeap    0x20000024    0x12c00 build/heap_4.o
 .bss.xBlockAllocatedBit
                0x20012c24        0x4 build/heap_4.o
 .bss.xFreeBytesRemaining
                0x20012c28        0x4 build/heap_4.o
 .bss.xMinimumEverFreeBytesRemaining
                0x20012c2c        0x4 build/heap_4.o
 .bss.xStart    0x20012c30        0x8 build/heap_4.o
 .bss.ucMaxSysCallPriority
                0x20012c38        0x1 build/port.o
 *fill*         0x20012c39        0x3 
 .bss.ulMaxPRIGROUPValue
                0x20012c3c        0x4 build/port.o
 .bss.pxCurrentTCB
                0x20012c40        0x4 build/tasks.o
                0x20012c40                pxCurrentTCB
 .bss.pxDelayedTaskList
                0x20012c44        0x4 build/tasks.o
 .bss.pxOverflowDelayedTaskList
                0x20012c48        0x4 build/tasks.o
 .bss.pxReadyTasksLists
                0x20012c4c       0x78 build/tasks.o
 .bss.uxCurrentNumberOfTasks
                0x20012cc4        0x4 build/tasks.o
 .bss.uxDeletedTasksWaitingCleanUp
                0x20012cc8        0x4 build/tasks.o
 .bss.uxPendedTicks
                0x20012ccc        0x4 build/tasks.o
 .bss.uxSchedulerSuspended
                0x20012cd0        0x4 build/tasks.o
 .bss.uxTaskNumber
                0x20012cd4        0x4 build/tasks.o
 .bss.uxTopReadyPriority
                0x20012cd8        0x4 build/tasks.o
 .bss.xDelayedTaskList1
                0x20012cdc       0x14 build/tasks.o
 .bss.xDelayedTaskList2
                0x20012cf0       0x14 build/tasks.o
 .bss.xIdleTaskHandle
                0x20012d04        0x4 build/tasks.o
 .bss.xNextTaskUnblockTime
                0x20012d08        0x4 build/tasks.o
 .bss.xNumOfOverflows
                0x20012d0c        0x4 build/tasks.o
 .bss.xPendingReadyList
                0x20012d10       0x14 build/tasks.o
 .bss.xSchedulerRunning
                0x20012d24        0x4 build/tasks.o
 .bss.xSuspendedTaskList
                0x20012d28       0x14 build/tasks.o
 .bss.xTasksWaitingTermination
                0x20012d3c       0x14 build/tasks.o
 .bss.xTickCount
                0x20012d50        0x4 build/tasks.o
 .bss.xYieldPending
                0x20012d54        0x4 build/tasks.o
 .bss.pxCurrentTimerList
                0x20012d58        0x4 build/timers.o
 .bss.pxOverflowTimerList
                0x20012d5c        0x4 build/timers.o
 .bss.xActiveTimerList1
                0x20012d60       0x14 build/timers.o
 .bss.xActiveTimerList2
                0x20012d74       0x14 build/timers.o
 .bss.xLastTime.6697
                0x20012d88        0x4 build/timers.o
 .bss.xTimerQueue
                0x20012d8c        0x4 build/timers.o
 .bss.xTimerTaskHandle
                0x20012d90        0x4 build/timers.o
 *(COMMON)
 COMMON         0x20012d94       0x40 build/queue.o
                0x20012d94                xQueueRegistry
                0x20012dd4                . = ALIGN (0x4)
                0x20012dd4                _ebss = .
                0x20012dd4                __bss_end__ = _ebss

._user_heap_stack
                0x20012dd4      0x604 load address 0x080020d8
                0x20012dd8                . = ALIGN (0x8)
 *fill*         0x20012dd4        0x4 
                [!provide]                PROVIDE (end, .)
                [!provide]                PROVIDE (_end, .)
                0x20012fd8                . = (. + _Min_Heap_Size)
 *fill*         0x20012dd8      0x200 
                0x200133d8                . = (. + _Min_Stack_Size)
 *fill*         0x20012fd8      0x400 
                0x200133d8                . = ALIGN (0x8)

/DISCARD/
 libc.a(*)
 libm.a(*)
 libgcc.a(*)

.ARM.attributes
                0x00000000       0x30
 *(.ARM.attributes)
 .ARM.attributes
                0x00000000       0x22 c:/tools/gcc7_2017-q4-major/bin/../lib/gcc/arm-none-eabi/7.2.1/thumb/v7e-m/fpv4-sp/hard/crti.o
 .ARM.attributes
                0x00000022       0x34 c:/tools/gcc7_2017-q4-major/bin/../lib/gcc/arm-none-eabi/7.2.1/thumb/v7e-m/fpv4-sp/hard/crtbegin.o
 .ARM.attributes
                0x00000056       0x39 build/main.o
 .ARM.attributes
                0x0000008f       0x39 build/stm32f4xx_it.o
 .ARM.attributes
                0x000000c8       0x39 build/gpio.o
 .ARM.attributes
                0x00000101       0x39 build/clock.o
 .ARM.attributes
                0x0000013a       0x39 build/heap_4.o
 .ARM.attributes
                0x00000173       0x39 build/port.o
 .ARM.attributes
                0x000001ac       0x39 build/list.o
 .ARM.attributes
                0x000001e5       0x39 build/queue.o
 .ARM.attributes
                0x0000021e       0x39 build/tasks.o
 .ARM.attributes
                0x00000257       0x39 build/timers.o
 .ARM.attributes
                0x00000290       0x21 build/startup_stm32f411xe.o
 .ARM.attributes
                0x000002b1       0x34 c:/tools/gcc7_2017-q4-major/bin/../lib/gcc/arm-none-eabi/7.2.1/../../../../arm-none-eabi/lib/thumb/v7e-m/fpv4-sp/hard\libc_nano.a(lib_a-init.o)
 .ARM.attributes
                0x000002e5       0x34 c:/tools/gcc7_2017-q4-major/bin/../lib/gcc/arm-none-eabi/7.2.1/../../../../arm-none-eabi/lib/thumb/v7e-m/fpv4-sp/hard\libc_nano.a(lib_a-memcpy-stub.o)
 .ARM.attributes
                0x00000319       0x34 c:/tools/gcc7_2017-q4-major/bin/../lib/gcc/arm-none-eabi/7.2.1/../../../../arm-none-eabi/lib/thumb/v7e-m/fpv4-sp/hard\libc_nano.a(lib_a-memset.o)
 .ARM.attributes
                0x0000034d       0x22 c:/tools/gcc7_2017-q4-major/bin/../lib/gcc/arm-none-eabi/7.2.1/thumb/v7e-m/fpv4-sp/hard/crtn.o
OUTPUT(build/freertos_temple.elf elf32-littlearm)

.debug_info     0x00000000     0xac08
 .debug_info    0x00000000      0xedb build/main.o
 .debug_info    0x00000edb      0x37f build/stm32f4xx_it.o
 .debug_info    0x0000125a      0x1ec build/gpio.o
 .debug_info    0x00001446       0xeb build/clock.o
 .debug_info    0x00001531      0xdc2 build/heap_4.o
 .debug_info    0x000022f3      0x59f build/port.o
 .debug_info    0x00002892      0xbd4 build/list.o
 .debug_info    0x00003466     0x2955 build/queue.o
 .debug_info    0x00005dbb     0x33cb build/tasks.o
 .debug_info    0x00009186     0x1a60 build/timers.o
 .debug_info    0x0000abe6       0x22 build/startup_stm32f411xe.o

.debug_abbrev   0x00000000     0x17c8
 .debug_abbrev  0x00000000      0x281 build/main.o
 .debug_abbrev  0x00000281       0xf0 build/stm32f4xx_it.o
 .debug_abbrev  0x00000371       0xd2 build/gpio.o
 .debug_abbrev  0x00000443       0x6b build/clock.o
 .debug_abbrev  0x000004ae      0x340 build/heap_4.o
 .debug_abbrev  0x000007ee      0x246 build/port.o
 .debug_abbrev  0x00000a34      0x21e build/list.o
 .debug_abbrev  0x00000c52      0x3f4 build/queue.o
 .debug_abbrev  0x00001046      0x41c build/tasks.o
 .debug_abbrev  0x00001462      0x354 build/timers.o
 .debug_abbrev  0x000017b6       0x12 build/startup_stm32f411xe.o

.debug_loc      0x00000000     0x4c73
 .debug_loc     0x00000000       0xfa build/main.o
 .debug_loc     0x000000fa       0x9c build/stm32f4xx_it.o
 .debug_loc     0x00000196      0x1d5 build/gpio.o
 .debug_loc     0x0000036b      0x104 build/clock.o
 .debug_loc     0x0000046f      0x332 build/heap_4.o
 .debug_loc     0x000007a1      0x160 build/port.o
 .debug_loc     0x00000901       0x9c build/list.o
 .debug_loc     0x0000099d     0x1549 build/queue.o
 .debug_loc     0x00001ee6     0x2134 build/tasks.o
 .debug_loc     0x0000401a      0xc59 build/timers.o

.debug_aranges  0x00000000      0x630
 .debug_aranges
                0x00000000       0x60 build/main.o
 .debug_aranges
                0x00000060       0x60 build/stm32f4xx_it.o
 .debug_aranges
                0x000000c0       0x38 build/gpio.o
 .debug_aranges
                0x000000f8       0x20 build/clock.o
 .debug_aranges
                0x00000118       0x50 build/heap_4.o
 .debug_aranges
                0x00000168       0x80 build/port.o
 .debug_aranges
                0x000001e8       0x40 build/list.o
 .debug_aranges
                0x00000228      0x130 build/queue.o
 .debug_aranges
                0x00000358      0x1e8 build/tasks.o
 .debug_aranges
                0x00000540       0xc8 build/timers.o
 .debug_aranges
                0x00000608       0x28 build/startup_stm32f411xe.o

.debug_ranges   0x00000000      0x750
 .debug_ranges  0x00000000       0x50 build/main.o
 .debug_ranges  0x00000050       0x50 build/stm32f4xx_it.o
 .debug_ranges  0x000000a0       0x28 build/gpio.o
 .debug_ranges  0x000000c8       0x10 build/clock.o
 .debug_ranges  0x000000d8       0x40 build/heap_4.o
 .debug_ranges  0x00000118       0x70 build/port.o
 .debug_ranges  0x00000188       0x30 build/list.o
 .debug_ranges  0x000001b8      0x200 build/queue.o
 .debug_ranges  0x000003b8      0x2c0 build/tasks.o
 .debug_ranges  0x00000678       0xb8 build/timers.o
 .debug_ranges  0x00000730       0x20 build/startup_stm32f411xe.o

.debug_line     0x00000000     0x2a96
 .debug_line    0x00000000      0x2fa build/main.o
 .debug_line    0x000002fa      0x14a build/stm32f4xx_it.o
 .debug_line    0x00000444       0xfc build/gpio.o
 .debug_line    0x00000540      0x11f build/clock.o
 .debug_line    0x0000065f      0x32b build/heap_4.o
 .debug_line    0x0000098a      0x2cd build/port.o
 .debug_line    0x00000c57      0x25b build/list.o
 .debug_line    0x00000eb2      0x973 build/queue.o
 .debug_line    0x00001825      0xd2a build/tasks.o
 .debug_line    0x0000254f      0x4d4 build/timers.o
 .debug_line    0x00002a23       0x73 build/startup_stm32f411xe.o

.debug_str      0x00000000     0x284a
 .debug_str     0x00000000      0xa3f build/main.o
                                0xaa6 (size before relaxing)
 .debug_str     0x00000a3f       0xa6 build/stm32f4xx_it.o
                                0x60f (size before relaxing)
 .debug_str     0x00000ae5       0x7c build/gpio.o
                                0x201 (size before relaxing)
 .debug_str     0x00000b61       0x7d build/clock.o
                                0x1b0 (size before relaxing)
 .debug_str     0x00000bde      0x23a build/heap_4.o
                                0x7df (size before relaxing)
 .debug_str     0x00000e18      0x27e build/port.o
                                0x45f (size before relaxing)
 .debug_str     0x00001096      0x12c build/list.o
                                0x6d9 (size before relaxing)
 .debug_str     0x000011c2      0x76c build/queue.o
                                0xecf (size before relaxing)
 .debug_str     0x0000192e      0xab8 build/tasks.o
                               0x154b (size before relaxing)
 .debug_str     0x000023e6      0x43f build/timers.o
                                0xc9d (size before relaxing)
 .debug_str     0x00002825       0x25 build/startup_stm32f411xe.o
                                 0x5d (size before relaxing)

.comment        0x00000000       0x7e
 .comment       0x00000000       0x7e build/main.o
                                 0x7f (size before relaxing)
 .comment       0x0000007e       0x7f build/stm32f4xx_it.o
 .comment       0x0000007e       0x7f build/gpio.o
 .comment       0x0000007e       0x7f build/clock.o
 .comment       0x0000007e       0x7f build/heap_4.o
 .comment       0x0000007e       0x7f build/port.o
 .comment       0x0000007e       0x7f build/list.o
 .comment       0x0000007e       0x7f build/queue.o
 .comment       0x0000007e       0x7f build/tasks.o
 .comment       0x0000007e       0x7f build/timers.o

.debug_frame    0x00000000     0x126c
 .debug_frame   0x00000000       0xe8 build/main.o
 .debug_frame   0x000000e8       0xa0 build/stm32f4xx_it.o
 .debug_frame   0x00000188       0x6c build/gpio.o
 .debug_frame   0x000001f4       0x38 build/clock.o
 .debug_frame   0x0000022c       0xbc build/heap_4.o
 .debug_frame   0x000002e8      0x104 build/port.o
 .debug_frame   0x000003ec       0x70 build/list.o
 .debug_frame   0x0000045c      0x42c build/queue.o
 .debug_frame   0x00000888      0x6d8 build/tasks.o
 .debug_frame   0x00000f60      0x298 build/timers.o
 .debug_frame   0x000011f8       0x2c c:/tools/gcc7_2017-q4-major/bin/../lib/gcc/arm-none-eabi/7.2.1/../../../../arm-none-eabi/lib/thumb/v7e-m/fpv4-sp/hard\libc_nano.a(lib_a-init.o)
 .debug_frame   0x00001224       0x28 c:/tools/gcc7_2017-q4-major/bin/../lib/gcc/arm-none-eabi/7.2.1/../../../../arm-none-eabi/lib/thumb/v7e-m/fpv4-sp/hard\libc_nano.a(lib_a-memcpy-stub.o)
 .debug_frame   0x0000124c       0x20 c:/tools/gcc7_2017-q4-major/bin/../lib/gcc/arm-none-eabi/7.2.1/../../../../arm-none-eabi/lib/thumb/v7e-m/fpv4-sp/hard\libc_nano.a(lib_a-memset.o)

Cross Reference Table

Symbol                                            File
ADC_IRQHandler                                    build/startup_stm32f411xe.o
BusFault_Handler                                  build/stm32f4xx_it.o
DMA1_Stream0_IRQHandler                           build/startup_stm32f411xe.o
DMA1_Stream1_IRQHandler                           build/startup_stm32f411xe.o
DMA1_Stream2_IRQHandler                           build/startup_stm32f411xe.o
DMA1_Stream3_IRQHandler                           build/startup_stm32f411xe.o
DMA1_Stream4_IRQHandler                           build/startup_stm32f411xe.o
DMA1_Stream5_IRQHandler                           build/startup_stm32f411xe.o
DMA1_Stream6_IRQHandler                           build/startup_stm32f411xe.o
DMA1_Stream7_IRQHandler                           build/startup_stm32f411xe.o
DMA2_Stream0_IRQHandler                           build/startup_stm32f411xe.o
DMA2_Stream1_IRQHandler                           build/startup_stm32f411xe.o
DMA2_Stream2_IRQHandler                           build/startup_stm32f411xe.o
DMA2_Stream3_IRQHandler                           build/startup_stm32f411xe.o
DMA2_Stream4_IRQHandler                           build/startup_stm32f411xe.o
DMA2_Stream5_IRQHandler                           build/startup_stm32f411xe.o
DMA2_Stream6_IRQHandler                           build/startup_stm32f411xe.o
DMA2_Stream7_IRQHandler                           build/startup_stm32f411xe.o
DebugMon_Handler                                  build/stm32f4xx_it.o
Default_Handler                                   build/startup_stm32f411xe.o
EXTI0_IRQHandler                                  build/startup_stm32f411xe.o
EXTI15_10_IRQHandler                              build/startup_stm32f411xe.o
EXTI1_IRQHandler                                  build/startup_stm32f411xe.o
EXTI2_IRQHandler                                  build/startup_stm32f411xe.o
EXTI3_IRQHandler                                  build/startup_stm32f411xe.o
EXTI4_IRQHandler                                  build/startup_stm32f411xe.o
EXTI9_5_IRQHandler                                build/startup_stm32f411xe.o
FLASH_IRQHandler                                  build/startup_stm32f411xe.o
FPU_IRQHandler                                    build/startup_stm32f411xe.o
GPIO_TongglePin                                   build/gpio.o
                                                  build/main.o
HardFault_Handler                                 build/stm32f4xx_it.o
I2C1_ER_IRQHandler                                build/startup_stm32f411xe.o
I2C1_EV_IRQHandler                                build/startup_stm32f411xe.o
I2C2_ER_IRQHandler                                build/startup_stm32f411xe.o
I2C2_EV_IRQHandler                                build/startup_stm32f411xe.o
I2C3_ER_IRQHandler                                build/startup_stm32f411xe.o
I2C3_EV_IRQHandler                                build/startup_stm32f411xe.o
MemManage_Handler                                 build/stm32f4xx_it.o
NMI_Handler                                       build/stm32f4xx_it.o
OTG_FS_IRQHandler                                 build/startup_stm32f411xe.o
OTG_FS_WKUP_IRQHandler                            build/startup_stm32f411xe.o
PVD_IRQHandler                                    build/startup_stm32f411xe.o
PendSV_Handler                                    build/port.o
RCC_IRQHandler                                    build/startup_stm32f411xe.o
RTC_Alarm_IRQHandler                              build/startup_stm32f411xe.o
RTC_WKUP_IRQHandler                               build/startup_stm32f411xe.o
Reset_Handler                                     build/startup_stm32f411xe.o
SDIO_IRQHandler                                   build/startup_stm32f411xe.o
SPI1_IRQHandler                                   build/startup_stm32f411xe.o
SPI2_IRQHandler                                   build/startup_stm32f411xe.o
SPI3_IRQHandler                                   build/startup_stm32f411xe.o
SPI4_IRQHandler                                   build/startup_stm32f411xe.o
SPI5_IRQHandler                                   build/startup_stm32f411xe.o
SVC_Handler                                       build/port.o
SysTick_Handler                                   build/port.o
TAMP_STAMP_IRQHandler                             build/startup_stm32f411xe.o
TIM1_BRK_TIM9_IRQHandler                          build/startup_stm32f411xe.o
TIM1_CC_IRQHandler                                build/startup_stm32f411xe.o
TIM1_TRG_COM_TIM11_IRQHandler                     build/startup_stm32f411xe.o
TIM1_UP_TIM10_IRQHandler                          build/startup_stm32f411xe.o
TIM2_IRQHandler                                   build/startup_stm32f411xe.o
TIM3_IRQHandler                                   build/startup_stm32f411xe.o
TIM4_IRQHandler                                   build/startup_stm32f411xe.o
TIM5_IRQHandler                                   build/startup_stm32f411xe.o
USART1_IRQHandler                                 build/stm32f4xx_it.o
USART2_IRQHandler                                 build/startup_stm32f411xe.o
USART6_IRQHandler                                 build/startup_stm32f411xe.o
UsageFault_Handler                                build/stm32f4xx_it.o
WWDG_IRQHandler                                   build/startup_stm32f411xe.o
__adddf3                                          c:/tools/gcc7_2017-q4-major/bin/../lib/gcc/arm-none-eabi/7.2.1/thumb/v7e-m/fpv4-sp/hard\libgcc.a(_arm_addsubdf3.o)
__aeabi_d2f                                       c:/tools/gcc7_2017-q4-major/bin/../lib/gcc/arm-none-eabi/7.2.1/thumb/v7e-m/fpv4-sp/hard\libgcc.a(_arm_truncdfsf2.o)
                                                  build/uart.o
__aeabi_dadd                                      c:/tools/gcc7_2017-q4-major/bin/../lib/gcc/arm-none-eabi/7.2.1/thumb/v7e-m/fpv4-sp/hard\libgcc.a(_arm_addsubdf3.o)
__aeabi_ddiv                                      c:/tools/gcc7_2017-q4-major/bin/../lib/gcc/arm-none-eabi/7.2.1/thumb/v7e-m/fpv4-sp/hard\libgcc.a(_arm_muldivdf3.o)
                                                  build/uart.o
__aeabi_dmul                                      c:/tools/gcc7_2017-q4-major/bin/../lib/gcc/arm-none-eabi/7.2.1/thumb/v7e-m/fpv4-sp/hard\libgcc.a(_arm_muldivdf3.o)
                                                  build/uart.o
__aeabi_drsub                                     c:/tools/gcc7_2017-q4-major/bin/../lib/gcc/arm-none-eabi/7.2.1/thumb/v7e-m/fpv4-sp/hard\libgcc.a(_arm_addsubdf3.o)
__aeabi_dsub                                      c:/tools/gcc7_2017-q4-major/bin/../lib/gcc/arm-none-eabi/7.2.1/thumb/v7e-m/fpv4-sp/hard\libgcc.a(_arm_addsubdf3.o)
__aeabi_f2d                                       c:/tools/gcc7_2017-q4-major/bin/../lib/gcc/arm-none-eabi/7.2.1/thumb/v7e-m/fpv4-sp/hard\libgcc.a(_arm_addsubdf3.o)
__aeabi_i2d                                       c:/tools/gcc7_2017-q4-major/bin/../lib/gcc/arm-none-eabi/7.2.1/thumb/v7e-m/fpv4-sp/hard\libgcc.a(_arm_addsubdf3.o)
__aeabi_l2d                                       c:/tools/gcc7_2017-q4-major/bin/../lib/gcc/arm-none-eabi/7.2.1/thumb/v7e-m/fpv4-sp/hard\libgcc.a(_arm_addsubdf3.o)
__aeabi_ui2d                                      c:/tools/gcc7_2017-q4-major/bin/../lib/gcc/arm-none-eabi/7.2.1/thumb/v7e-m/fpv4-sp/hard\libgcc.a(_arm_addsubdf3.o)
                                                  build/uart.o
__aeabi_ul2d                                      c:/tools/gcc7_2017-q4-major/bin/../lib/gcc/arm-none-eabi/7.2.1/thumb/v7e-m/fpv4-sp/hard\libgcc.a(_arm_addsubdf3.o)
__bss_end__                                       c:/tools/gcc7_2017-q4-major/bin/../lib/gcc/arm-none-eabi/7.2.1/../../../../arm-none-eabi/lib/thumb/v7e-m/fpv4-sp/hard/crt0.o
__bss_start__                                     c:/tools/gcc7_2017-q4-major/bin/../lib/gcc/arm-none-eabi/7.2.1/../../../../arm-none-eabi/lib/thumb/v7e-m/fpv4-sp/hard/crt0.o
__call_exitprocs                                  c:/tools/gcc7_2017-q4-major/bin/../lib/gcc/arm-none-eabi/7.2.1/../../../../arm-none-eabi/lib/thumb/v7e-m/fpv4-sp/hard\libc_nano.a(lib_a-exit.o)
__deregister_frame_info                           c:/tools/gcc7_2017-q4-major/bin/../lib/gcc/arm-none-eabi/7.2.1/thumb/v7e-m/fpv4-sp/hard/crtbegin.o
__divdf3                                          c:/tools/gcc7_2017-q4-major/bin/../lib/gcc/arm-none-eabi/7.2.1/thumb/v7e-m/fpv4-sp/hard\libgcc.a(_arm_muldivdf3.o)
__dso_handle                                      c:/tools/gcc7_2017-q4-major/bin/../lib/gcc/arm-none-eabi/7.2.1/thumb/v7e-m/fpv4-sp/hard/crtbegin.o
__extendsfdf2                                     c:/tools/gcc7_2017-q4-major/bin/../lib/gcc/arm-none-eabi/7.2.1/thumb/v7e-m/fpv4-sp/hard\libgcc.a(_arm_addsubdf3.o)
__floatdidf                                       c:/tools/gcc7_2017-q4-major/bin/../lib/gcc/arm-none-eabi/7.2.1/thumb/v7e-m/fpv4-sp/hard\libgcc.a(_arm_addsubdf3.o)
__floatsidf                                       c:/tools/gcc7_2017-q4-major/bin/../lib/gcc/arm-none-eabi/7.2.1/thumb/v7e-m/fpv4-sp/hard\libgcc.a(_arm_addsubdf3.o)
__floatundidf                                     c:/tools/gcc7_2017-q4-major/bin/../lib/gcc/arm-none-eabi/7.2.1/thumb/v7e-m/fpv4-sp/hard\libgcc.a(_arm_addsubdf3.o)
__floatunsidf                                     c:/tools/gcc7_2017-q4-major/bin/../lib/gcc/arm-none-eabi/7.2.1/thumb/v7e-m/fpv4-sp/hard\libgcc.a(_arm_addsubdf3.o)
__init_array_end                                  c:/tools/gcc7_2017-q4-major/bin/../lib/gcc/arm-none-eabi/7.2.1/../../../../arm-none-eabi/lib/thumb/v7e-m/fpv4-sp/hard\libc_nano.a(lib_a-init.o)
__init_array_start                                c:/tools/gcc7_2017-q4-major/bin/../lib/gcc/arm-none-eabi/7.2.1/../../../../arm-none-eabi/lib/thumb/v7e-m/fpv4-sp/hard\libc_nano.a(lib_a-init.o)
__libc_fini_array                                 c:/tools/gcc7_2017-q4-major/bin/../lib/gcc/arm-none-eabi/7.2.1/../../../../arm-none-eabi/lib/thumb/v7e-m/fpv4-sp/hard/crt0.o
__libc_init_array                                 c:/tools/gcc7_2017-q4-major/bin/../lib/gcc/arm-none-eabi/7.2.1/../../../../arm-none-eabi/lib/thumb/v7e-m/fpv4-sp/hard\libc_nano.a(lib_a-init.o)
                                                  build/startup_stm32f411xe.o
                                                  c:/tools/gcc7_2017-q4-major/bin/../lib/gcc/arm-none-eabi/7.2.1/../../../../arm-none-eabi/lib/thumb/v7e-m/fpv4-sp/hard/crt0.o
__muldf3                                          c:/tools/gcc7_2017-q4-major/bin/../lib/gcc/arm-none-eabi/7.2.1/thumb/v7e-m/fpv4-sp/hard\libgcc.a(_arm_muldivdf3.o)
__preinit_array_end                               c:/tools/gcc7_2017-q4-major/bin/../lib/gcc/arm-none-eabi/7.2.1/../../../../arm-none-eabi/lib/thumb/v7e-m/fpv4-sp/hard\libc_nano.a(lib_a-init.o)
__preinit_array_start                             c:/tools/gcc7_2017-q4-major/bin/../lib/gcc/arm-none-eabi/7.2.1/../../../../arm-none-eabi/lib/thumb/v7e-m/fpv4-sp/hard\libc_nano.a(lib_a-init.o)
__register_frame_info                             c:/tools/gcc7_2017-q4-major/bin/../lib/gcc/arm-none-eabi/7.2.1/thumb/v7e-m/fpv4-sp/hard/crtbegin.o
__sf_fake_stderr                                  c:/tools/gcc7_2017-q4-major/bin/../lib/gcc/arm-none-eabi/7.2.1/../../../../arm-none-eabi/lib/thumb/v7e-m/fpv4-sp/hard\libc_nano.a(lib_a-impure.o)
__sf_fake_stdin                                   c:/tools/gcc7_2017-q4-major/bin/../lib/gcc/arm-none-eabi/7.2.1/../../../../arm-none-eabi/lib/thumb/v7e-m/fpv4-sp/hard\libc_nano.a(lib_a-impure.o)
__sf_fake_stdout                                  c:/tools/gcc7_2017-q4-major/bin/../lib/gcc/arm-none-eabi/7.2.1/../../../../arm-none-eabi/lib/thumb/v7e-m/fpv4-sp/hard\libc_nano.a(lib_a-impure.o)
__stack                                           c:/tools/gcc7_2017-q4-major/bin/../lib/gcc/arm-none-eabi/7.2.1/../../../../arm-none-eabi/lib/thumb/v7e-m/fpv4-sp/hard/crt0.o
__subdf3                                          c:/tools/gcc7_2017-q4-major/bin/../lib/gcc/arm-none-eabi/7.2.1/thumb/v7e-m/fpv4-sp/hard\libgcc.a(_arm_addsubdf3.o)
__truncdfsf2                                      c:/tools/gcc7_2017-q4-major/bin/../lib/gcc/arm-none-eabi/7.2.1/thumb/v7e-m/fpv4-sp/hard\libgcc.a(_arm_truncdfsf2.o)
_ebss                                             build/startup_stm32f411xe.o
_edata                                            build/startup_stm32f411xe.o
_estack                                           build/startup_stm32f411xe.o
_exit                                             c:/tools/gcc7_2017-q4-major/bin/../lib/gcc/arm-none-eabi/7.2.1/../../../../arm-none-eabi/lib/thumb/v7e-m/fpv4-sp/hard\libnosys.a(_exit.o)
                                                  c:/tools/gcc7_2017-q4-major/bin/../lib/gcc/arm-none-eabi/7.2.1/../../../../arm-none-eabi/lib/thumb/v7e-m/fpv4-sp/hard\libc_nano.a(lib_a-exit.o)
_fini                                             c:/tools/gcc7_2017-q4-major/bin/../lib/gcc/arm-none-eabi/7.2.1/thumb/v7e-m/fpv4-sp/hard/crti.o
_global_impure_ptr                                c:/tools/gcc7_2017-q4-major/bin/../lib/gcc/arm-none-eabi/7.2.1/../../../../arm-none-eabi/lib/thumb/v7e-m/fpv4-sp/hard\libc_nano.a(lib_a-impure.o)
                                                  c:/tools/gcc7_2017-q4-major/bin/../lib/gcc/arm-none-eabi/7.2.1/../../../../arm-none-eabi/lib/thumb/v7e-m/fpv4-sp/hard\libc_nano.a(lib_a-exit.o)
_impure_ptr                                       c:/tools/gcc7_2017-q4-major/bin/../lib/gcc/arm-none-eabi/7.2.1/../../../../arm-none-eabi/lib/thumb/v7e-m/fpv4-sp/hard\libc_nano.a(lib_a-impure.o)
_init                                             c:/tools/gcc7_2017-q4-major/bin/../lib/gcc/arm-none-eabi/7.2.1/thumb/v7e-m/fpv4-sp/hard/crti.o
                                                  c:/tools/gcc7_2017-q4-major/bin/../lib/gcc/arm-none-eabi/7.2.1/../../../../arm-none-eabi/lib/thumb/v7e-m/fpv4-sp/hard\libc_nano.a(lib_a-init.o)
_mainCRTStartup                                   c:/tools/gcc7_2017-q4-major/bin/../lib/gcc/arm-none-eabi/7.2.1/../../../../arm-none-eabi/lib/thumb/v7e-m/fpv4-sp/hard/crt0.o
_sbss                                             build/startup_stm32f411xe.o
_sdata                                            build/startup_stm32f411xe.o
_sidata                                           build/startup_stm32f411xe.o
_start                                            c:/tools/gcc7_2017-q4-major/bin/../lib/gcc/arm-none-eabi/7.2.1/../../../../arm-none-eabi/lib/thumb/v7e-m/fpv4-sp/hard/crt0.o
atexit                                            c:/tools/gcc7_2017-q4-major/bin/../lib/gcc/arm-none-eabi/7.2.1/../../../../arm-none-eabi/lib/thumb/v7e-m/fpv4-sp/hard/crt0.o
config_pin                                        build/main.o
eTaskGetState                                     build/tasks.o
exit                                              c:/tools/gcc7_2017-q4-major/bin/../lib/gcc/arm-none-eabi/7.2.1/../../../../arm-none-eabi/lib/thumb/v7e-m/fpv4-sp/hard\libc_nano.a(lib_a-exit.o)
                                                  c:/tools/gcc7_2017-q4-major/bin/../lib/gcc/arm-none-eabi/7.2.1/../../../../arm-none-eabi/lib/thumb/v7e-m/fpv4-sp/hard/crt0.o
g_pfnVectors                                      build/startup_stm32f411xe.o
hardware_init_hook                                c:/tools/gcc7_2017-q4-major/bin/../lib/gcc/arm-none-eabi/7.2.1/../../../../arm-none-eabi/lib/thumb/v7e-m/fpv4-sp/hard/crt0.o
init_interrupt                                    build/main.o
init_pin                                          build/gpio.o
                                                  build/main.o
led_off                                           build/gpio.o
led_on                                            build/gpio.o
mNVIC_EnableIRQ                                   build/stm32f4xx_it.o
                                                  build/main.o
mNVIC_SetPriority                                 build/stm32f4xx_it.o
                                                  build/main.o
main                                              build/main.o
                                                  build/startup_stm32f411xe.o
                                                  c:/tools/gcc7_2017-q4-major/bin/../lib/gcc/arm-none-eabi/7.2.1/../../../../arm-none-eabi/lib/thumb/v7e-m/fpv4-sp/hard/crt0.o
memcpy                                            c:/tools/gcc7_2017-q4-major/bin/../lib/gcc/arm-none-eabi/7.2.1/../../../../arm-none-eabi/lib/thumb/v7e-m/fpv4-sp/hard\libc_nano.a(lib_a-memcpy-stub.o)
                                                  build/queue.o
memset                                            c:/tools/gcc7_2017-q4-major/bin/../lib/gcc/arm-none-eabi/7.2.1/../../../../arm-none-eabi/lib/thumb/v7e-m/fpv4-sp/hard\libc_nano.a(lib_a-memset.o)
                                                  build/tasks.o
                                                  c:/tools/gcc7_2017-q4-major/bin/../lib/gcc/arm-none-eabi/7.2.1/../../../../arm-none-eabi/lib/thumb/v7e-m/fpv4-sp/hard/crt0.o
pcQueueGetName                                    build/queue.o
pcTaskGetName                                     build/tasks.o
pcTimerGetName                                    build/timers.o
pvPortMalloc                                      build/heap_4.o
                                                  build/timers.o
                                                  build/tasks.o
                                                  build/queue.o
                                                  build/event_groups.o
pvTaskIncrementMutexHeldCount                     build/tasks.o
                                                  build/queue.o
pvTimerGetTimerID                                 build/timers.o
pxCurrentTCB                                      build/tasks.o
                                                  build/port.o
pxPortInitialiseStack                             build/port.o
                                                  build/tasks.o
pxTask                                            build/main.o
pxTask_receive                                    build/main.o
rcc_enableclk                                     build/main.o
software_init_hook                                c:/tools/gcc7_2017-q4-major/bin/../lib/gcc/arm-none-eabi/7.2.1/../../../../arm-none-eabi/lib/thumb/v7e-m/fpv4-sp/hard/crt0.o
system_init                                       build/clock.o
                                                  build/main.o
taskTest1                                         build/main.o
taskTest2                                         build/main.o
uart_init                                         build/uart.o
uart_pin_init                                     build/uart.o
ucQueueGetQueueType                               build/queue.o
ulTaskNotifyTake                                  build/tasks.o
usart_dma_en                                      build/uart.o
usart_send_byte                                   build/uart.o
usart_send_string                                 build/uart.o
uxEventGroupGetNumber                             build/event_groups.o
uxListRemove                                      build/list.o
                                                  build/timers.o
                                                  build/tasks.o
uxQueueGetQueueNumber                             build/queue.o
uxQueueMessagesWaiting                            build/queue.o
uxQueueMessagesWaitingFromISR                     build/queue.o
uxQueueSpacesAvailable                            build/queue.o
uxTaskGetNumberOfTasks                            build/tasks.o
uxTaskGetSystemState                              build/tasks.o
uxTaskGetTaskNumber                               build/tasks.o
uxTaskPriorityGet                                 build/tasks.o
uxTaskPriorityGetFromISR                          build/tasks.o
uxTaskResetEventItemValue                         build/tasks.o
                                                  build/event_groups.o
uxTimerGetTimerNumber                             build/timers.o
vApplicationIdleHook                              build/main.o
                                                  build/tasks.o
vApplicationMallocFailedHook                      build/main.o
                                                  build/heap_4.o
vApplicationStackOverflowHook                     build/main.o
                                                  build/tasks.o
vEventGroupClearBitsCallback                      build/event_groups.o
vEventGroupDelete                                 build/event_groups.o
vEventGroupSetBitsCallback                        build/event_groups.o
vEventGroupSetNumber                              build/event_groups.o
vListInitialise                                   build/list.o
                                                  build/timers.o
                                                  build/tasks.o
                                                  build/queue.o
                                                  build/event_groups.o
vListInitialiseItem                               build/list.o
                                                  build/timers.o
                                                  build/tasks.o
vListInsert                                       build/list.o
                                                  build/timers.o
                                                  build/tasks.o
vListInsertEnd                                    build/list.o
                                                  build/tasks.o
vPortEndScheduler                                 build/port.o
                                                  build/tasks.o
vPortEnterCritical                                build/port.o
                                                  build/timers.o
                                                  build/tasks.o
                                                  build/queue.o
                                                  build/event_groups.o
vPortExitCritical                                 build/port.o
                                                  build/timers.o
                                                  build/tasks.o
                                                  build/queue.o
                                                  build/event_groups.o
vPortFree                                         build/heap_4.o
                                                  build/timers.o
                                                  build/tasks.o
                                                  build/queue.o
                                                  build/event_groups.o
vPortInitialiseBlocks                             build/heap_4.o
vPortSetupTimerInterrupt                          build/port.o
vPortValidateInterruptPriority                    build/port.o
                                                  build/tasks.o
                                                  build/queue.o
vQueueAddToRegistry                               build/queue.o
                                                  build/timers.o
vQueueDelete                                      build/queue.o
vQueueSetQueueNumber                              build/queue.o
vQueueUnregisterQueue                             build/queue.o
vQueueWaitForMessageRestricted                    build/queue.o
                                                  build/timers.o
vTaskDelay                                        build/tasks.o
                                                  build/main.o
vTaskDelayUntil                                   build/tasks.o
vTaskDelete                                       build/tasks.o
vTaskEndScheduler                                 build/tasks.o
vTaskGetInfo                                      build/tasks.o
vTaskInternalSetTimeOutState                      build/tasks.o
                                                  build/queue.o
vTaskMissedYield                                  build/tasks.o
                                                  build/queue.o
vTaskNotifyGiveFromISR                            build/tasks.o
vTaskPlaceOnEventList                             build/tasks.o
                                                  build/queue.o
vTaskPlaceOnEventListRestricted                   build/tasks.o
                                                  build/queue.o
vTaskPlaceOnUnorderedEventList                    build/tasks.o
                                                  build/event_groups.o
vTaskPriorityDisinheritAfterTimeout               build/tasks.o
                                                  build/queue.o
vTaskPrioritySet                                  build/tasks.o
vTaskRemoveFromUnorderedEventList                 build/tasks.o
                                                  build/event_groups.o
vTaskResume                                       build/tasks.o
vTaskSetTaskNumber                                build/tasks.o
vTaskSetTimeOutState                              build/tasks.o
vTaskStartScheduler                               build/tasks.o
                                                  build/main.o
vTaskSuspend                                      build/tasks.o
vTaskSuspendAll                                   build/tasks.o
                                                  build/timers.o
                                                  build/queue.o
                                                  build/event_groups.o
                                                  build/heap_4.o
vTaskSwitchContext                                build/tasks.o
                                                  build/port.o
vTimerSetTimerID                                  build/timers.o
vTimerSetTimerNumber                              build/timers.o
xEventGroupClearBits                              build/event_groups.o
xEventGroupCreate                                 build/event_groups.o
xEventGroupGetBitsFromISR                         build/event_groups.o
xEventGroupSetBits                                build/event_groups.o
xEventGroupSync                                   build/event_groups.o
xEventGroupWaitBits                               build/event_groups.o
xPortGetFreeHeapSize                              build/heap_4.o
xPortGetMinimumEverFreeHeapSize                   build/heap_4.o
xPortStartScheduler                               build/port.o
                                                  build/tasks.o
xQueueCreateCountingSemaphore                     build/queue.o
xQueueCreateMutex                                 build/queue.o
xQueueGenericCreate                               build/queue.o
                                                  build/timers.o
xQueueGenericReset                                build/queue.o
xQueueGenericSend                                 build/queue.o
                                                  build/timers.o
xQueueGenericSendFromISR                          build/queue.o
                                                  build/timers.o
xQueueGiveFromISR                                 build/queue.o
xQueueGiveMutexRecursive                          build/queue.o
xQueueIsQueueEmptyFromISR                         build/queue.o
xQueueIsQueueFullFromISR                          build/queue.o
xQueuePeek                                        build/queue.o
xQueuePeekFromISR                                 build/queue.o
xQueueReceive                                     build/queue.o
                                                  build/timers.o
xQueueReceiveFromISR                              build/queue.o
xQueueRegistry                                    build/queue.o
xQueueSemaphoreTake                               build/queue.o
xQueueTakeMutexRecursive                          build/queue.o
xTaskCheckForTimeOut                              build/tasks.o
                                                  build/queue.o
xTaskCreate                                       build/tasks.o
                                                  build/timers.o
                                                  build/main.o
xTaskGenericNotify                                build/tasks.o
xTaskGenericNotifyFromISR                         build/tasks.o
xTaskGetCurrentTaskHandle                         build/tasks.o
                                                  build/queue.o
xTaskGetSchedulerState                            build/tasks.o
                                                  build/timers.o
                                                  build/queue.o
                                                  build/event_groups.o
xTaskGetTickCount                                 build/tasks.o
                                                  build/timers.o
xTaskGetTickCountFromISR                          build/tasks.o
xTaskIncrementTick                                build/tasks.o
                                                  build/port.o
xTaskNotifyStateClear                             build/tasks.o
xTaskNotifyWait                                   build/tasks.o
xTaskPriorityDisinherit                           build/tasks.o
                                                  build/queue.o
xTaskPriorityInherit                              build/tasks.o
                                                  build/queue.o
xTaskRemoveFromEventList                          build/tasks.o
                                                  build/queue.o
xTaskResumeAll                                    build/tasks.o
                                                  build/timers.o
                                                  build/queue.o
                                                  build/event_groups.o
                                                  build/heap_4.o
xTaskResumeFromISR                                build/tasks.o
xTimerCreate                                      build/timers.o
xTimerCreateTimerTask                             build/timers.o
                                                  build/tasks.o
xTimerGenericCommand                              build/timers.o
xTimerGetExpiryTime                               build/timers.o
xTimerGetPeriod                                   build/timers.o
xTimerGetTimerDaemonTaskHandle                    build/timers.o
xTimerIsTimerActive                               build/timers.o
